PARTS "p01_m09";
	LIGHT_FLAG 0,0;
	MOVE_FLAG 1,1,1,1;
	PIECE "m09g01-m.mds",1;
		PIECE_NAME "m09g01-m0";
		PIECE_POS 0,0,0;
		PIECE_ROT 0,0,0;
		PIECE_SCALE 1,1,1;
		PIECE_COL_TYPE 0,0;
		PIECE_TIME 0,0;
	PIECE_END;
	PIECE "m09g01-a.mds",1;
		PIECE_NAME "m09g01-a0";
		PIECE_POS 0,0,0;
		PIECE_ROT 0,0,0;
		PIECE_SCALE 1,1,1;
		PIECE_COL_TYPE 0,0;
		PIECE_TIME 0,0;
	PIECE_END;
	PIECE "m09g01-c.mds",1;
		PIECE_NAME "m09g01-c0";
		PIECE_POS 0,0,0;
		PIECE_ROT 0,0,0;
		PIECE_SCALE 1,1,1;
		PIECE_COL_TYPE 0,0;
		PIECE_TIME 0,0;
	PIECE_END;
	PIECE "m09h03-m.mds",1;
		PIECE_NAME "m09h03-m0";
		PIECE_POS 0,0,0;
		PIECE_ROT 0,0,0;
		PIECE_SCALE 1,1,1;
		PIECE_COL_TYPE 0,0;
		PIECE_TIME 0,0;
	PIECE_END;
	PIECE "m09h03-m.mds",1;
		PIECE_NAME "m09h03-m1";
		PIECE_POS 0,-7.20318,0;
		PIECE_ROT 0,0,0;
		PIECE_SCALE 1,-1,1;
		PIECE_COL_TYPE 0,0;
		PIECE_TIME 0,0;
	PIECE_END;
	PIECE "m09h01-m.mds",1;
		PIECE_NAME "m09h01-m0";
		PIECE_POS 0,0,0;
		PIECE_ROT 0,0,0;
		PIECE_SCALE 1,1,1;
		PIECE_COL_TYPE 0,0;
		PIECE_TIME 0,0;
	PIECE_END;
	PIECE "m09h02-m.mds",1;
		PIECE_NAME "m09h02-m0";
		PIECE_POS 0,0,0;
		PIECE_ROT 0,0,0;
		PIECE_SCALE 1,1,1;
		PIECE_COL_TYPE 0,0;
		PIECE_TIME 0,0;
	PIECE_END;
	PIECE "m09h05-m.mds",1;
		PIECE_NAME "m09h05-m0";
		PIECE_POS 116.141,59.504,-32.6059;
		PIECE_ROT 0,-0.08,0;
		PIECE_SCALE 1,1,1;
		PIECE_COL_TYPE 0,0;
		PIECE_TIME 0,0;
	PIECE_END;
	PIECE "m09h05-m.mds",1;
		PIECE_NAME "m09h05-m1";
		PIECE_POS -443.525,-0.440942,-232.803;
		PIECE_ROT 0,0.98,0;
		PIECE_SCALE 1,1,1;
		PIECE_COL_TYPE 0,0;
		PIECE_TIME 0,0;
	PIECE_END;
	PIECE "light-m.mds",1;
		PIECE_NAME "light-m0";
		PIECE_POS 0,0,0;
		PIECE_ROT 0,0,0;
		PIECE_SCALE 1,1,1;
		PIECE_COL_TYPE 0,0;
		PIECE_TIME 19,6;
	PIECE_END;
	FUNC_POINT 2;
		FUNC_DATA "event",1;
			FUNC_MDS 1;
			FUNC_NAME "kanban-0";
			FUNC_ID "";
			FUNC_FLAG 0, 0, 0,0;
			FUNC_EVENT_DATA "event",0,700,1301,0,0,"",1,0,1;
			FUNC_POS 93.7581,60.0873,77.5611, 0,-0.979999,0, 25,25,25;
		FUNC_DATA_END;
		FUNC_DATA "event",1;
			FUNC_MDS 1;
			FUNC_NAME "kanban-1";
			FUNC_ID "";
			FUNC_FLAG 0, 0, 0,0;
			FUNC_EVENT_DATA "event",0,700,1302,0,0,"",1,0,1;
			FUNC_POS -62.6591,0.011761,-563.919, 0,0.12,0, 25,25,25;
		FUNC_DATA_END;
	FUNC_POINT_END;
PARTS_END;

MAP_PARTS "p01_m09-0",1;
	PARTS_NAME "p01_m09";
	PARTS_GROUP "";
	PARTS_LIGHT_GROUP "";
	PARTS_POS 0,0,0;
	PARTS_ROT 0,0,0;
	PARTS_SCALE 1,1,1;
MAP_PARTS_END;

FUNC_POINT 2;
	FUNC_DATA "event",1;
		FUNC_MDS 1;
		FUNC_NAME "door2";
		FUNC_ID "";
		FUNC_FLAG 0, 0, 0,0;
		FUNC_EVENT_DATA "event",0,200,2,0,0,"m09i01",1,0,1;
		FUNC_POS 3.9051,2.26777,-547.181, 0,0,0, 30,30,30;
	FUNC_DATA_END;
	FUNC_DATA "event",1;
		FUNC_MDS 1;
		FUNC_NAME "door3";
		FUNC_ID "";
		FUNC_FLAG 0, 0, 0,0;
		FUNC_EVENT_DATA "event",0,200,3,0,1,"m09i07",1,0,1;
		FUNC_POS 16.0872,63.0253,-25.4336, 0,0,0, 30,30,30;
	FUNC_DATA_END;
FUNC_POINT_END;
