PARTS "p01_h19event";
	LIGHT_FLAG 0,0;
	MOVE_FLAG 1,1,1,1;
	FUNC_POINT 11;
		FUNC_DATA "event",1;
			FUNC_MDS 1;
			FUNC_NAME "kodai0";
			FUNC_ID "";
			FUNC_FLAG 0, 0, 0,0;
			FUNC_EVENT_DATA "event",0,1100,0,0,0,"",0,0,0;
			FUNC_POS -2973.11,200,-536.241, 0,0,0, 600,600,600;
		FUNC_DATA_END;
		FUNC_DATA "event",1;
			FUNC_MDS 1;
			FUNC_NAME "kodai1";
			FUNC_ID "";
			FUNC_FLAG 0, 0, 0,0;
			FUNC_EVENT_DATA "event",0,1100,0,0,0,"",0,0,0;
			FUNC_POS -2446.77,200,-583.205, 0,0,0, 600,600,600;
		FUNC_DATA_END;
		FUNC_DATA "event",1;
			FUNC_MDS 1;
			FUNC_NAME "kodai2";
			FUNC_ID "";
			FUNC_FLAG 0, 0, 0,0;
			FUNC_EVENT_DATA "event",0,1100,0,0,0,"",0,0,0;
			FUNC_POS -1938.2,200,-927.557, 0,0,0, 600,600,600;
		FUNC_DATA_END;
		FUNC_DATA "event",1;
			FUNC_MDS 1;
			FUNC_NAME "kodai3";
			FUNC_ID "";
			FUNC_FLAG 0, 0, 0,0;
			FUNC_EVENT_DATA "event",0,1100,0,0,0,"",0,0,0;
			FUNC_POS -1933.89,200,-1475.25, 0,0,0, 600,600,600;
		FUNC_DATA_END;
		FUNC_DATA "event",1;
			FUNC_MDS 1;
			FUNC_NAME "kodai4";
			FUNC_ID "";
			FUNC_FLAG 0, 0, 0,0;
			FUNC_EVENT_DATA "event",0,1100,0,0,0,"",0,0,0;
			FUNC_POS -2013.3,200,-2043.5, 0,0,0, 600,600,600;
		FUNC_DATA_END;
		FUNC_DATA "event",1;
			FUNC_MDS 1;
			FUNC_NAME "kodai5";
			FUNC_ID "";
			FUNC_FLAG 0, 0, 0,0;
			FUNC_EVENT_DATA "event",0,1100,0,0,0,"",0,0,0;
			FUNC_POS -2385.82,200,-2508.92, 0,0,0, 600,600,600;
		FUNC_DATA_END;
		FUNC_DATA "event",1;
			FUNC_MDS 1;
			FUNC_NAME "kodai6";
			FUNC_ID "";
			FUNC_FLAG 0, 0, 0,0;
			FUNC_EVENT_DATA "event",0,1100,0,0,0,"",0,0,0;
			FUNC_POS -2937.2,200,-2533.96, 0,0,0, 600,600,600;
		FUNC_DATA_END;
		FUNC_DATA "event",1;
			FUNC_MDS 1;
			FUNC_NAME "kodai7";
			FUNC_ID "";
			FUNC_FLAG 0, 0, 0,0;
			FUNC_EVENT_DATA "event",0,1100,0,0,0,"",0,0,0;
			FUNC_POS -3524.06,200,-2320.55, 0,0,0, 600,600,600;
		FUNC_DATA_END;
		FUNC_DATA "event",1;
			FUNC_MDS 1;
			FUNC_NAME "kodai8";
			FUNC_ID "";
			FUNC_FLAG 0, 0, 0,0;
			FUNC_EVENT_DATA "event",0,1100,0,0,0,"",0,0,0;
			FUNC_POS -3748.07,200,-1805.14, 0,0,0, 600,600,600;
		FUNC_DATA_END;
		FUNC_DATA "event",1;
			FUNC_MDS 1;
			FUNC_NAME "kodai9";
			FUNC_ID "";
			FUNC_FLAG 0, 0, 0,0;
			FUNC_EVENT_DATA "event",0,1100,0,0,0,"",0,0,0;
			FUNC_POS -3643.13,200,-1233.26, 0,0,0, 600,600,600;
		FUNC_DATA_END;
		FUNC_DATA "event",1;
			FUNC_MDS 1;
			FUNC_NAME "kodai10";
			FUNC_ID "";
			FUNC_FLAG 0, 0, 0,0;
			FUNC_EVENT_DATA "event",0,1100,0,0,0,"",0,0,0;
			FUNC_POS -3494.13,200,-765.999, 0,0,0, 600,600,600;
		FUNC_DATA_END;
	FUNC_POINT_END;
PARTS_END;

MAP_PARTS "p01_h19event-1",1;
	PARTS_NAME "p01_h19event";
	PARTS_GROUP "";
	PARTS_LIGHT_GROUP "";
	PARTS_POS -5871.8,0.0,8661.8;
	PARTS_ROT 0,0,0;
	PARTS_SCALE 1,1,1;
MAP_PARTS_END;

