PARTS "p_taru";
	LIGHT_FLAG 0,0;
	MOVE_FLAG 1,1,1,1;
	PIECE "taru-m.mds",1;
		PIECE_NAME "taru-m";
		PIECE_POS 0,0,0;
		PIECE_ROT 0,0,0;
		PIECE_SCALE 1,1,1;
		PIECE_COL_TYPE 0,0;
		PIECE_TIME 0,0;
	PIECE_END;
	PIECE "taru-a.mds",1;
		PIECE_NAME "taru-a";
		PIECE_POS 0,0,0;
		PIECE_ROT 0,0,0;
		PIECE_SCALE 1,1,1;
		PIECE_COL_TYPE 0,0;
		PIECE_TIME 0,0;
	PIECE_END;
PARTS_END;

MAP_PARTS "p_taru-0",1;
	PARTS_NAME "p_taru";
	PARTS_ID "m01i03-taru-1";
	PARTS_GROUP "";
	PARTS_LIGHT_GROUP "";
	PARTS_POS -9.11391,15,-169.873;
	PARTS_ROT 0,0,0;
	PARTS_SCALE 1,1,1;
MAP_PARTS_END;
MAP_PARTS "p_taru-1",1;
	PARTS_NAME "p_taru";
	PARTS_ID "m01i03-taru-2";
	PARTS_GROUP "";
	PARTS_LIGHT_GROUP "";
	PARTS_POS -8.96524,15,-150.109;
	PARTS_ROT 0,0,0;
	PARTS_SCALE 1,1,1;
MAP_PARTS_END;
MAP_PARTS "p_taru-2",1;
	PARTS_NAME "p_taru";
	PARTS_ID "m01i03-taru-3";
	PARTS_GROUP "";
	PARTS_LIGHT_GROUP "";
	PARTS_POS -69.4781,0,9.19562;
	PARTS_ROT 0,0,0;
	PARTS_SCALE 1,1,1;
MAP_PARTS_END;
MAP_PARTS "p_taru-3",1;
	PARTS_NAME "p_taru";
	PARTS_ID "m01i03-taru-4";
	PARTS_GROUP "";
	PARTS_LIGHT_GROUP "";
	PARTS_POS -49.0433,0,9.19563;
	PARTS_ROT 0,0,0;
	PARTS_SCALE 1,1,1;
MAP_PARTS_END;
MAP_PARTS "p_taru-4",1;
	PARTS_NAME "p_taru";
	PARTS_ID "m01i03-taru-5";
	PARTS_GROUP "";
	PARTS_LIGHT_GROUP "";
	PARTS_POS -29.1195,0,9.70649;
	PARTS_ROT 0,0,0;
	PARTS_SCALE 1,1,1;
MAP_PARTS_END;

FUNC_POINT 3;
	FUNC_DATA "event",1;
		FUNC_MDS 1;
		FUNC_NAME "dout1";
		FUNC_ID "";
		FUNC_FLAG 0, 0, 0,0;
		FUNC_EVENT_DATA "event",0,200,1,0,0,"m01",1,0,1;
		FUNC_POS 118.346,-3,109.578, 0,-1.5708,0, 20,20,20;
	FUNC_DATA_END;
	FUNC_DATA "event",1;
		FUNC_MDS 1;
		FUNC_NAME "dout2";
		FUNC_ID "";
		FUNC_FLAG 0, 0, 0,0;
		FUNC_EVENT_DATA "event",0,200,2,0,0,"m01",1,0,1;
		FUNC_POS -1.97641,0,-107.964, 0,-1.5708,0, 20,20,20;
	FUNC_DATA_END;
FUNC_POINT_END;
