

FUNC_POINT 65;
	FUNC_DATA "event",1;
		FUNC_MDS 1;
		FUNC_NAME "soto";
		FUNC_ID "";
		FUNC_FLAG 0, 0, 0,0;
		FUNC_EVENT_DATA "event",0,200,6,0,0,"w01j01",0,0,1;
		FUNC_POS -628.002,243.279,2097.88, 0,-3.06,0, 100,30,30;
	FUNC_DATA_END;
	FUNC_DATA "event",1;
		FUNC_MDS 1;
		FUNC_NAME "1";
		FUNC_ID "";
		FUNC_FLAG 0, 0, 0,0;
		FUNC_EVENT_DATA "event",0,200,1,0,4,"m10i03",1,0,1;
		FUNC_POS -1072.39,361.918,325.538, 0,0.666003,0, 30,30,30;
	FUNC_DATA_END;
	FUNC_DATA "event",1;
		FUNC_MDS 1;
		FUNC_NAME "2";
		FUNC_ID "";
		FUNC_FLAG 0, 0, 0,0;
		FUNC_EVENT_DATA "event",0,200,2,0,4,"m10i03",1,0,1;
		FUNC_POS -778.345,161.142,380.436, 0,0.78114,0, 30,30,30;
	FUNC_DATA_END;
	FUNC_DATA "event",1;
		FUNC_MDS 1;
		FUNC_NAME "3";
		FUNC_ID "";
		FUNC_FLAG 0, 0, 0,0;
		FUNC_EVENT_DATA "event",0,200,3,0,1,"m10i02",1,0,1;
		FUNC_POS -334.302,295.874,94.1666, 0,-0.35,0, 30,30,30;
	FUNC_DATA_END;
	FUNC_DATA "event",1;
		FUNC_MDS 1;
		FUNC_NAME "4";
		FUNC_ID "";
		FUNC_FLAG 0, 0, 0,0;
		FUNC_EVENT_DATA "event",0,200,4,0,1,"m10i04",1,0,1;
		FUNC_POS -194.996,80,-137.762, 0,2.926,0, 30,30,30;
	FUNC_DATA_END;
	FUNC_DATA "event",1;
		FUNC_MDS 1;
		FUNC_NAME "5";
		FUNC_ID "";
		FUNC_FLAG 0, 0, 0,0;
		FUNC_EVENT_DATA "event",0,200,5,0,0,"m10i01",0,0,1;
		FUNC_POS 567.869,280.011,-46.774, 0,-1.5708,0, 50,30,30;
	FUNC_DATA_END;
FUNC_POINT_END;
