PARTS "p_door";
	LIGHT_FLAG 0,0;
	MOVE_FLAG 1,1,1,1;
	PIECE "door-c.mds",1;
		PIECE_NAME "door-c";
		PIECE_POS 0,0,0;
		PIECE_ROT 0,0,0;
		PIECE_SCALE 1,1,1;
		PIECE_COL_TYPE 0,0;
		PIECE_TIME 0,0;
	PIECE_END;
	PIECE "door-m.mds",1;
		PIECE_NAME "door-m";
		PIECE_POS 0,0,0;
		PIECE_ROT 0,0,0;
		PIECE_SCALE 1,1,1;
		PIECE_COL_TYPE 0,0;
		PIECE_TIME 0,0;
	PIECE_END;
	PIECE "door-a.mds",1;
		PIECE_NAME "door-a";
		PIECE_POS 0,0,0;
		PIECE_ROT 0,0,0;
		PIECE_SCALE 1,1,1;
		PIECE_COL_TYPE 0,0;
		PIECE_TIME 0,0;
	PIECE_END;
	FUNC_POINT 1;
		FUNC_DATA "event",1;
			FUNC_NAME "doorin_func";
			FUNC_ID "";
			FUNC_FLAG 0, 0, 0,0;
			FUNC_EVENT_DATA "event",0,250,150,0,0,"",1,0,1;
			FUNC_POS -15,0,0, 0,0,0, 35,30,30;
		FUNC_DATA_END;
	FUNC_POINT_END;
PARTS_END;
PARTS "p_tansu2";
	LIGHT_FLAG 0,0;
	MOVE_FLAG 1,1,1,1;
	PIECE "tansu2-m.mds",1;
		PIECE_NAME "tansu2-m";
		PIECE_POS 0,0,0;
		PIECE_ROT 0,0,0;
		PIECE_SCALE 1,1,1;
		PIECE_COL_TYPE 0,0;
		PIECE_TIME 0,0;
	PIECE_END;
	/* kw [ptl‚ÌmdsƒpƒX‚ª‹ó]
	PIECE "",1;
		PIECE_NAME "tansu2-a";
		PIECE_POS 0,0,0;
		PIECE_ROT 0,0,0;
		PIECE_SCALE 1,1,1;
		PIECE_COL_TYPE 0,0;
		PIECE_TIME 0,0;
	PIECE_END;
	*/
	PIECE "tobira2-m.mds",1;
		PIECE_NAME "tobira2-m-1";
		PIECE_POS -9.9327,20.5093,7.9301;
		PIECE_ROT 0,0,0;
		PIECE_SCALE -1,1,1;
		PIECE_COL_TYPE 0,0;
		PIECE_TIME 0,0;
	PIECE_END;
	PIECE "tobira2-m.mds",1;
		PIECE_NAME "tobira2-m-0";
		PIECE_POS 9.9327,20.5093,7.9301;
		PIECE_ROT 0,0,0;
		PIECE_SCALE 1,1,1;
		PIECE_COL_TYPE 0,0;
		PIECE_TIME 0,0;
	PIECE_END;
	PIECE "hikidasi-m.mds",1;
		PIECE_NAME "hikidasi-m-1";
		PIECE_POS 0,6.50953,0;
		PIECE_ROT 0,0,0;
		PIECE_SCALE 1,1,1;
		PIECE_COL_TYPE 0,0;
		PIECE_TIME 0,0;
	PIECE_END;
	PIECE "hikidasi-m.mds",1;
		PIECE_NAME "hikidasi-m-2";
		PIECE_POS 0,15.7108,0;
		PIECE_ROT 0,0,0;
		PIECE_SCALE 1,1,1;
		PIECE_COL_TYPE 0,0;
		PIECE_TIME 0,0;
	PIECE_END;
	FUNC_POINT 1;
		FUNC_DATA "event",1;
			FUNC_NAME "tansu2_func";
			FUNC_ID "";
			FUNC_FLAG 0, 0, 0,0;
			FUNC_EVENT_DATA "event",1,802,0,0,0,"",1,0,1;
			FUNC_POS 0,0,5.5, 0,21.887,0, 20,20,20;
		FUNC_DATA_END;
	FUNC_POINT_END;
PARTS_END;
PARTS "p_tsubo";
	LIGHT_FLAG 0,0;
	MOVE_FLAG 1,1,1,1;
	PIECE "tsubo-m.mds",1;
		PIECE_NAME "tsubo-m";
		PIECE_POS 0,0,0;
		PIECE_ROT 0,0,0;
		PIECE_SCALE 1,1,1;
		PIECE_COL_TYPE 0,0;
		PIECE_TIME 0,0;
	PIECE_END;
	PIECE "tsubo-a.mds",1;
		PIECE_NAME "tsubo-a";
		PIECE_POS 0,0,0;
		PIECE_ROT 0,0,0;
		PIECE_SCALE 1,1,1;
		PIECE_COL_TYPE 0,0;
		PIECE_TIME 0,0;
	PIECE_END;
PARTS_END;
PARTS "p_taru";
	LIGHT_FLAG 0,0;
	MOVE_FLAG 1,1,1,1;
	PIECE "taru-m.mds",1;
		PIECE_NAME "taru-m";
		PIECE_POS 0,0,0;
		PIECE_ROT 0,0,0;
		PIECE_SCALE 1,1,1;
		PIECE_COL_TYPE 0,0;
		PIECE_TIME 0,0;
	PIECE_END;
	PIECE "taru-a.mds",1;
		PIECE_NAME "taru-a";
		PIECE_POS 0,0,0;
		PIECE_ROT 0,0,0;
		PIECE_SCALE 1,1,1;
		PIECE_COL_TYPE 0,0;
		PIECE_TIME 0,0;
	PIECE_END;
PARTS_END;

MAP_PARTS "p_tsubo-1",1;
	PARTS_NAME "p_tsubo";
	PARTS_ID "c03-tubo-1";
	PARTS_GROUP "";
	PARTS_LIGHT_GROUP "";
	PARTS_POS 345.536,0,-136.904;
	PARTS_ROT 0,0,0;
	PARTS_SCALE 1,1,1;
MAP_PARTS_END;
MAP_PARTS "p_taru-3",1;
	PARTS_NAME "p_taru";
	PARTS_ID "c03-taru-1";
	PARTS_GROUP "";
	PARTS_LIGHT_GROUP "";
	PARTS_POS -194.715,0,1092.89;
	PARTS_ROT 0,-0.036,0;
	PARTS_SCALE 1,1,1;
MAP_PARTS_END;
MAP_PARTS "p_taru-2",1;
	PARTS_NAME "p_taru";
	PARTS_ID "c03-taru-3";
	PARTS_GROUP "";
	PARTS_LIGHT_GROUP "";
	PARTS_POS 624.685,0,355.227;
	PARTS_ROT 0,0,0;
	PARTS_SCALE 1,1,1;
MAP_PARTS_END;
MAP_PARTS "p_taru-1",1;
	PARTS_NAME "p_taru";
	PARTS_ID "c03-taru-2";
	PARTS_GROUP "";
	PARTS_LIGHT_GROUP "";
	PARTS_POS 527.961,0,-57.1387;
	PARTS_ROT 0,0,0;
	PARTS_SCALE 1,1,1;
MAP_PARTS_END;
MAP_PARTS "p_tansu2",1;
	PARTS_NAME "p_tansu2";
	PARTS_ID "c03-tans2-2";
	PARTS_GROUP "";
	PARTS_LIGHT_GROUP "";
	PARTS_POS 356.592,0,108.372;
	PARTS_ROT 0,0.358,0;
	PARTS_SCALE 1,1,1;
MAP_PARTS_END;
MAP_PARTS "p_door",1;
	PARTS_NAME "p_door";
	PARTS_GROUP "";
	PARTS_LIGHT_GROUP "";
	PARTS_POS 419.267,2.70138,67.7402;
	PARTS_ROT 0,-2.75,0;
	PARTS_SCALE 1,1,1;
MAP_PARTS_END;
MAP_PARTS "p_tansu2-1",1;
	PARTS_NAME "p_tansu2";
	PARTS_ID "c03-tans2-1";
	PARTS_GROUP "";
	PARTS_LIGHT_GROUP "";
	PARTS_POS 326.199,0,120.157;
	PARTS_ROT 0,0.382,0;
	PARTS_SCALE 1,1,1;
MAP_PARTS_END;

FUNC_POINT 13;
	FUNC_DATA "event",1;
		FUNC_NAME "tobira-12";
		FUNC_ID "";
		FUNC_FLAG 0, 0, 0,0;
		FUNC_EVENT_DATA "event",0,200,12,0,1,"c03i09",1,0,1;
		FUNC_POS 593.689,-0.046187,-794.572, 0,0.958391,0, 20,20,20;
	FUNC_DATA_END;
	FUNC_DATA "event",1;
		FUNC_NAME "tobira-11";
		FUNC_ID "";
		FUNC_FLAG 0, 0, 0,0;
		FUNC_EVENT_DATA "event",0,200,11,0,1,"c03i09",1,0,1;
		FUNC_POS -388.35,-0.046187,-880.721, 0,-0.632792,0, 20,20,25;
	FUNC_DATA_END;
	FUNC_DATA "event",1;
		FUNC_NAME "tobira-10";
		FUNC_ID "";
		FUNC_FLAG 0, 0, 0,0;
		FUNC_EVENT_DATA "event",0,200,10,0,1,"c03i08",1,0,1;
		FUNC_POS -762.13,60.0402,-884.914, 0,0.974391,0, 20,20,20;
	FUNC_DATA_END;
	FUNC_DATA "event",1;
		FUNC_NAME "tobira-9";
		FUNC_ID "";
		FUNC_FLAG 0, 0, 0,0;
		FUNC_EVENT_DATA "event",0,200,9,0,1,"c03i02",1,0,1;
		FUNC_POS -791.894,60.0402,62.2253, 0,1.93839,0, 20,20,20;
	FUNC_DATA_END;
	FUNC_DATA "event",1;
		FUNC_NAME "tobira-8";
		FUNC_ID "";
		FUNC_FLAG 0, 0, 0,0;
		FUNC_EVENT_DATA "event",0,200,8,0,0,"c03i07",1,0,1;
		FUNC_POS 521.712,2.64665,-300.047, 0,-2.74279,0, 20,20,20;
	FUNC_DATA_END;
	FUNC_DATA "event",1;
		FUNC_NAME "tobira-7";
		FUNC_ID "";
		FUNC_FLAG 0, 0, 0,0;
		FUNC_EVENT_DATA "event",0,200,7,0,0,"c03i06",1,0,1;
		FUNC_POS 876.397,220.715,252.333, 0,-1.5708,0, 20,20,20;
	FUNC_DATA_END;
	FUNC_DATA "event",1;
		FUNC_NAME "tobira-6";
		FUNC_ID "";
		FUNC_FLAG 0, 0, 0,0;
		FUNC_EVENT_DATA "event",0,200,6,0,0,"c03i06",1,0,1;
		FUNC_POS 980.15,119.988,483.985, 0,0,0, 20,20,20;
	FUNC_DATA_END;
	FUNC_DATA "event",1;
		FUNC_NAME "tobira-5";
		FUNC_ID "";
		FUNC_FLAG 0, 0, 0,0;
		FUNC_EVENT_DATA "event",0,200,5,0,1,"c03i06",1,0,1;
		FUNC_POS 785.371,119.988,239.967, 0,-1.5708,0, 20,20,20;
	FUNC_DATA_END;
	FUNC_DATA "event",1;
		FUNC_NAME "tobira-4";
		FUNC_ID "";
		FUNC_FLAG 0, 0, 0,0;
		FUNC_EVENT_DATA "event",0,200,4,0,0,"c03i05",1,0,1;
		FUNC_POS -307.785,2.64202,390.306, 0,1.938,0, 20,20,20;
	FUNC_DATA_END;
	FUNC_DATA "event",1;
		FUNC_NAME "tobira-3";
		FUNC_ID "";
		FUNC_FLAG 0, 0, 0,0;
		FUNC_EVENT_DATA "event",0,200,3,0,0,"c03i04",1,0,1;
		FUNC_POS -175.289,2.64202,719.367, 0,1.938,0, 20,20,20;
	FUNC_DATA_END;
	FUNC_DATA "event",1;
		FUNC_NAME "tobira-1";
		FUNC_ID "";
		FUNC_FLAG 0, 0, 0,0;
		FUNC_EVENT_DATA "event",0,200,1,0,0,"c03i01",1,0,1;
		FUNC_POS 626.328,9.93677,760.469, 0,0.098,0, 20,20,20;
	FUNC_DATA_END;
	FUNC_DATA "event",1;
		FUNC_NAME "tobira-15";
		FUNC_ID "";
		FUNC_FLAG 0, 0, 0,0;
		FUNC_EVENT_DATA "event",0,200,15,0,1,"w01c02",1,0,1;
		FUNC_POS 326.277,-0.086328,1162, 0,3.14159,0, 40,40,40;
	FUNC_DATA_END;
FUNC_POINT_END;
