PARTS "p_book-5";
	LIGHT_FLAG 0,0;
	MOVE_FLAG 1,1,1,1;
	PIECE "book-m.mds",1;
		PIECE_NAME "book-m";
		PIECE_POS 0,0,0;
		PIECE_ROT 0,0,0;
		PIECE_SCALE 1,1,1;
		PIECE_COL_TYPE 0,0;
		PIECE_TIME 0,0;
	PIECE_END;
	FUNC_POINT 1;
		FUNC_DATA "event",1;
			FUNC_MDS 0;
			FUNC_NAME "book_funk";
			FUNC_ID "";
			FUNC_FLAG 0, 0, 0,0;
			FUNC_EVENT_DATA "event",0,803,0,0,0,"",1,0,1;
			FUNC_POS 0,0,0, 0,0,0, 40,40,40;
		FUNC_DATA_END;
	FUNC_POINT_END;
PARTS_END;
PARTS "p_book-4";
	LIGHT_FLAG 0,0;
	MOVE_FLAG 1,1,1,1;
	PIECE "book-m.mds",1;
		PIECE_NAME "book-m";
		PIECE_POS 0,0,0;
		PIECE_ROT 0,0,0;
		PIECE_SCALE 1,1,1;
		PIECE_COL_TYPE 0,0;
		PIECE_TIME 0,0;
	PIECE_END;
	FUNC_POINT 1;
		FUNC_DATA "event",1;
			FUNC_MDS 0;
			FUNC_NAME "book_funk";
			FUNC_ID "";
			FUNC_FLAG 0, 0, 0,0;
			FUNC_EVENT_DATA "event",0,803,0,0,0,"",1,0,1;
			FUNC_POS 0,0,0, 0,0,0, 40,40,40;
		FUNC_DATA_END;
	FUNC_POINT_END;
PARTS_END;
PARTS "p_book-3";
	LIGHT_FLAG 0,0;
	MOVE_FLAG 1,1,1,1;
	PIECE "book-m.mds",1;
		PIECE_NAME "book-m";
		PIECE_POS 0,0,0;
		PIECE_ROT 0,0,0;
		PIECE_SCALE 1,1,1;
		PIECE_COL_TYPE 0,0;
		PIECE_TIME 0,0;
	PIECE_END;
	FUNC_POINT 1;
		FUNC_DATA "event",1;
			FUNC_MDS 0;
			FUNC_NAME "book_funk";
			FUNC_ID "";
			FUNC_FLAG 0, 0, 0,0;
			FUNC_EVENT_DATA "event",0,803,0,0,0,"",1,0,1;
			FUNC_POS 0,0,0, 0,0,0, 40,40,40;
		FUNC_DATA_END;
	FUNC_POINT_END;
PARTS_END;
PARTS "p_book-2";
	LIGHT_FLAG 0,0;
	MOVE_FLAG 1,1,1,1;
	PIECE "book-m.mds",1;
		PIECE_NAME "book-m";
		PIECE_POS 0,0,0;
		PIECE_ROT 0,0,0;
		PIECE_SCALE 1,1,1;
		PIECE_COL_TYPE 0,0;
		PIECE_TIME 0,0;
	PIECE_END;
	FUNC_POINT 1;
		FUNC_DATA "event",1;
			FUNC_MDS 0;
			FUNC_NAME "book_funk";
			FUNC_ID "";
			FUNC_FLAG 0, 0, 0,0;
			FUNC_EVENT_DATA "event",0,803,0,0,0,"",1,0,1;
			FUNC_POS 0,0,0, 0,0,0, 40,40,40;
		FUNC_DATA_END;
	FUNC_POINT_END;
PARTS_END;
PARTS "p_book-0";
	LIGHT_FLAG 0,0;
	MOVE_FLAG 1,1,1,1;
	PIECE "book-m.mds",1;
		PIECE_NAME "book-m";
		PIECE_POS 0,0,0;
		PIECE_ROT 0,0,0;
		PIECE_SCALE 1,1,1;
		PIECE_COL_TYPE 0,0;
		PIECE_TIME 0,0;
	PIECE_END;
	FUNC_POINT 1;
		FUNC_DATA "event",1;
			FUNC_MDS 0;
			FUNC_NAME "book_funk";
			FUNC_ID "";
			FUNC_FLAG 0, 0, 0,0;
			FUNC_EVENT_DATA "event",0,803,0,0,0,"",1,0,1;
			FUNC_POS 0,0,0, 0,0,0, 40,40,40;
		FUNC_DATA_END;
	FUNC_POINT_END;
PARTS_END;
PARTS "p_book";
	LIGHT_FLAG 0,0;
	MOVE_FLAG 1,1,1,1;
	PIECE "book-m.mds",1;
		PIECE_NAME "book-m";
		PIECE_POS 0,0,0;
		PIECE_ROT 0,0,0;
		PIECE_SCALE 1,1,1;
		PIECE_COL_TYPE 0,0;
		PIECE_TIME 0,0;
	PIECE_END;
	FUNC_POINT 1;
		FUNC_DATA "event",1;
			FUNC_MDS 1;
			FUNC_NAME "book_funk";
			FUNC_ID "";
			FUNC_FLAG 0, 0, 0,0;
			FUNC_EVENT_DATA "event",0,803,0,0,0,"",1,0,1;
			FUNC_POS 0,0,0, 0,0,0, 40,40,40;
		FUNC_DATA_END;
	FUNC_POINT_END;
PARTS_END;
PARTS "p_book-1";
	LIGHT_FLAG 0,0;
	MOVE_FLAG 1,1,1,1;
	PIECE "book-m.mds",1;
		PIECE_NAME "book-m";
		PIECE_POS 0,0,0;
		PIECE_ROT 0,0,0;
		PIECE_SCALE 1,1,1;
		PIECE_COL_TYPE 0,0;
		PIECE_TIME 0,0;
	PIECE_END;
	FUNC_POINT 1;
		FUNC_DATA "event",1;
			FUNC_MDS 0;
			FUNC_NAME "book_funk";
			FUNC_ID "";
			FUNC_FLAG 0, 0, 0,0;
			FUNC_EVENT_DATA "event",0,803,0,0,0,"",1,0,1;
			FUNC_POS 0,0,0, 0,0,0, 40,40,40;
		FUNC_DATA_END;
	FUNC_POINT_END;
PARTS_END;

MAP_PARTS "p_book-1",1;
	PARTS_NAME "p_book";
	PARTS_ID "x02i01-book-2";
	PARTS_GROUP "";
	PARTS_LIGHT_GROUP "";
	PARTS_POS 134.43,0,-28.6756;
	PARTS_ROT 0,-1.5708,0;
	PARTS_SCALE 1,1,1;
MAP_PARTS_END;
MAP_PARTS "p_book",1;
	PARTS_NAME "p_book";
	PARTS_ID "x02i01-book-7";
	PARTS_GROUP "";
	PARTS_LIGHT_GROUP "";
	PARTS_POS -141.054,0,141.08;
	PARTS_ROT 0,1.5708,0;
	PARTS_SCALE 1,1,1;
MAP_PARTS_END;
MAP_PARTS "p_book-4",1;
	PARTS_NAME "p_book";
	PARTS_ID "x02i01-book-6";
	PARTS_GROUP "";
	PARTS_LIGHT_GROUP "";
	PARTS_POS -141.054,0,58.6012;
	PARTS_ROT 0,1.5708,0;
	PARTS_SCALE 1,1,1;
MAP_PARTS_END;
MAP_PARTS "p_book-0",1;
	PARTS_NAME "p_book";
	PARTS_ID "x02i01-book-5";
	PARTS_GROUP "";
	PARTS_LIGHT_GROUP "";
	PARTS_POS -141.054,0,-23.866;
	PARTS_ROT 0,1.5708,0;
	PARTS_SCALE 1,1,1;
MAP_PARTS_END;
MAP_PARTS "p_book-2",1;
	PARTS_NAME "p_book";
	PARTS_ID "x02i01-book-4";
	PARTS_GROUP "";
	PARTS_LIGHT_GROUP "";
	PARTS_POS -141.054,0,-106.315;
	PARTS_ROT 0,1.5708,0;
	PARTS_SCALE 1,1,1;
MAP_PARTS_END;
MAP_PARTS "p_book-3",1;
	PARTS_NAME "p_book";
	PARTS_ID "x02i01-book-1";
	PARTS_GROUP "";
	PARTS_LIGHT_GROUP "";
	PARTS_POS 134.43,0,-111.116;
	PARTS_ROT 0,-1.5708,0;
	PARTS_SCALE 1,1,1;
MAP_PARTS_END;
MAP_PARTS "p_book-5",1;
	PARTS_NAME "p_book";
	PARTS_ID "x02i01-book-3";
	PARTS_GROUP "";
	PARTS_LIGHT_GROUP "";
	PARTS_POS 81.2348,0,39.2382;
	PARTS_ROT 0,-3.14159,0;
	PARTS_SCALE 1,1,1;
MAP_PARTS_END;

FUNC_POINT 2;
	FUNC_DATA "event",1;
		FUNC_MDS 1;
		FUNC_NAME "door";
		FUNC_ID "";
		FUNC_FLAG 0, 0, 0,0;
		FUNC_EVENT_DATA "event",0,200,8,0,1,"x02",1,0,1;
		FUNC_POS 0,0,172.485, 0,3.14159,0, 20,20,20;
	FUNC_DATA_END;
FUNC_POINT_END;
