PARTS "p_ibox";
	LIGHT_FLAG 0,0;
	MOVE_FLAG 1,1,1,1;
	PIECE "ibox_f-m.mds",1;
		PIECE_NAME "ibox_f-m";
		PIECE_POS -3.12586e-005,8.625,-5.39995;
		PIECE_ROT 0,0,0;
		PIECE_SCALE 1,1,1;
		PIECE_COL_TYPE 0,0;
		PIECE_TIME 0,0;
	PIECE_END;
	PIECE "ibox-m.mds",1;
		PIECE_NAME "ibox-m";
		PIECE_POS -9.77065e-007,0,-4.01727e-006;
		PIECE_ROT 0,0,0;
		PIECE_SCALE 1,1,1;
		PIECE_COL_TYPE 0,0;
		PIECE_TIME 0,0;
	PIECE_END;
	PIECE "ibox-a.mds",1;
		PIECE_NAME "ibox-a";
		PIECE_POS -9.77065e-007,0,-4.01727e-006;
		PIECE_ROT 0,0,0;
		PIECE_SCALE 1,1,1;
		PIECE_COL_TYPE 0,0;
		PIECE_TIME 0,0;
	PIECE_END;
	PIECE "ibox-c.mds",1;
		PIECE_NAME "ibox-c";
		PIECE_POS -9.77065e-007,0,-4.01727e-006;
		PIECE_ROT 0,0,0;
		PIECE_SCALE 1,1,1;
		PIECE_COL_TYPE 0,0;
		PIECE_TIME 0,0;
	PIECE_END;
	FUNC_POINT 1;
		FUNC_DATA "event",1;
			FUNC_NAME "ibox_func";
			FUNC_ID "";
			FUNC_FLAG 0, 0, 0,0;
			FUNC_EVENT_DATA "event",1,800,0,0,0,"",1,0,0;
			FUNC_POS 0,0,0, 0,0,0, 30,30,30;
		FUNC_DATA_END;
	FUNC_POINT_END;
PARTS_END;

MAP_PARTS "p_ibox-0",1;
	PARTS_NAME "p_ibox";
	PARTS_ID "d01-tbox-8";
	PARTS_GROUP "";
	PARTS_LIGHT_GROUP "";
	PARTS_POS 1593.68,-106.546,418.887;
	PARTS_ROT 0,3.08,0;
	PARTS_SCALE 1,1,1;
MAP_PARTS_END;

FUNC_POINT 16;
	FUNC_DATA "event",1;
		FUNC_NAME "event-2";
		FUNC_ID "";
		FUNC_FLAG 0, 0, 0,0;
		FUNC_EVENT_DATA "event",0,200,3,2,0,"d01",0,0,0;
		FUNC_POS 1063.37,121.599,2023.31, 0,1.576,0, 30,30,30;
	FUNC_DATA_END;
	FUNC_DATA "event",1;
		FUNC_NAME "event-1";
		FUNC_ID "";
		FUNC_FLAG 0, 0, 0,0;
		FUNC_EVENT_DATA "event",0,200,3,2,0,"d01",0,0,0;
		FUNC_POS 1086.73,121.599,1938.14, 0,0.886,0, 30,30,30;
	FUNC_DATA_END;
	FUNC_DATA "event",1;
		FUNC_NAME "event-3";
		FUNC_ID "";
		FUNC_FLAG 0, 0, 0,0;
		FUNC_EVENT_DATA "event",0,200,2,2,0,"d01i02",0,0,0;
		FUNC_POS -626.581,0,-1814.14, 0,-3.05159,0, 30,30,30;
	FUNC_DATA_END;
	FUNC_DATA "event",1;
		FUNC_NAME "event-4";
		FUNC_ID "";
		FUNC_FLAG 0, 0, 0,0;
		FUNC_EVENT_DATA "event",0,200,2,2,0,"d01i02",0,0,0;
		FUNC_POS -504.591,0,-1814.14, 0,-2.59759,0, 30,30,30;
	FUNC_DATA_END;
	FUNC_DATA "event",1;
		FUNC_NAME "event-0";
		FUNC_ID "";
		FUNC_FLAG 0, 0, 0,0;
		FUNC_EVENT_DATA "event",0,200,2,2,0,"d01i02",0,0,0;
		FUNC_POS -563.863,0,-1814.14, 0,-2.80759,0, 30,30,30;
	FUNC_DATA_END;
	FUNC_DATA "event",1;
		FUNC_NAME "event-5";
		FUNC_ID "";
		FUNC_FLAG 0, 0, 0,0;
		FUNC_EVENT_DATA "event",0,200,3,2,0,"d01",0,0,0;
		FUNC_POS 1078.39,121.599,1984.79, 0,1.202,0, 30,30,30;
	FUNC_DATA_END;
	FUNC_DATA "event",1;
		FUNC_NAME "event-6";
		FUNC_ID "";
		FUNC_FLAG 0, 0, 0,0;
		FUNC_EVENT_DATA "event",0,200,4,2,0,"d01i04",0,0,0;
		FUNC_POS -25.8085,-152.772,3298.7, 0,0.052,0, 30,30,30;
	FUNC_DATA_END;
	FUNC_DATA "event",1;
		FUNC_NAME "event-7";
		FUNC_ID "";
		FUNC_FLAG 0, 0, 0,0;
		FUNC_EVENT_DATA "event",0,200,4,2,0,"d01i04",0,0,0;
		FUNC_POS -133.031,-152.772,3298.7, 0,0.472,0, 30,30,30;
	FUNC_DATA_END;
	FUNC_DATA "event",1;
		FUNC_NAME "event-8";
		FUNC_ID "";
		FUNC_FLAG 0, 0, 0,0;
		FUNC_EVENT_DATA "event",0,200,4,2,0,"d01i04",0,0,0;
		FUNC_POS -80.6763,-152.772,3298.7, 0,0.278,0, 30,30,30;
	FUNC_DATA_END;
	FUNC_DATA "pos",1;
		FUNC_NAME "stand_run2";
		FUNC_ID "";
		FUNC_FLAG 0, 0, 0,0;
		FUNC_POS -563.863,0,-1719.07, 0,0,0, 1,1,1;
	FUNC_DATA_END;
	FUNC_DATA "pos",1;
		FUNC_NAME "stand_run4";
		FUNC_ID "";
		FUNC_FLAG 0, 0, 0,0;
		FUNC_POS -84.2067,-152.772,3234.46, 0,3.14159,0, 1,1,1;
	FUNC_DATA_END;
	FUNC_DATA "pos",1;
		FUNC_NAME "stand_run3";
		FUNC_ID "";
		FUNC_FLAG 0, 0, 0,0;
		FUNC_POS 1025.34,121.599,1963.18, 0,-1.856,0, 1,1,1;
	FUNC_DATA_END;
FUNC_POINT_END;
