PARTS "p_ibox";
	LIGHT_FLAG 0,0;
	MOVE_FLAG 1,1,1,1;
	PIECE "ibox_f-m.mds",1;
		PIECE_NAME "ibox_f-m";
		PIECE_POS -3.12586e-005,8.625,-5.39995;
		PIECE_ROT 0,0,0;
		PIECE_SCALE 1,1,1;
		PIECE_COL_TYPE 0,0;
		PIECE_TIME 0,0;
	PIECE_END;
	PIECE "ibox-m.mds",1;
		PIECE_NAME "ibox-m";
		PIECE_POS -9.77065e-007,0,-4.01727e-006;
		PIECE_ROT 0,0,0;
		PIECE_SCALE 1,1,1;
		PIECE_COL_TYPE 0,0;
		PIECE_TIME 0,0;
	PIECE_END;
	PIECE "ibox-a.mds",1;
		PIECE_NAME "ibox-a";
		PIECE_POS -9.77065e-007,0,-4.01727e-006;
		PIECE_ROT 0,0,0;
		PIECE_SCALE 1,1,1;
		PIECE_COL_TYPE 0,0;
		PIECE_TIME 0,0;
	PIECE_END;
	PIECE "ibox-c.mds",1;
		PIECE_NAME "ibox-c";
		PIECE_POS -9.77065e-007,0,-4.01727e-006;
		PIECE_ROT 0,0,0;
		PIECE_SCALE 1,1,1;
		PIECE_COL_TYPE 0,0;
		PIECE_TIME 0,0;
	PIECE_END;
	FUNC_POINT 1;
		FUNC_DATA "event",1;
			FUNC_MDS 0;
			FUNC_NAME "ibox_func";
			FUNC_ID "";
			FUNC_FLAG 0, 0, 0,0;
			FUNC_EVENT_DATA "event",0,800,0,0,0,"",1,0,1;
			FUNC_POS 0,0,0, 0,0,0, 30,30,30;
		FUNC_DATA_END;
	FUNC_POINT_END;
PARTS_END;

MAP_PARTS "p_ibox",1;
	PARTS_NAME "p_ibox";
	PARTS_ID "d02i02-tbox-1";
	PARTS_GROUP "";
	PARTS_LIGHT_GROUP "";
	PARTS_POS -172.72,0,-132.304;
	PARTS_ROT 0,-0.448,0;
	PARTS_SCALE 1,1,1;
MAP_PARTS_END;

FUNC_POINT 2;
	FUNC_DATA "event",1;
		FUNC_MDS 1;
		FUNC_NAME "door1-rng";
		FUNC_ID "";
		FUNC_FLAG 0, 0, 0,0;
		FUNC_EVENT_DATA "event",0,200,3,0,0,"d02",1,0,1;
		FUNC_POS 0,0,5, 0,0,0, 35,35,35;
	FUNC_DATA_END;
	FUNC_DATA "event",1;
		FUNC_MDS 1;
		FUNC_NAME "door2";
		FUNC_ID "";
		FUNC_FLAG 0, 0, 0,0;
		FUNC_EVENT_DATA "event",0,200,4,0,0,"d02",0,0,1;
		FUNC_POS 1.76099,0,194.947, 0,-3.06359,0, 20,20,20;
	FUNC_DATA_END;
FUNC_POINT_END;
