PARTS "p_ibox";
	LIGHT_FLAG 0,0;
	MOVE_FLAG 1,1,1,1;
	PIECE "ibox_f-m.mds",1;
		PIECE_NAME "ibox_f-m";
		PIECE_POS -3.1e-005,8.625,-5.39995;
		PIECE_ROT 0,0,0;
		PIECE_SCALE 1,1,1;
		PIECE_COL_TYPE 0,0;
		PIECE_TIME 0,0;
	PIECE_END;
	PIECE "ibox-m.mds",1;
		PIECE_NAME "ibox-m";
		PIECE_POS -1e-006,0,-4e-006;
		PIECE_ROT 0,0,0;
		PIECE_SCALE 1,1,1;
		PIECE_COL_TYPE 0,0;
		PIECE_TIME 0,0;
	PIECE_END;
	PIECE "ibox-a.mds",1;
		PIECE_NAME "ibox-a";
		PIECE_POS -1e-006,0,-4e-006;
		PIECE_ROT 0,0,0;
		PIECE_SCALE 1,1,1;
		PIECE_COL_TYPE 0,0;
		PIECE_TIME 0,0;
	PIECE_END;
	/* kw []
	PIECE "",1;
		PIECE_NAME "ibox-c";
		PIECE_POS -1e-006,0,-4e-006;
		PIECE_ROT 0,0,0;
		PIECE_SCALE 1,1,1;
		PIECE_COL_TYPE 0,0;
		PIECE_TIME 0,0;
	PIECE_END;
	*/
	PIECE "ibox_futa-a.mds",0;
		PIECE_NAME "ibox_futa-a";
		PIECE_POS -1e-006,0,-4e-006;
		PIECE_ROT 0,0,0;
		PIECE_SCALE 1,1,1;
		PIECE_COL_TYPE 0,0;
		PIECE_TIME 0,0;
	PIECE_END;
	FUNC_POINT 1;
		FUNC_DATA "event",1;
			FUNC_MDS 0;
			FUNC_NAME "ibox_func";
			FUNC_ID "";
			FUNC_FLAG 0, 0, 0,0;
			FUNC_EVENT_DATA "event",0,800,0,0,0,"",1,0,1;
			FUNC_POS 0,0,0, 0,0,0, 30,30,30;
		FUNC_DATA_END;
	FUNC_POINT_END;
PARTS_END;
PARTS "p_tsubo";
	LIGHT_FLAG 0,0;
	MOVE_FLAG 1,1,1,1;
	PIECE "tsubo-m.mds",1;
		PIECE_NAME "tsubo-m";
		PIECE_POS 0,0,0;
		PIECE_ROT 0,0,0;
		PIECE_SCALE 1,1,1;
		PIECE_COL_TYPE 0,0;
		PIECE_TIME 0,0;
	PIECE_END;
	PIECE "tsubo-a.mds",1;
		PIECE_NAME "tsubo-a";
		PIECE_POS 0,0,0;
		PIECE_ROT 0,0,0;
		PIECE_SCALE 1,1,1;
		PIECE_COL_TYPE 0,0;
		PIECE_TIME 0,0;
	PIECE_END;
PARTS_END;
PARTS "p_tatefuda";
	LIGHT_FLAG 0,0;
	MOVE_FLAG 1,1,1,1;
	PIECE "tatefuda-m.mds",1;
		PIECE_NAME "tatefuda-m";
		PIECE_POS 0,0,0;
		PIECE_ROT 0,0,0;
		PIECE_SCALE 1,1,1;
		PIECE_COL_TYPE 0,0;
		PIECE_TIME 0,0;
	PIECE_END;
	PIECE "tatefuda-a.mds",1;
		PIECE_NAME "tatefuda-a";
		PIECE_POS 0,0,0;
		PIECE_ROT 0,0,0;
		PIECE_SCALE 1,1,1;
		PIECE_COL_TYPE 0,0;
		PIECE_TIME 0,0;
	PIECE_END;
	/* kw []
	PIECE "",1;
		PIECE_NAME "tatefuda-c";
		PIECE_POS 0,0,0;
		PIECE_ROT 0,0,0;
		PIECE_SCALE 1,1,1;
		PIECE_COL_TYPE 0,0;
		PIECE_TIME 0,0;
	PIECE_END;
	*/
	FUNC_POINT 1;
		FUNC_DATA "event",1;
			FUNC_MDS 0;
			FUNC_NAME "tatefuda_func";
			FUNC_ID "";
			FUNC_FLAG 0, 0, 0,0;
			FUNC_EVENT_DATA "event",0,700,0,0,0,"",1,0,1;
			FUNC_POS 0,0,0, 0,0,0, 20,20,20;
		FUNC_DATA_END;
	FUNC_POINT_END;
PARTS_END;

MAP_PARTS "p_tsubo-1",1;
	PARTS_NAME "p_tsubo";
	PARTS_ID "d09-tubo-2";
	PARTS_GROUP "";
	PARTS_LIGHT_GROUP "";
	PARTS_POS -524.249,720,-2875.17;
	PARTS_ROT 0,0,0;
	PARTS_SCALE 1,1,1;
MAP_PARTS_END;
MAP_PARTS "p_tsubo-0",1;
	PARTS_NAME "p_tsubo";
	PARTS_ID "d09-tubo-1";
	PARTS_GROUP "";
	PARTS_LIGHT_GROUP "";
	PARTS_POS -544.88,720,-2885.49;
	PARTS_ROT 0,0,0;
	PARTS_SCALE 1,1,1;
MAP_PARTS_END;
MAP_PARTS "p_ibox-0",1;
	PARTS_NAME "p_ibox";
	PARTS_ID "d09-tbox-1";
	PARTS_GROUP "";
	PARTS_LIGHT_GROUP "";
	PARTS_POS -915.925,661.537,-1684.01;
	PARTS_ROT 0,-0.54,0;
	PARTS_SCALE 1,1,1;
MAP_PARTS_END;
MAP_PARTS "p_tatefuda",0;
	PARTS_NAME "p_tatefuda";
	PARTS_GROUP "";
	PARTS_LIGHT_GROUP "";
	PARTS_POS 437.914,960.016,-5295.04;
	PARTS_ROT 0.0709241,-0.157064,0.00287857;
	PARTS_SCALE 1,1,1;
MAP_PARTS_END;
MAP_PARTS "p_ibox-1",1;
	PARTS_NAME "p_ibox";
	PARTS_ID "d09-tbox-2";
	PARTS_GROUP "";
	PARTS_LIGHT_GROUP "";
	PARTS_POS -603.22,894.537,-5323.44;
	PARTS_ROT -0.000432981,2.07801,-0.00169787;
	PARTS_SCALE 1,1,1;
MAP_PARTS_END;

FUNC_POINT 4;
	FUNC_DATA "event",1;
		FUNC_MDS 1;
		FUNC_NAME "door1";
		FUNC_ID "";
		FUNC_FLAG 0, 0, 0,0;
		FUNC_EVENT_DATA "event",0,200,1,0,3,"w01l01",0,0,1;
		FUNC_POS -639.715,1025,-6350.64, 0,0.938,0, 80,30,30;
	FUNC_DATA_END;
FUNC_POINT_END;
