PARTS "p_bookshelf";
	LIGHT_FLAG 0,0;
	MOVE_FLAG 1,1,1,1;
	PIECE "bookshelf-m.mds",1;
		PIECE_NAME "bookshelf-m";
		PIECE_POS 0,0,0;
		PIECE_ROT 0,0,0;
		PIECE_SCALE 1,1,1;
		PIECE_COL_TYPE 0,0;
		PIECE_TIME 0,0;
	PIECE_END;
	PIECE "book-m.mds",1;
		PIECE_NAME "book-m";
		PIECE_POS 0,0,0;
		PIECE_ROT 0,0,0;
		PIECE_SCALE 1,1,1;
		PIECE_COL_TYPE 0,0;
		PIECE_TIME 0,0;
	PIECE_END;
	FUNC_POINT 1;
		FUNC_DATA "event",1;
			FUNC_MDS 0;
			FUNC_NAME "book_func";
			FUNC_ID "";
			FUNC_FLAG 0, 0, 0,0;
			FUNC_EVENT_DATA "event",1,803,0,0,0,"",1,0,1;
			FUNC_POS 0,0,0, 0,0,0, 23,23,23;
		FUNC_DATA_END;
	FUNC_POINT_END;
PARTS_END;

MAP_PARTS "p_bookshelf-0",1;
	PARTS_NAME "p_bookshelf";
	PARTS_ID "m02i01-book-1";
	PARTS_GROUP "";
	PARTS_LIGHT_GROUP "";
	PARTS_POS -126.805,-0.111587,21.0018;
	PARTS_ROT 0,1.5708,0;
	PARTS_SCALE 1,1,1;
MAP_PARTS_END;

FUNC_POINT 2;
	FUNC_DATA "event",1;
		FUNC_MDS 1;
		FUNC_NAME "tobira";
		FUNC_ID "";
		FUNC_FLAG 0, 0, 0,0;
		FUNC_EVENT_DATA "event",0,200,1,0,0,"exit",1,0,1;
		FUNC_POS -43.8775,0,95.7681, 0,-3.14159,0, 20,20,20;
	FUNC_DATA_END;
FUNC_POINT_END;
