PARTS "p_bookshelf";
	LIGHT_FLAG 0,0;
	MOVE_FLAG 1,1,1,1;
	PIECE "bookshelf-m.mds",1;
		PIECE_NAME "bookshelf-m";
		PIECE_POS 0,0,0;
		PIECE_ROT 0,0,0;
		PIECE_SCALE 1,1,1;
		PIECE_COL_TYPE 0,0;
		PIECE_TIME 0,0;
	PIECE_END;
	PIECE "book-m.mds",1;
		PIECE_NAME "book-m";
		PIECE_POS 0,0,0;
		PIECE_ROT 0,0,0;
		PIECE_SCALE 1,1,1;
		PIECE_COL_TYPE 0,0;
		PIECE_TIME 0,0;
	PIECE_END;
	FUNC_POINT 1;
		FUNC_DATA "event",1;
			FUNC_NAME "book_func";
			FUNC_ID "c01i06-book-1";
			FUNC_FLAG 0, 0, 0,0;
			FUNC_EVENT_DATA "event",0,803,0,0,0,"",1,0,1;
			FUNC_POS 0,0,5.5, 0,0,0, 20,20,20;
		FUNC_DATA_END;
	FUNC_POINT_END;
PARTS_END;
PARTS "p_bookshelf01";
	LIGHT_FLAG 0,0;
	MOVE_FLAG 1,1,1,1;
	PIECE "book-m.mds",1;
		PIECE_NAME "book-m";
		PIECE_POS 0,0,0;
		PIECE_ROT 0,0,0;
		PIECE_SCALE 1,1,1;
		PIECE_COL_TYPE 0,0;
		PIECE_TIME 0,0;
	PIECE_END;
	PIECE "bookshelf01-m.mds",1;
		PIECE_NAME "bookshelf01-m";
		PIECE_POS 0,0,0;
		PIECE_ROT 0,0,0;
		PIECE_SCALE 1,1,1;
		PIECE_COL_TYPE 0,0;
		PIECE_TIME 0,0;
	PIECE_END;
	FUNC_POINT 1;
		FUNC_DATA "event",1;
			FUNC_NAME "book_func";
			FUNC_ID "c01i06-book-1";
			FUNC_FLAG 0, 0, 0,0;
			FUNC_EVENT_DATA "event",0,803,0,0,0,"",1,0,1;
			FUNC_POS 0,0,5.5, 0,0,0, 20,20,20;
		FUNC_DATA_END;
	FUNC_POINT_END;
PARTS_END;

MAP_PARTS "p_bookshelf-6",1;
	PARTS_NAME "p_bookshelf";
	PARTS_ID "c01i06-book-7";
	PARTS_GROUP "";
	PARTS_LIGHT_GROUP "";
	PARTS_POS 172.321,-0.001203,356.227;
	PARTS_ROT 0,-1.43476,0;
	PARTS_SCALE 1,1,1;
MAP_PARTS_END;
MAP_PARTS "p_bookshelf-4",1;
	PARTS_NAME "p_bookshelf";
	PARTS_ID "c01i06-book-5";
	PARTS_GROUP "";
	PARTS_LIGHT_GROUP "";
	PARTS_POS 173.093,-0.001203,288.364;
	PARTS_ROT 0,-1.46284,0;
	PARTS_SCALE 1,1,1;
MAP_PARTS_END;
MAP_PARTS "p_bookshelf-3",1;
	PARTS_NAME "p_bookshelf";
	PARTS_ID "c01i06-book-4";
	PARTS_GROUP "";
	PARTS_LIGHT_GROUP "";
	PARTS_POS 171.661,-0.001203,255.821;
	PARTS_ROT 0,-1.5988,0;
	PARTS_SCALE 1,1,1;
MAP_PARTS_END;
MAP_PARTS "p_bookshelf-2",1;
	PARTS_NAME "p_bookshelf";
	PARTS_ID "c01i06-book-3";
	PARTS_GROUP "";
	PARTS_LIGHT_GROUP "";
	PARTS_POS 173.093,-0.001203,221.489;
	PARTS_ROT 0,-1.51478,0;
	PARTS_SCALE 1,1,1;
MAP_PARTS_END;
MAP_PARTS "p_bookshelf-1",1;
	PARTS_NAME "p_bookshelf";
	PARTS_ID "c01i06-book-2";
	PARTS_GROUP "";
	PARTS_LIGHT_GROUP "";
	PARTS_POS 149.242,-0.001203,-37.0101;
	PARTS_ROT 0,0,0;
	PARTS_SCALE 1,1,1;
MAP_PARTS_END;
MAP_PARTS "p_bookshelf-0",1;
	PARTS_NAME "p_bookshelf";
	PARTS_ID "c01i06-book-1";
	PARTS_GROUP "";
	PARTS_LIGHT_GROUP "";
	PARTS_POS 115.268,-0.001203,-37.0101;
	PARTS_ROT 0,0,0;
	PARTS_SCALE 1,1,1;
MAP_PARTS_END;
MAP_PARTS "p_bookshelf-7",1;
	PARTS_NAME "p_bookshelf";
	PARTS_ID "c01i06-book-8";
	PARTS_GROUP "";
	PARTS_LIGHT_GROUP "";
	PARTS_POS -83.816,0,17.2168;
	PARTS_ROT 0,1.5708,0;
	PARTS_SCALE 1,1,1;
MAP_PARTS_END;
MAP_PARTS "p_bookshelf-8",1;
	PARTS_NAME "p_bookshelf";
	PARTS_ID "c01i06-book-9";
	PARTS_GROUP "";
	PARTS_LIGHT_GROUP "";
	PARTS_POS -47.51,-3,-108.354;
	PARTS_ROT 0,1.5708,0;
	PARTS_SCALE 1,1,1;
MAP_PARTS_END;
MAP_PARTS "p_bookshelf01-9",1;
	PARTS_NAME "p_bookshelf01";
	PARTS_GROUP "";
	PARTS_LIGHT_GROUP "";
	PARTS_POS -83.7085,0,357.52;
	PARTS_ROT 0,1.5708,0;
	PARTS_SCALE 1,1,1;
MAP_PARTS_END;
MAP_PARTS "p_bookshelf01-8",1;
	PARTS_NAME "p_bookshelf01";
	PARTS_ID "c01i06-book-18";
	PARTS_GROUP "";
	PARTS_LIGHT_GROUP "";
	PARTS_POS -83.8163,0,126.127;
	PARTS_ROT 0,1.5708,0;
	PARTS_SCALE 1,1,1;
MAP_PARTS_END;
MAP_PARTS "p_bookshelf01-7",1;
	PARTS_NAME "p_bookshelf01";
	PARTS_ID "c01i06-book-17";
	PARTS_GROUP "";
	PARTS_LIGHT_GROUP "";
	PARTS_POS 173.046,0,4.77492;
	PARTS_ROT 0,-1.5708,0;
	PARTS_SCALE 1,1,1;
MAP_PARTS_END;
MAP_PARTS "p_bookshelf01-6",1;
	PARTS_NAME "p_bookshelf01";
	PARTS_ID "c01i06-book-16";
	PARTS_GROUP "";
	PARTS_LIGHT_GROUP "";
	PARTS_POS 43.2052,-3.06,-244.49;
	PARTS_ROT 0,-1.5708,0;
	PARTS_SCALE 1,1,1;
MAP_PARTS_END;
MAP_PARTS "p_bookshelf01-5",1;
	PARTS_NAME "p_bookshelf01";
	PARTS_ID "c01i06-book-15";
	PARTS_GROUP "";
	PARTS_LIGHT_GROUP "";
	PARTS_POS 43.2052,-3.06,-378.183;
	PARTS_ROT 0,-1.5708,0;
	PARTS_SCALE 1,1,1;
MAP_PARTS_END;
MAP_PARTS "p_bookshelf01-4",1;
	PARTS_NAME "p_bookshelf01";
	PARTS_ID "c01i06-book-14";
	PARTS_GROUP "";
	PARTS_LIGHT_GROUP "";
	PARTS_POS 43.2052,-3.06,-446.711;
	PARTS_ROT 0,-1.5708,0;
	PARTS_SCALE 1,1,1;
MAP_PARTS_END;
MAP_PARTS "p_bookshelf01-3",1;
	PARTS_NAME "p_bookshelf01";
	PARTS_ID "c01i06-book-13";
	PARTS_GROUP "";
	PARTS_LIGHT_GROUP "";
	PARTS_POS 43.2051,-3,-515.548;
	PARTS_ROT 0,-1.5708,0;
	PARTS_SCALE 1,1,1;
MAP_PARTS_END;
MAP_PARTS "p_bookshelf01-2",1;
	PARTS_NAME "p_bookshelf01";
	PARTS_ID "c01i06-book-12";
	PARTS_GROUP "";
	PARTS_LIGHT_GROUP "";
	PARTS_POS -47.5103,-3.06,-355.15;
	PARTS_ROT 0,1.5708,0;
	PARTS_SCALE 1,1,1;
MAP_PARTS_END;
MAP_PARTS "p_bookshelf01-1",1;
	PARTS_NAME "p_bookshelf01";
	PARTS_ID "c01i06-book-11";
	PARTS_GROUP "";
	PARTS_LIGHT_GROUP "";
	PARTS_POS -47.5103,-3.06,-423.677;
	PARTS_ROT 0,1.5708,0;
	PARTS_SCALE 1,1,1;
MAP_PARTS_END;
MAP_PARTS "p_bookshelf01-0",1;
	PARTS_NAME "p_bookshelf01";
	PARTS_ID "c01i06-book-10";
	PARTS_GROUP "";
	PARTS_LIGHT_GROUP "";
	PARTS_POS -47.5103,-3,-492.514;
	PARTS_ROT 0,1.5708,0;
	PARTS_SCALE 1,1,1;
MAP_PARTS_END;
MAP_PARTS "p_bookshelf01-10",1;
	PARTS_NAME "p_bookshelf01";
	PARTS_ID "c01i06-book-19";
	PARTS_GROUP "";
	PARTS_LIGHT_GROUP "";
	PARTS_POS -47.5103,-3.06,-150.798;
	PARTS_ROT 0,1.5708,0;
	PARTS_SCALE 1,1,1;
MAP_PARTS_END;
MAP_PARTS "p_bookshelf01-11",1;
	PARTS_NAME "p_bookshelf01";
	PARTS_ID "c01i06-book-20";
	PARTS_GROUP "";
	PARTS_LIGHT_GROUP "";
	PARTS_POS -47.5103,-3,-219.635;
	PARTS_ROT 0,1.5708,0;
	PARTS_SCALE 1,1,1;
MAP_PARTS_END;

FUNC_POINT 5;
	FUNC_DATA "event",1;
		FUNC_NAME "1f20di";
		FUNC_ID "";
		FUNC_FLAG 0, 0, 0,0;
		FUNC_EVENT_DATA "event",0,200,2,0,0,"s04",1,0,1;
		FUNC_POS 68.0573,0,-29.5295, 0,0,0, 20,20,20;
	FUNC_DATA_END;
	FUNC_DATA "event",1;
		FUNC_NAME "1f21di";
		FUNC_ID "";
		FUNC_FLAG 0, 0, 0,0;
		FUNC_EVENT_DATA "event",0,200,21,0,0,"c01",1,0,1;
		FUNC_POS 50.9223,-3.00003,-117.21, 0,-1.5708,0, 20,20,20;
	FUNC_DATA_END;
	FUNC_DATA "event",1;
		FUNC_NAME "1fldi";
		FUNC_ID "";
		FUNC_FLAG 0, 0, 0,0;
		FUNC_EVENT_DATA "event",0,200,10,0,0,"c01i01",1,0,1;
		FUNC_POS 9.79381,-3,-537.329, 0,0,0, 20,20,20;
	FUNC_DATA_END;
	FUNC_DATA "pos",0;
		FUNC_NAME "light02";
		FUNC_ID "";
		FUNC_FLAG 0, 0, 0,0;
		FUNC_POS -11,0,-537.329, 0,0,0, 20,20,20;
	FUNC_DATA_END;
FUNC_POINT_END;
