PARTS "p_bookshelf";
	LIGHT_FLAG 0,0;
	MOVE_FLAG 1,1,1,1;
	PIECE "bookshelf-m.mds",1;
		PIECE_NAME "bookshelf-m";
		PIECE_POS 0,0,0;
		PIECE_ROT 0,0,0;
		PIECE_SCALE 1,1,1;
		PIECE_COL_TYPE 0,0;
		PIECE_TIME 0,0;
	PIECE_END;
	PIECE "book-m.mds",1;
		PIECE_NAME "book-m";
		PIECE_POS 0,0,0;
		PIECE_ROT 0,0,0;
		PIECE_SCALE 1,1,1;
		PIECE_COL_TYPE 0,0;
		PIECE_TIME 0,0;
	PIECE_END;
	FUNC_POINT 1;
		FUNC_DATA "event",1;
			FUNC_MDS 0;
			FUNC_NAME "book_func";
			FUNC_ID "";
			FUNC_FLAG 0, 0, 0,0;
			FUNC_EVENT_DATA "event",0,803,0,0,0,"",1,0,1;
			FUNC_POS 0,0,5.5, 0,0,0, 20,20,20;
		FUNC_DATA_END;
	FUNC_POINT_END;
PARTS_END;
PARTS "p_taru";
	LIGHT_FLAG 0,0;
	MOVE_FLAG 1,1,1,1;
	PIECE "taru-m.mds",1;
		PIECE_NAME "taru-m";
		PIECE_POS 0,0,0;
		PIECE_ROT 0,0,0;
		PIECE_SCALE 1,1,1;
		PIECE_COL_TYPE 0,0;
		PIECE_TIME 0,0;
	PIECE_END;
	PIECE "taru-a.mds",1;
		PIECE_NAME "taru-a";
		PIECE_POS 0,0,0;
		PIECE_ROT 0,0,0;
		PIECE_SCALE 1,1,1;
		PIECE_COL_TYPE 0,0;
		PIECE_TIME 0,0;
	PIECE_END;
PARTS_END;

MAP_PARTS "p_taru-4",1;
	PARTS_NAME "p_taru";
	PARTS_ID "m10i03-taru-5";
	PARTS_GROUP "";
	PARTS_LIGHT_GROUP "";
	PARTS_POS -335.632,100.515,266.571;
	PARTS_ROT 0,1.5708,0;
	PARTS_SCALE 1,1,1;
MAP_PARTS_END;
MAP_PARTS "p_taru-3",1;
	PARTS_NAME "p_taru";
	PARTS_ID "m10i03-taru-1";
	PARTS_GROUP "";
	PARTS_LIGHT_GROUP "";
	PARTS_POS -152.689,100.515,109.483;
	PARTS_ROT 0,0,0;
	PARTS_SCALE 1,1,1;
MAP_PARTS_END;
MAP_PARTS "p_taru-2",1;
	PARTS_NAME "p_taru";
	PARTS_ID "m10i03-taru-2";
	PARTS_GROUP "";
	PARTS_LIGHT_GROUP "";
	PARTS_POS -126.258,100.515,109.483;
	PARTS_ROT 0,0,0;
	PARTS_SCALE 1,1,1;
MAP_PARTS_END;
MAP_PARTS "p_taru-1",1;
	PARTS_NAME "p_taru";
	PARTS_ID "m10i03-taru-3";
	PARTS_GROUP "";
	PARTS_LIGHT_GROUP "";
	PARTS_POS -100.112,100.515,109.483;
	PARTS_ROT 0,0,0;
	PARTS_SCALE 1,1,1;
MAP_PARTS_END;
MAP_PARTS "p_taru-0",1;
	PARTS_NAME "p_taru";
	PARTS_ID "m10i03-taru-4";
	PARTS_GROUP "";
	PARTS_LIGHT_GROUP "";
	PARTS_POS -72.5443,100.515,109.483;
	PARTS_ROT 0,0,0;
	PARTS_SCALE 1,1,1;
MAP_PARTS_END;
MAP_PARTS "p_bookshelf-1",1;
	PARTS_NAME "p_bookshelf";
	PARTS_ID "m10i03-book-2";
	PARTS_GROUP "";
	PARTS_LIGHT_GROUP "";
	PARTS_POS -222.66,59.412,66.334;
	PARTS_ROT 0,-3.14159,0;
	PARTS_SCALE 1,1,1;
MAP_PARTS_END;
MAP_PARTS "p_bookshelf-0",1;
	PARTS_NAME "p_bookshelf";
	PARTS_ID "m10i03-book-1";
	PARTS_GROUP "";
	PARTS_LIGHT_GROUP "";
	PARTS_POS -192.134,59.412,66.334;
	PARTS_ROT 0,-3.14159,0;
	PARTS_SCALE 1,1,1;
MAP_PARTS_END;

FUNC_POINT 6;
	FUNC_DATA "event",1;
		FUNC_MDS 1;
		FUNC_NAME "exit-2";
		FUNC_ID "";
		FUNC_FLAG 0, 0, 0,0;
		FUNC_EVENT_DATA "event",0,200,1,0,4,"exit",1,0,1;
		FUNC_POS 32.311,100.536,223.312, 0,-1.5708,0, 30,30,30;
	FUNC_DATA_END;
	FUNC_DATA "event",1;
		FUNC_MDS 1;
		FUNC_NAME "exit";
		FUNC_ID "";
		FUNC_FLAG 0, 0, 0,0;
		FUNC_EVENT_DATA "event",0,200,2,0,4,"exit",1,0,1;
		FUNC_POS 191.595,0,-49.7294, 0,-1.5708,0, 30,30,30;
	FUNC_DATA_END;
FUNC_POINT_END;
