PARTS "p51_s38i01";
	LIGHT_FLAG 0,0;
	MOVE_FLAG 1,1,1,1;
	PIECE "s38i01_51-c.mds",1;
		PIECE_NAME "s38i01_51-c";
		PIECE_POS 0,0,0;
		PIECE_ROT 0,0,0;
		PIECE_SCALE 1,1,1;
		PIECE_COL_TYPE 0,0;
		PIECE_TIME 0,0;
	PIECE_END;
	PIECE "s38i01_51-a.mds",1;
		PIECE_NAME "s38i01_51-a";
		PIECE_POS 0,0,0;
		PIECE_ROT 0,0,0;
		PIECE_SCALE 1,1,1;
		PIECE_COL_TYPE 0,0;
		PIECE_TIME 0,0;
	PIECE_END;
	PIECE "s38i01_51-m.mds",1;
		PIECE_NAME "s38i01_51-m";
		PIECE_POS 0,0,0;
		PIECE_ROT 0,0,0;
		PIECE_SCALE 1,1,1;
		PIECE_COL_TYPE 0,0;
		PIECE_TIME 0,0;
	PIECE_END;
	FUNC_POINT 1;
		FUNC_DATA "event",1;
			FUNC_MDS 0;
			FUNC_NAME "doorin_func";
			FUNC_ID "";
			FUNC_FLAG 0, 0, 0,0;
			FUNC_EVENT_DATA "event",0,250,145,0,4,"",1,0,1;
			FUNC_POS -44,0,-9, 0,0,0, 30,30,30;
		FUNC_DATA_END;
	FUNC_POINT_END;
PARTS_END;

MAP_PARTS "p51_s38i01",1;
	PARTS_NAME "p51_s38i01";
	PARTS_GROUP "";
	PARTS_LIGHT_GROUP "";
	PARTS_POS 76.1,20,-3.25475;
	PARTS_ROT 0,3.14159,0;
	PARTS_SCALE 1,1,1;
MAP_PARTS_END;

FUNC_POINT 2;
	FUNC_DATA "event",1;
		FUNC_MDS 1;
		FUNC_NAME "tobira";
		FUNC_ID "";
		FUNC_FLAG 0, 0, 0,0;
		FUNC_EVENT_DATA "event",0,200,1,0,1,"w01b02",1,0,1;
		FUNC_POS -174.621,0,127.677, 0,2.36,0, 30,30,30;
	FUNC_DATA_END;
	FUNC_DATA "event",1;
		FUNC_MDS 0;
		FUNC_NAME "kaidan";
		FUNC_ID "";
		FUNC_FLAG 0, 0, 0,0;
		FUNC_EVENT_DATA "event",0,200,1,0,0,"s38i02",0,0,1;
		FUNC_POS 103,-19,-128, 0,0,0, 40,30,40;
	FUNC_DATA_END;
FUNC_POINT_END;
