PARTS "p01_f01d06_03";
	LIGHT_FLAG 0,0;
	MOVE_FLAG 1,1,1,1;
	PIECE "f01d06_03-m.mds",1;
		PIECE_NAME "f01d06_03-m1";
		PIECE_POS 0,0,0;
		PIECE_ROT 0,0,0;
		PIECE_SCALE 1,1,1;
		PIECE_COL_TYPE 0,0;
		PIECE_TIME 0,0;
	PIECE_END;
	PIECE "f01d06_03-b.mds",1;
		PIECE_NAME "f01d06_03-b1";
		PIECE_POS 0,0,0;
		PIECE_ROT 0,0,0;
		PIECE_SCALE 1,1,1;
		PIECE_COL_TYPE 0,0;
		PIECE_TIME 0,0;
	PIECE_END;
	FUNC_POINT 1;
		FUNC_DATA "event",1;
			FUNC_MDS 1;
			FUNC_NAME "ev25";
			FUNC_ID "";
			FUNC_FLAG 0, 0, 0,0;
			FUNC_EVENT_DATA "event",0,200,2,0,3,"d06",0,0,1;
			FUNC_POS 1.9577,-18.6566,116.603, 0,0,0, 50,40,20;
		FUNC_DATA_END;
	FUNC_POINT_END;
PARTS_END;

MAP_PARTS "p01_f01d06_03-1",1;
	PARTS_NAME "p01_f01d06_03";
	PARTS_GROUP "";
	PARTS_LIGHT_GROUP "";
	PARTS_POS 280.0,60.0,1000.0;
	PARTS_ROT 0,-1.0472,0;
	PARTS_SCALE 1,1,1;
MAP_PARTS_END;

FUNC_POINT 1;
	FUNC_DATA "event",1;
		FUNC_MDS 1;
		FUNC_NAME "ev35-rng";
		FUNC_ID "";
		FUNC_FLAG 0, 0, 0,0;
		FUNC_EVENT_DATA "event",0,200,2,0,2,"s50i02",1,0,1;
		FUNC_POS 800.0,20.0,1200.0, 0,0,0, 32,32,32;
	FUNC_DATA_END;
FUNC_POINT_END;
