PARTS "p_tsubo";
	FAR_CLIP 500,1,-1,"";
	LIGHT_FLAG 0,0;
	MOVE_FLAG 1,1,1,1;
	PIECE "tsubo-m.mds",1;
		PIECE_NAME "tsubo-m";
		PIECE_POS 0,0,0;
		PIECE_ROT 0,0,0;
		PIECE_SCALE 1,1,1;
		PIECE_COL_TYPE 0,0;
		PIECE_TIME 0,0;
	PIECE_END;
	PIECE "tsubo-a.mds",1;
		PIECE_NAME "tsubo-a";
		PIECE_POS 0,0,0;
		PIECE_ROT 0,0,0;
		PIECE_SCALE 1,1,1;
		PIECE_COL_TYPE 0,0;
		PIECE_TIME 0,0;
	PIECE_END;
PARTS_END;
PARTS "p_tansu1";
	FAR_CLIP 600,1,-1,"";
	LIGHT_FLAG 0,0;
	MOVE_FLAG 1,1,1,1;
	/* kw []
	PIECE "",1;
		PIECE_NAME "tansu1-a";
		PIECE_POS 0,0,0;
		PIECE_ROT 0,0,0;
		PIECE_SCALE 1,1,1;
		PIECE_COL_TYPE 0,0;
		PIECE_TIME 0,0;
	PIECE_END;
	*/
	PIECE "tansu1-m.mds",1;
		PIECE_NAME "tansu1-m";
		PIECE_POS 0,0,0;
		PIECE_ROT 0,0,0;
		PIECE_SCALE 1,1,1;
		PIECE_COL_TYPE 0,0;
		PIECE_TIME 0,0;
	PIECE_END;
	PIECE "tobira1-m.mds",1;
		PIECE_NAME "tobira1-m-0";
		PIECE_POS 9.7896,12.15,7.9593;
		PIECE_ROT 0,0,0;
		PIECE_SCALE 1,1,1;
		PIECE_COL_TYPE 0,0;
		PIECE_TIME 0,0;
	PIECE_END;
	PIECE "tobira1-m.mds",1;
		PIECE_NAME "tobira1-m-1";
		PIECE_POS -9.78963,12.15,7.95925;
		PIECE_ROT 0,0,0;
		PIECE_SCALE -1,1,1;
		PIECE_COL_TYPE 0,0;
		PIECE_TIME 0,0;
	PIECE_END;
	PIECE "hikidasi-m.mds",1;
		PIECE_NAME "hikidasi-m";
		PIECE_POS 0,6.5,0;
		PIECE_ROT 0,0,0;
		PIECE_SCALE 1,1,1;
		PIECE_COL_TYPE 0,0;
		PIECE_TIME 0,0;
	PIECE_END;
	FUNC_POINT 1;
		FUNC_DATA "event",1;
			FUNC_MDS 0;
			FUNC_NAME "tansu1_func";
			FUNC_ID "";
			FUNC_FLAG 0, 0, 0,0;
			FUNC_EVENT_DATA "event",0,801,0,0,0,"",1,0,1;
			FUNC_POS 0,0,5.5, 0,0,0, 20,20,20;
		FUNC_DATA_END;
	FUNC_POINT_END;
PARTS_END;
PARTS "p_tansu2";
	LIGHT_FLAG 0,0;
	MOVE_FLAG 1,1,1,1;
	PIECE "tansu2-m.mds",1;
		PIECE_NAME "tansu2-m";
		PIECE_POS 0,0,0;
		PIECE_ROT 0,0,0;
		PIECE_SCALE 1,1,1;
		PIECE_COL_TYPE 0,0;
		PIECE_TIME 0,0;
	PIECE_END;
	/* kw []
	PIECE "",1;
		PIECE_NAME "tansu2-a";
		PIECE_POS 0,0,0;
		PIECE_ROT 0,0,0;
		PIECE_SCALE 1,1,1;
		PIECE_COL_TYPE 0,0;
		PIECE_TIME 0,0;
	PIECE_END;
	*/
	PIECE "tobira2-m.mds",1;
		PIECE_NAME "tobira2-m-1";
		PIECE_POS -9.9327,20.5093,7.9301;
		PIECE_ROT 0,0,0;
		PIECE_SCALE -1,1,1;
		PIECE_COL_TYPE 0,0;
		PIECE_TIME 0,0;
	PIECE_END;
	PIECE "tobira2-m.mds",1;
		PIECE_NAME "tobira2-m-0";
		PIECE_POS 9.9327,20.5093,7.9301;
		PIECE_ROT 0,0,0;
		PIECE_SCALE 1,1,1;
		PIECE_COL_TYPE 0,0;
		PIECE_TIME 0,0;
	PIECE_END;
	PIECE "hikidasi-m.mds",1;
		PIECE_NAME "hikidasi-m-1";
		PIECE_POS 0,6.50953,0;
		PIECE_ROT 0,0,0;
		PIECE_SCALE 1,1,1;
		PIECE_COL_TYPE 0,0;
		PIECE_TIME 0,0;
	PIECE_END;
	PIECE "hikidasi-m.mds",1;
		PIECE_NAME "hikidasi-m-2";
		PIECE_POS 0,15.7108,0;
		PIECE_ROT 0,0,0;
		PIECE_SCALE 1,1,1;
		PIECE_COL_TYPE 0,0;
		PIECE_TIME 0,0;
	PIECE_END;
	FUNC_POINT 1;
		FUNC_DATA "event",1;
			FUNC_MDS 0;
			FUNC_NAME "tansu2_func";
			FUNC_ID "";
			FUNC_FLAG 0, 0, 0,0;
			FUNC_EVENT_DATA "event",0,802,0,0,0,"",1,0,1;
			FUNC_POS 0,0,5.5, 0,0,0, 20,20,20;
		FUNC_DATA_END;
	FUNC_POINT_END;
PARTS_END;
PARTS "p_taru";
	FAR_CLIP 1000,1,-1,"";
	LIGHT_FLAG 0,0;
	MOVE_FLAG 1,1,1,1;
	PIECE "taru-m.mds",1;
		PIECE_NAME "taru-m";
		PIECE_POS 0,0,0;
		PIECE_ROT 0,0,0;
		PIECE_SCALE 1,1,1;
		PIECE_COL_TYPE 0,0;
		PIECE_TIME 0,0;
	PIECE_END;
	PIECE "taru-a.mds",1;
		PIECE_NAME "taru-a";
		PIECE_POS 0,0,0;
		PIECE_ROT 0,0,0;
		PIECE_SCALE 1,1,1;
		PIECE_COL_TYPE 0,0;
		PIECE_TIME 0,0;
	PIECE_END;
PARTS_END;
PARTS "p_ibox";
	FAR_CLIP 1000,1,-1,"";
	LIGHT_FLAG 0,0;
	MOVE_FLAG 1,1,1,1;
	PIECE "ibox_f-m.mds",1;
		PIECE_NAME "ibox_f-m";
		PIECE_POS -3.1e-005,8.625,-5.39995;
		PIECE_ROT 0,0,0;
		PIECE_SCALE 1,1,1;
		PIECE_COL_TYPE 0,0;
		PIECE_TIME 0,0;
	PIECE_END;
	PIECE "ibox-m.mds",1;
		PIECE_NAME "ibox-m";
		PIECE_POS -1e-006,0,-4e-006;
		PIECE_ROT 0,0,0;
		PIECE_SCALE 1,1,1;
		PIECE_COL_TYPE 0,0;
		PIECE_TIME 0,0;
	PIECE_END;
	PIECE "ibox-a.mds",1;
		PIECE_NAME "ibox-a";
		PIECE_POS -1e-006,0,-4e-006;
		PIECE_ROT 0,0,0;
		PIECE_SCALE 1,1,1;
		PIECE_COL_TYPE 0,0;
		PIECE_TIME 0,0;
	PIECE_END;
	PIECE "ibox-c.mds",1;
		PIECE_NAME "ibox-c";
		PIECE_POS -1e-006,0,-4e-006;
		PIECE_ROT 0,0,0;
		PIECE_SCALE 1,1,1;
		PIECE_COL_TYPE 0,0;
		PIECE_TIME 0,0;
	PIECE_END;
	PIECE "ibox_futa-a.mds",0;
		PIECE_NAME "ibox_futa-a";
		PIECE_POS -1e-006,0,-4e-006;
		PIECE_ROT 0,0,0;
		PIECE_SCALE 1,1,1;
		PIECE_COL_TYPE 0,0;
		PIECE_TIME 0,0;
	PIECE_END;
	FUNC_POINT 1;
		FUNC_DATA "event",1;
			FUNC_MDS 0;
			FUNC_NAME "ibox_func";
			FUNC_ID "";
			FUNC_FLAG 0, 0, 0,0;
			FUNC_EVENT_DATA "event",0,800,0,0,0,"",1,0,1;
			FUNC_POS 0,0,0, 0,0,0, 30,30,30;
		FUNC_DATA_END;
	FUNC_POINT_END;
PARTS_END;
PARTS "p_book";
	FAR_CLIP 800,1,-1,"";
	LIGHT_FLAG 0,0;
	MOVE_FLAG 1,1,1,1;
	PIECE "x05_book-m.mds",1;
		PIECE_NAME "x05_book-m";
		PIECE_POS 0,0,0;
		PIECE_ROT 0,0,0;
		PIECE_SCALE 1,1,1;
		PIECE_COL_TYPE 0,0;
		PIECE_TIME 0,0;
	PIECE_END;
	PIECE "book-m.mds",1;
		PIECE_NAME "book-m";
		PIECE_POS 0,0,0;
		PIECE_ROT 0,0,0;
		PIECE_SCALE 1,1,1;
		PIECE_COL_TYPE 0,0;
		PIECE_TIME 0,0;
	PIECE_END;
	FUNC_POINT 1;
		FUNC_DATA "event",1;
			FUNC_MDS 0;
			FUNC_NAME "book_func";
			FUNC_ID "";
			FUNC_FLAG 0, 0, 0,0;
			FUNC_EVENT_DATA "event",0,803,0,0,0,"",1,0,1;
			FUNC_POS 0,0,0, 0,0,0, 25,25,25;
		FUNC_DATA_END;
	FUNC_POINT_END;
PARTS_END;
PARTS "p_door";
	LIGHT_FLAG 0,0;
	MOVE_FLAG 1,1,1,1;
	PIECE "x05_door-m.mds",1;
		PIECE_NAME "x05_door-m";
		PIECE_POS 0,0,0;
		PIECE_ROT 0,0,0;
		PIECE_SCALE 1,1,1;
		PIECE_COL_TYPE 0,0;
		PIECE_TIME 0,0;
	PIECE_END;
	PIECE "x05_door-a.mds",1;
		PIECE_NAME "x05_door-a";
		PIECE_POS 0,0,0;
		PIECE_ROT 0,0,0;
		PIECE_SCALE 1,1,1;
		PIECE_COL_TYPE 0,0;
		PIECE_TIME 0,0;
	PIECE_END;
	PIECE "x05_door-c.mds",1;
		PIECE_NAME "x05_door-c";
		PIECE_POS 0,0,0;
		PIECE_ROT 0,0,0;
		PIECE_SCALE 1,1,1;
		PIECE_COL_TYPE 0,0;
		PIECE_TIME 0,0;
	PIECE_END;
	FUNC_POINT 1;
		FUNC_DATA "event",1;
			FUNC_MDS 0;
			FUNC_NAME "doorin_func";
			FUNC_ID "";
			FUNC_FLAG 0, 0, 0,0;
			FUNC_EVENT_DATA "event",0,250,110,0,0,"",1,0,1;
			FUNC_POS -15,0,0, 0,0,0, 30,30,30;
		FUNC_DATA_END;
	FUNC_POINT_END;
PARTS_END;

MAP_PARTS "p_tansu2-0",1;
	PARTS_NAME "p_tansu2";
	PARTS_ID "x05-tans2-1";
	PARTS_GROUP "";
	PARTS_LIGHT_GROUP "";
	PARTS_POS 683,0,-863.8;
	PARTS_ROT 0,-1.5708,0;
	PARTS_SCALE 1,1,1;
MAP_PARTS_END;
MAP_PARTS "p_tansu2-1",1;
	PARTS_NAME "p_tansu2";
	PARTS_ID "x05-tans2-2";
	PARTS_GROUP "";
	PARTS_LIGHT_GROUP "";
	PARTS_POS 261.4,0,-543.8;
	PARTS_ROT 0,1.5708,0;
	PARTS_SCALE 1,1,1;
MAP_PARTS_END;
MAP_PARTS "p_tansu1-2",1;
	PARTS_NAME "p_tansu1";
	PARTS_ID "x05-tans1-1";
	PARTS_GROUP "";
	PARTS_LIGHT_GROUP "";
	PARTS_POS -625.881,160,-292.32;
	PARTS_ROT 0,-0.785398,0;
	PARTS_SCALE 1,1,1;
MAP_PARTS_END;
MAP_PARTS "p_ibox-0_1",1;
	PARTS_NAME "p_ibox";
	PARTS_ID "x05-tbox-2";
	PARTS_GROUP "";
	PARTS_LIGHT_GROUP "";
	PARTS_POS 865.819,640,-2108.52;
	PARTS_ROT 0,-3.14159,0;
	PARTS_SCALE 1,1,1;
MAP_PARTS_END;
MAP_PARTS "p_ibox-0",1;
	PARTS_NAME "p_ibox";
	PARTS_ID "x05-tbox-3";
	PARTS_GROUP "";
	PARTS_LIGHT_GROUP "";
	PARTS_POS -1085.8,39.9999,-1456.8;
	PARTS_ROT 0,1.5708,0;
	PARTS_SCALE 1,1,1;
MAP_PARTS_END;
MAP_PARTS "p_ibox-1",1;
	PARTS_NAME "p_ibox";
	PARTS_ID "x05-tbox-1";
	PARTS_GROUP "";
	PARTS_LIGHT_GROUP "";
	PARTS_POS -921.2,0,65.9999;
	PARTS_ROT 0,1.5708,0;
	PARTS_SCALE 1,1,1;
MAP_PARTS_END;
MAP_PARTS "p_tsubo-0",1;
	PARTS_NAME "p_tsubo";
	PARTS_ID "x05-tubo-1";
	PARTS_GROUP "";
	PARTS_LIGHT_GROUP "";
	PARTS_POS 392.8,120,-677.6;
	PARTS_ROT 0,0,0;
	PARTS_SCALE 1,1,1;
MAP_PARTS_END;
MAP_PARTS "p_tsubo-1",1;
	PARTS_NAME "p_tsubo";
	PARTS_ID "x05-tubo-2";
	PARTS_GROUP "";
	PARTS_LIGHT_GROUP "";
	PARTS_POS 404.409,120,-662.689;
	PARTS_ROT 0,0,0;
	PARTS_SCALE 1,1,1;
MAP_PARTS_END;
MAP_PARTS "p_tsubo-2",1;
	PARTS_NAME "p_tsubo";
	PARTS_ID "x05-tubo-3";
	PARTS_GROUP "";
	PARTS_LIGHT_GROUP "";
	PARTS_POS 261.2,0,-594.6;
	PARTS_ROT 0,0,0;
	PARTS_SCALE 1,1,1;
MAP_PARTS_END;
MAP_PARTS "p_tsubo-3",1;
	PARTS_NAME "p_tsubo";
	PARTS_ID "x05-tubo-4";
	PARTS_GROUP "";
	PARTS_LIGHT_GROUP "";
	PARTS_POS 261.2,0,-573.6;
	PARTS_ROT 0,0,0;
	PARTS_SCALE 1,1,1;
MAP_PARTS_END;
MAP_PARTS "p_tsubo-4",1;
	PARTS_NAME "p_tsubo";
	PARTS_ID "x05-tubo-5";
	PARTS_GROUP "";
	PARTS_LIGHT_GROUP "";
	PARTS_POS -560.602,160,-230.4;
	PARTS_ROT 0,0,0;
	PARTS_SCALE 1,1,1;
MAP_PARTS_END;
MAP_PARTS "p_taru-1",1;
	PARTS_NAME "p_taru";
	PARTS_ID "x05-taru-1";
	PARTS_GROUP "";
	PARTS_LIGHT_GROUP "";
	PARTS_POS 351,120,-1162.8;
	PARTS_ROT 0,0,0;
	PARTS_SCALE 1,1,1;
MAP_PARTS_END;
MAP_PARTS "p_taru-2",1;
	PARTS_NAME "p_taru";
	PARTS_ID "x05-taru-2";
	PARTS_GROUP "";
	PARTS_LIGHT_GROUP "";
	PARTS_POS 304.8,120,-1145.6;
	PARTS_ROT 0,0,0;
	PARTS_SCALE 1,1,1;
MAP_PARTS_END;
MAP_PARTS "p_taru-3",1;
	PARTS_NAME "p_taru";
	PARTS_ID "x05-taru-3";
	PARTS_GROUP "";
	PARTS_LIGHT_GROUP "";
	PARTS_POS 357.6,120,-1132.8;
	PARTS_ROT 0,0,0;
	PARTS_SCALE 1,1,1;
MAP_PARTS_END;
MAP_PARTS "p_taru-4",1;
	PARTS_NAME "p_taru";
	PARTS_ID "x05-taru-4";
	PARTS_GROUP "";
	PARTS_LIGHT_GROUP "";
	PARTS_POS 277,120,-1119.4;
	PARTS_ROT 0,0,0;
	PARTS_SCALE 1,1,1;
MAP_PARTS_END;
MAP_PARTS "p_taru-5",1;
	PARTS_NAME "p_taru";
	PARTS_ID "x05-taru-5";
	PARTS_GROUP "";
	PARTS_LIGHT_GROUP "";
	PARTS_POS 291.6,120,-1103.4;
	PARTS_ROT 0,0,0;
	PARTS_SCALE 1,1,1;
MAP_PARTS_END;
MAP_PARTS "p_taru-6",1;
	PARTS_NAME "p_taru";
	PARTS_ID "x05-taru-6";
	PARTS_GROUP "";
	PARTS_LIGHT_GROUP "";
	PARTS_POS 324,120,-1107.6;
	PARTS_ROT 0,0,0;
	PARTS_SCALE 1,1,1;
MAP_PARTS_END;
MAP_PARTS "p_taru-7",1;
	PARTS_NAME "p_taru";
	PARTS_ID "x05-taru-7";
	PARTS_GROUP "";
	PARTS_LIGHT_GROUP "";
	PARTS_POS 365,120,-1097.2;
	PARTS_ROT 0,0,0;
	PARTS_SCALE 1,1,1;
MAP_PARTS_END;
MAP_PARTS "p_taru-8",1;
	PARTS_NAME "p_taru";
	PARTS_ID "x05-taru-8";
	PARTS_GROUP "";
	PARTS_LIGHT_GROUP "";
	PARTS_POS 403.8,120,-1097.6;
	PARTS_ROT 0,0,0;
	PARTS_SCALE 1,1,1;
MAP_PARTS_END;
MAP_PARTS "p_taru-9",1;
	PARTS_NAME "p_taru";
	PARTS_ID "x05-taru-9";
	PARTS_GROUP "";
	PARTS_LIGHT_GROUP "";
	PARTS_POS 265.378,120,-1065.2;
	PARTS_ROT 0,0,0;
	PARTS_SCALE 1,1,1;
MAP_PARTS_END;
MAP_PARTS "p_taru-10",1;
	PARTS_NAME "p_taru";
	PARTS_ID "x05-taru-10";
	PARTS_GROUP "";
	PARTS_LIGHT_GROUP "";
	PARTS_POS 291,120,-1052.6;
	PARTS_ROT 0,0,0;
	PARTS_SCALE 1,1,1;
MAP_PARTS_END;
MAP_PARTS "p_taru-11",1;
	PARTS_NAME "p_taru";
	PARTS_ID "x05-taru-11";
	PARTS_GROUP "";
	PARTS_LIGHT_GROUP "";
	PARTS_POS 326.6,120,-1068.4;
	PARTS_ROT 0,0,0;
	PARTS_SCALE 1,1,1;
MAP_PARTS_END;
MAP_PARTS "p_taru-12",1;
	PARTS_NAME "p_taru";
	PARTS_ID "x05-taru-12";
	PARTS_GROUP "";
	PARTS_LIGHT_GROUP "";
	PARTS_POS 353.6,120,-1048.8;
	PARTS_ROT 0,0,0;
	PARTS_SCALE 1,1,1;
MAP_PARTS_END;
MAP_PARTS "p_taru-13",1;
	PARTS_NAME "p_taru";
	PARTS_ID "x05-taru-13";
	PARTS_GROUP "";
	PARTS_LIGHT_GROUP "";
	PARTS_POS 380,120,-1057.6;
	PARTS_ROT 0,0,0;
	PARTS_SCALE 1,1,1;
MAP_PARTS_END;
MAP_PARTS "p_taru-14",1;
	PARTS_NAME "p_taru";
	PARTS_ID "x05-taru-14";
	PARTS_GROUP "";
	PARTS_LIGHT_GROUP "";
	PARTS_POS 414,120,-1047.6;
	PARTS_ROT 0,0,0;
	PARTS_SCALE 1,1,1;
MAP_PARTS_END;
MAP_PARTS "p_taru-15",1;
	PARTS_NAME "p_taru";
	PARTS_ID "x05-taru-15";
	PARTS_GROUP "";
	PARTS_LIGHT_GROUP "";
	PARTS_POS 420,120,-1075.8;
	PARTS_ROT 0,0,0;
	PARTS_SCALE 1,1,1;
MAP_PARTS_END;
MAP_PARTS "p_taru-16",1;
	PARTS_NAME "p_taru";
	PARTS_ID "x05-taru-16";
	PARTS_GROUP "";
	PARTS_LIGHT_GROUP "";
	PARTS_POS 265.4,120,-1008.8;
	PARTS_ROT 0,0,0;
	PARTS_SCALE 1,1,1;
MAP_PARTS_END;
MAP_PARTS "p_taru-17",1;
	PARTS_NAME "p_taru";
	PARTS_ID "x05-taru-17";
	PARTS_GROUP "";
	PARTS_LIGHT_GROUP "";
	PARTS_POS 291.2,120,-991.001;
	PARTS_ROT 0,0,0;
	PARTS_SCALE 1,1,1;
MAP_PARTS_END;
MAP_PARTS "p_taru-18",1;
	PARTS_NAME "p_taru";
	PARTS_ID "x05-taru-18";
	PARTS_GROUP "";
	PARTS_LIGHT_GROUP "";
	PARTS_POS 311.2,120,-1016;
	PARTS_ROT 0,0,0;
	PARTS_SCALE 1,1,1;
MAP_PARTS_END;
MAP_PARTS "p_taru-19",1;
	PARTS_NAME "p_taru";
	PARTS_ID "x05-taru-19";
	PARTS_GROUP "";
	PARTS_LIGHT_GROUP "";
	PARTS_POS 339.2,120,-1005;
	PARTS_ROT 0,0,0;
	PARTS_SCALE 1,1,1;
MAP_PARTS_END;
MAP_PARTS "p_taru-20",1;
	PARTS_NAME "p_taru";
	PARTS_ID "x05-taru-20";
	PARTS_GROUP "";
	PARTS_LIGHT_GROUP "";
	PARTS_POS 370,120,-1003.4;
	PARTS_ROT 0,0,0;
	PARTS_SCALE 1,1,1;
MAP_PARTS_END;
MAP_PARTS "p_taru-21",1;
	PARTS_NAME "p_taru";
	PARTS_ID "x05-taru-21";
	PARTS_GROUP "";
	PARTS_LIGHT_GROUP "";
	PARTS_POS 392.8,120,-991.6;
	PARTS_ROT 0,0,0;
	PARTS_SCALE 1,1,1;
MAP_PARTS_END;
MAP_PARTS "p_taru-22",1;
	PARTS_NAME "p_taru";
	PARTS_ID "x05-taru-22";
	PARTS_GROUP "";
	PARTS_LIGHT_GROUP "";
	PARTS_POS 317.2,120,-964.801;
	PARTS_ROT 0,0,0;
	PARTS_SCALE 1,1,1;
MAP_PARTS_END;
MAP_PARTS "p_taru-23",1;
	PARTS_NAME "p_taru";
	PARTS_ID "x05-taru-23";
	PARTS_GROUP "";
	PARTS_LIGHT_GROUP "";
	PARTS_POS 348,120,-975.601;
	PARTS_ROT 0,0,0;
	PARTS_SCALE 1,1,1;
MAP_PARTS_END;
MAP_PARTS "p_taru-24",1;
	PARTS_NAME "p_taru";
	PARTS_ID "x05-taru-24";
	PARTS_GROUP "";
	PARTS_LIGHT_GROUP "";
	PARTS_POS 384.6,120,-965.801;
	PARTS_ROT 0,0,0;
	PARTS_SCALE 1,1,1;
MAP_PARTS_END;
MAP_PARTS "p_taru-25",1;
	PARTS_NAME "p_taru";
	PARTS_ID "x05-taru-25";
	PARTS_GROUP "";
	PARTS_LIGHT_GROUP "";
	PARTS_POS 283.399,120,-918.201;
	PARTS_ROT 0,0,0;
	PARTS_SCALE 1,1,1;
MAP_PARTS_END;
MAP_PARTS "p_taru-26",1;
	PARTS_NAME "p_taru";
	PARTS_ID "x05-taru-26";
	PARTS_GROUP "";
	PARTS_LIGHT_GROUP "";
	PARTS_POS 321.4,120,-930.601;
	PARTS_ROT 0,0,0;
	PARTS_SCALE 1,1,1;
MAP_PARTS_END;
MAP_PARTS "p_taru-27",1;
	PARTS_NAME "p_taru";
	PARTS_ID "x05-taru-27";
	PARTS_GROUP "";
	PARTS_LIGHT_GROUP "";
	PARTS_POS 350.799,120,-916.801;
	PARTS_ROT 0,0,0;
	PARTS_SCALE 1,1,1;
MAP_PARTS_END;
MAP_PARTS "p_taru-28",1;
	PARTS_NAME "p_taru";
	PARTS_ID "x05-taru-28";
	PARTS_GROUP "";
	PARTS_LIGHT_GROUP "";
	PARTS_POS 284.8,120,-875.001;
	PARTS_ROT 0,0,0;
	PARTS_SCALE 1,1,1;
MAP_PARTS_END;
MAP_PARTS "p_taru-29",1;
	PARTS_NAME "p_taru";
	PARTS_ID "x05-taru-29";
	PARTS_GROUP "";
	PARTS_LIGHT_GROUP "";
	PARTS_POS 314.8,120,-888.801;
	PARTS_ROT 0,0,0;
	PARTS_SCALE 1,1,1;
MAP_PARTS_END;
MAP_PARTS "p_taru-30",1;
	PARTS_NAME "p_taru";
	PARTS_ID "x05-taru-30";
	PARTS_GROUP "";
	PARTS_LIGHT_GROUP "";
	PARTS_POS 321.999,120,-855.401;
	PARTS_ROT 0,0,0;
	PARTS_SCALE 1,1,1;
MAP_PARTS_END;
MAP_PARTS "p_taru-31",1;
	PARTS_NAME "p_taru";
	PARTS_ID "x05-taru-31";
	PARTS_GROUP "";
	PARTS_LIGHT_GROUP "";
	PARTS_POS 281.6,120,-836.001;
	PARTS_ROT 0,0,0;
	PARTS_SCALE 1,1,1;
MAP_PARTS_END;
MAP_PARTS "p_taru-32",1;
	PARTS_NAME "p_taru";
	PARTS_ID "x05-taru-32";
	PARTS_GROUP "";
	PARTS_LIGHT_GROUP "";
	PARTS_POS 337.6,120,-819.801;
	PARTS_ROT 0,0,0;
	PARTS_SCALE 1,1,1;
MAP_PARTS_END;
MAP_PARTS "p_taru-33",1;
	PARTS_NAME "p_taru";
	PARTS_ID "x05-taru-33";
	PARTS_GROUP "";
	PARTS_LIGHT_GROUP "";
	PARTS_POS 280.199,120,-795.001;
	PARTS_ROT 0,0,0;
	PARTS_SCALE 1,1,1;
MAP_PARTS_END;
MAP_PARTS "p_taru-34",1;
	PARTS_NAME "p_taru";
	PARTS_ID "x05-taru-34";
	PARTS_GROUP "";
	PARTS_LIGHT_GROUP "";
	PARTS_POS 322.799,120,-790.801;
	PARTS_ROT 0,0,0;
	PARTS_SCALE 1,1,1;
MAP_PARTS_END;
MAP_PARTS "p_taru-35",1;
	PARTS_NAME "p_taru";
	PARTS_ID "x05-taru-35";
	PARTS_GROUP "";
	PARTS_LIGHT_GROUP "";
	PARTS_POS 267.6,120,-760.801;
	PARTS_ROT 0,0,0;
	PARTS_SCALE 1,1,1;
MAP_PARTS_END;
MAP_PARTS "p_taru-36",1;
	PARTS_NAME "p_taru";
	PARTS_ID "x05-taru-36";
	PARTS_GROUP "";
	PARTS_LIGHT_GROUP "";
	PARTS_POS 298.4,120,-769.401;
	PARTS_ROT 0,0,0;
	PARTS_SCALE 1,1,1;
MAP_PARTS_END;
MAP_PARTS "p_taru-37",1;
	PARTS_NAME "p_taru";
	PARTS_ID "x05-taru-37";
	PARTS_GROUP "";
	PARTS_LIGHT_GROUP "";
	PARTS_POS 337.8,120,-757.601;
	PARTS_ROT 0,0,0;
	PARTS_SCALE 1,1,1;
MAP_PARTS_END;
MAP_PARTS "p_taru-38",1;
	PARTS_NAME "p_taru";
	PARTS_ID "x05-taru-38";
	PARTS_GROUP "";
	PARTS_LIGHT_GROUP "";
	PARTS_POS 270,120,-701.201;
	PARTS_ROT 0,0,0;
	PARTS_SCALE 1,1,1;
MAP_PARTS_END;
MAP_PARTS "p_taru-39",1;
	PARTS_NAME "p_taru";
	PARTS_ID "x05-taru-39";
	PARTS_GROUP "";
	PARTS_LIGHT_GROUP "";
	PARTS_POS 298,120,-713.001;
	PARTS_ROT 0,0,0;
	PARTS_SCALE 1,1,1;
MAP_PARTS_END;
MAP_PARTS "p_taru-40",1;
	PARTS_NAME "p_taru";
	PARTS_ID "x05-taru-40";
	PARTS_GROUP "";
	PARTS_LIGHT_GROUP "";
	PARTS_POS 283.199,120,-737.2;
	PARTS_ROT 0,0,0;
	PARTS_SCALE 1,1,1;
MAP_PARTS_END;
MAP_PARTS "p_taru-41",1;
	PARTS_NAME "p_taru";
	PARTS_ID "x05-taru-41";
	PARTS_GROUP "";
	PARTS_LIGHT_GROUP "";
	PARTS_POS 337.599,120,-715.6;
	PARTS_ROT 0,0,0;
	PARTS_SCALE 1,1,1;
MAP_PARTS_END;
MAP_PARTS "p_taru-42",1;
	PARTS_NAME "p_taru";
	PARTS_ID "x05-taru-42";
	PARTS_GROUP "";
	PARTS_LIGHT_GROUP "";
	PARTS_POS 341.8,120,-668;
	PARTS_ROT 0,0,0;
	PARTS_SCALE 1,1,1;
MAP_PARTS_END;
MAP_PARTS "p_taru-43",1;
	PARTS_NAME "p_taru";
	PARTS_ID "x05-taru-43";
	PARTS_GROUP "";
	PARTS_LIGHT_GROUP "";
	PARTS_POS 343.8,120,-643;
	PARTS_ROT 0,0,0;
	PARTS_SCALE 1,1,1;
MAP_PARTS_END;
MAP_PARTS "p_taru-44",1;
	PARTS_NAME "p_taru";
	PARTS_ID "x05-taru-44";
	PARTS_GROUP "";
	PARTS_LIGHT_GROUP "";
	PARTS_POS 266.8,120,-655.8;
	PARTS_ROT 0,0,0;
	PARTS_SCALE 1,1,1;
MAP_PARTS_END;
MAP_PARTS "p_taru-45",1;
	PARTS_NAME "p_taru";
	PARTS_ID "x05-taru-45";
	PARTS_GROUP "";
	PARTS_LIGHT_GROUP "";
	PARTS_POS 300,120,-650.6;
	PARTS_ROT 0,0,0;
	PARTS_SCALE 1,1,1;
MAP_PARTS_END;
MAP_PARTS "p_taru-46",1;
	PARTS_NAME "p_taru";
	PARTS_ID "x05-taru-46";
	PARTS_GROUP "";
	PARTS_LIGHT_GROUP "";
	PARTS_POS 309.2,120,-591.6;
	PARTS_ROT 0,0,0;
	PARTS_SCALE 1,1,1;
MAP_PARTS_END;
MAP_PARTS "p_taru-47",1;
	PARTS_NAME "p_taru";
	PARTS_ID "x05-taru-47";
	PARTS_GROUP "";
	PARTS_LIGHT_GROUP "";
	PARTS_POS 346,120,-567.4;
	PARTS_ROT 0,0,0;
	PARTS_SCALE 1,1,1;
MAP_PARTS_END;
MAP_PARTS "p_taru-48",1;
	PARTS_NAME "p_taru";
	PARTS_ID "x05-taru-48";
	PARTS_GROUP "";
	PARTS_LIGHT_GROUP "";
	PARTS_POS 359.6,120,-599.4;
	PARTS_ROT 0,0,0;
	PARTS_SCALE 1,1,1;
MAP_PARTS_END;
MAP_PARTS "p_taru-49",1;
	PARTS_NAME "p_taru";
	PARTS_ID "x05-taru-49";
	PARTS_GROUP "";
	PARTS_LIGHT_GROUP "";
	PARTS_POS 372.8,120,-574.2;
	PARTS_ROT 0,0,0;
	PARTS_SCALE 1,1,1;
MAP_PARTS_END;
MAP_PARTS "p_taru-50",1;
	PARTS_NAME "p_taru";
	PARTS_ID "x05-taru-50";
	PARTS_GROUP "";
	PARTS_LIGHT_GROUP "";
	PARTS_POS 409.199,120,-521.399;
	PARTS_ROT 0,0,0;
	PARTS_SCALE 1,1,1;
MAP_PARTS_END;
MAP_PARTS "p_taru-51",1;
	PARTS_NAME "p_taru";
	PARTS_ID "x05-taru-51";
	PARTS_GROUP "";
	PARTS_LIGHT_GROUP "";
	PARTS_POS 343.8,120,-525.799;
	PARTS_ROT 0,0,0;
	PARTS_SCALE 1,1,1;
MAP_PARTS_END;
MAP_PARTS "p_taru-52",1;
	PARTS_NAME "p_taru";
	PARTS_ID "x05-taru-52";
	PARTS_GROUP "";
	PARTS_LIGHT_GROUP "";
	PARTS_POS 383.4,120,-519.199;
	PARTS_ROT 0,0,0;
	PARTS_SCALE 1,1,1;
MAP_PARTS_END;
MAP_PARTS "p_taru-53",1;
	PARTS_NAME "p_taru";
	PARTS_ID "x05-taru-53";
	PARTS_GROUP "";
	PARTS_LIGHT_GROUP "";
	PARTS_POS 367.2,120,-543.399;
	PARTS_ROT 0,0,0;
	PARTS_SCALE 1,1,1;
MAP_PARTS_END;
MAP_PARTS "p_book-01",1;
	PARTS_NAME "p_book";
	PARTS_ID "x05-book-1";
	PARTS_GROUP "";
	PARTS_LIGHT_GROUP "";
	PARTS_POS 389.2,0,-636.2;
	PARTS_ROT 0,-1.5708,0;
	PARTS_SCALE 1,1,1;
MAP_PARTS_END;
MAP_PARTS "p_book-02",1;
	PARTS_NAME "p_book";
	PARTS_ID "x05-book-2";
	PARTS_GROUP "";
	PARTS_LIGHT_GROUP "";
	PARTS_POS 389.2,0,-596.4;
	PARTS_ROT 0,-1.5708,0;
	PARTS_SCALE 1,1,1;
MAP_PARTS_END;
MAP_PARTS "p_book-03",1;
	PARTS_NAME "p_book";
	PARTS_ID "x05-book-3";
	PARTS_GROUP "";
	PARTS_LIGHT_GROUP "";
	PARTS_POS -1015.2,40,-1023;
	PARTS_ROT 0,1.5708,0;
	PARTS_SCALE 1,1,1;
MAP_PARTS_END;
MAP_PARTS "p_book-04",1;
	PARTS_NAME "p_book";
	PARTS_ID "x05-book-4";
	PARTS_GROUP "";
	PARTS_LIGHT_GROUP "";
	PARTS_POS -898.801,40,-1023;
	PARTS_ROT 0,-1.5708,0;
	PARTS_SCALE 1,1,1;
MAP_PARTS_END;
MAP_PARTS "p_book-05",1;
	PARTS_NAME "p_book";
	PARTS_ID "x05-book-5";
	PARTS_GROUP "";
	PARTS_LIGHT_GROUP "";
	PARTS_POS -1015.2,40,-983.001;
	PARTS_ROT 0,1.5708,0;
	PARTS_SCALE 1,1,1;
MAP_PARTS_END;
MAP_PARTS "p_book-06",1;
	PARTS_NAME "p_book";
	PARTS_ID "x05-book-6";
	PARTS_GROUP "";
	PARTS_LIGHT_GROUP "";
	PARTS_POS -898.801,40,-983.001;
	PARTS_ROT 0,-1.5708,0;
	PARTS_SCALE 1,1,1;
MAP_PARTS_END;
MAP_PARTS "p_book-07",1;
	PARTS_NAME "p_book";
	PARTS_ID "x05-book-7";
	PARTS_GROUP "";
	PARTS_LIGHT_GROUP "";
	PARTS_POS -1015.2,40,-896.001;
	PARTS_ROT 0,1.5708,0;
	PARTS_SCALE 1,1,1;
MAP_PARTS_END;
MAP_PARTS "p_book-08",1;
	PARTS_NAME "p_book";
	PARTS_ID "x05-book-8";
	PARTS_GROUP "";
	PARTS_LIGHT_GROUP "";
	PARTS_POS -898.801,40,-896.001;
	PARTS_ROT 0,-1.5708,0;
	PARTS_SCALE 1,1,1;
MAP_PARTS_END;
MAP_PARTS "p_book-09",1;
	PARTS_NAME "p_book";
	PARTS_ID "x05-book-9";
	PARTS_GROUP "";
	PARTS_LIGHT_GROUP "";
	PARTS_POS -1015.2,40,-856.001;
	PARTS_ROT 0,1.5708,0;
	PARTS_SCALE 1,1,1;
MAP_PARTS_END;
MAP_PARTS "p_book-10",1;
	PARTS_NAME "p_book";
	PARTS_ID "x05-book-10";
	PARTS_GROUP "";
	PARTS_LIGHT_GROUP "";
	PARTS_POS -898.801,40,-856.001;
	PARTS_ROT 0,-1.5708,0;
	PARTS_SCALE 1,1,1;
MAP_PARTS_END;
MAP_PARTS "p_book-11",1;
	PARTS_NAME "p_book";
	PARTS_ID "x05-book-11";
	PARTS_GROUP "";
	PARTS_LIGHT_GROUP "";
	PARTS_POS -1015.2,0,-664.001;
	PARTS_ROT 0,1.5708,0;
	PARTS_SCALE 1,1,1;
MAP_PARTS_END;
MAP_PARTS "p_book-12",1;
	PARTS_NAME "p_book";
	PARTS_ID "x05-book-12";
	PARTS_GROUP "";
	PARTS_LIGHT_GROUP "";
	PARTS_POS -898.801,0,-664.001;
	PARTS_ROT 0,-1.5708,0;
	PARTS_SCALE 1,1,1;
MAP_PARTS_END;
MAP_PARTS "p_book-13",1;
	PARTS_NAME "p_book";
	PARTS_ID "x05-book-13";
	PARTS_GROUP "";
	PARTS_LIGHT_GROUP "";
	PARTS_POS -1015.2,0,-624;
	PARTS_ROT 0,1.5708,0;
	PARTS_SCALE 1,1,1;
MAP_PARTS_END;
MAP_PARTS "p_book-14",1;
	PARTS_NAME "p_book";
	PARTS_ID "x05-book-14";
	PARTS_GROUP "";
	PARTS_LIGHT_GROUP "";
	PARTS_POS -898.801,0,-624;
	PARTS_ROT 0,-1.5708,0;
	PARTS_SCALE 1,1,1;
MAP_PARTS_END;
MAP_PARTS "p_book-15",1;
	PARTS_NAME "p_book";
	PARTS_ID "x05-book-15";
	PARTS_GROUP "";
	PARTS_LIGHT_GROUP "";
	PARTS_POS -1015.2,0,-513.401;
	PARTS_ROT 0,1.5708,0;
	PARTS_SCALE 1,1,1;
MAP_PARTS_END;
MAP_PARTS "p_book-16",1;
	PARTS_NAME "p_book";
	PARTS_ID "x05-book-16";
	PARTS_GROUP "";
	PARTS_LIGHT_GROUP "";
	PARTS_POS -898.801,0,-513.401;
	PARTS_ROT 0,-1.5708,0;
	PARTS_SCALE 1,1,1;
MAP_PARTS_END;
MAP_PARTS "p_book-17",1;
	PARTS_NAME "p_book";
	PARTS_ID "x05-book-17";
	PARTS_GROUP "";
	PARTS_LIGHT_GROUP "";
	PARTS_POS -1015.2,0,-473.401;
	PARTS_ROT 0,1.5708,0;
	PARTS_SCALE 1,1,1;
MAP_PARTS_END;
MAP_PARTS "p_book-18",1;
	PARTS_NAME "p_book";
	PARTS_ID "x05-book-18";
	PARTS_GROUP "";
	PARTS_LIGHT_GROUP "";
	PARTS_POS -898.801,0,-473.401;
	PARTS_ROT 0,-1.5708,0;
	PARTS_SCALE 1,1,1;
MAP_PARTS_END;
MAP_PARTS "p_book-19",1;
	PARTS_NAME "p_book";
	PARTS_ID "x05-book-19";
	PARTS_GROUP "";
	PARTS_LIGHT_GROUP "";
	PARTS_POS -506.402,0,-61.2007;
	PARTS_ROT 0,0,0;
	PARTS_SCALE 1,1,1;
MAP_PARTS_END;
MAP_PARTS "p_book-20",1;
	PARTS_NAME "p_book";
	PARTS_ID "x05-book-20";
	PARTS_GROUP "";
	PARTS_LIGHT_GROUP "";
	PARTS_POS -466.401,0,-61.2006;
	PARTS_ROT 0,0,0;
	PARTS_SCALE 1,1,1;
MAP_PARTS_END;
MAP_PARTS "p_book-21",1;
	PARTS_NAME "p_book";
	PARTS_ID "x05-book-21";
	PARTS_GROUP "";
	PARTS_LIGHT_GROUP "";
	PARTS_POS -400.601,0,-61.2006;
	PARTS_ROT 0,0,0;
	PARTS_SCALE 1,1,1;
MAP_PARTS_END;
MAP_PARTS "p_book-22",1;
	PARTS_NAME "p_book";
	PARTS_ID "x05-book-22";
	PARTS_GROUP "";
	PARTS_LIGHT_GROUP "";
	PARTS_POS -360.601,0,-61.2006;
	PARTS_ROT 0,0,0;
	PARTS_SCALE 1,1,1;
MAP_PARTS_END;
MAP_PARTS "p_book-23",1;
	PARTS_NAME "p_book";
	PARTS_ID "x05-book-23";
	PARTS_GROUP "";
	PARTS_LIGHT_GROUP "";
	PARTS_POS -359.201,0,55.3995;
	PARTS_ROT 0,-3.14159,0;
	PARTS_SCALE 1,1,1;
MAP_PARTS_END;
MAP_PARTS "p_book-24",1;
	PARTS_NAME "p_book";
	PARTS_ID "x05-book-24";
	PARTS_GROUP "";
	PARTS_LIGHT_GROUP "";
	PARTS_POS -607.802,0,55.3995;
	PARTS_ROT 0,-3.14159,0;
	PARTS_SCALE 1,1,1;
MAP_PARTS_END;
MAP_PARTS "p_book-25",1;
	PARTS_NAME "p_book";
	PARTS_ID "x05-book-25";
	PARTS_GROUP "";
	PARTS_LIGHT_GROUP "";
	PARTS_POS -567.802,0,55.3995;
	PARTS_ROT 0,-3.14159,0;
	PARTS_SCALE 1,1,1;
MAP_PARTS_END;
MAP_PARTS "p_book-26",1;
	PARTS_NAME "p_book";
	PARTS_ID "x05-book-26";
	PARTS_GROUP "";
	PARTS_LIGHT_GROUP "";
	PARTS_POS -503.602,0,55.3995;
	PARTS_ROT 0,-3.14159,0;
	PARTS_SCALE 1,1,1;
MAP_PARTS_END;
MAP_PARTS "p_book-27",1;
	PARTS_NAME "p_book";
	PARTS_ID "x05-book-27";
	PARTS_GROUP "";
	PARTS_LIGHT_GROUP "";
	PARTS_POS -463.602,0,55.3995;
	PARTS_ROT 0,-3.14159,0;
	PARTS_SCALE 1,1,1;
MAP_PARTS_END;
MAP_PARTS "p_book-28",1;
	PARTS_NAME "p_book";
	PARTS_ID "x05-book-28";
	PARTS_GROUP "";
	PARTS_LIGHT_GROUP "";
	PARTS_POS -399.202,0,55.3995;
	PARTS_ROT 0,-3.14159,0;
	PARTS_SCALE 1,1,1;
MAP_PARTS_END;
MAP_PARTS "p_book-29",1;
	PARTS_NAME "p_book";
	PARTS_ID "x05-book-29";
	PARTS_GROUP "";
	PARTS_LIGHT_GROUP "";
	PARTS_POS -592.201,160,-259.801;
	PARTS_ROT 0,-0.785398,0;
	PARTS_SCALE 1,1,1;
MAP_PARTS_END;
MAP_PARTS "p_door-0",1;
	PARTS_NAME "p_door";
	PARTS_GROUP "";
	PARTS_LIGHT_GROUP "";
	PARTS_POS -689.8,160,-172.2;
	PARTS_ROT 0,-0.785398,0;
	PARTS_SCALE 1,1,1;
MAP_PARTS_END;

FUNC_POINT 6;
	FUNC_DATA "event",1;
		FUNC_MDS 1;
		FUNC_NAME "1";
		FUNC_ID "";
		FUNC_FLAG 0, 0, 0,0;
		FUNC_EVENT_DATA "event",0,200,1,0,3,"x05i11",0,0,1;
		FUNC_POS 0,720,-2284.6, 0,0,0, 20,20,20;
	FUNC_DATA_END;
	FUNC_DATA "event",1;
		FUNC_MDS 1;
		FUNC_NAME "2";
		FUNC_ID "";
		FUNC_FLAG 0, 0, 0,0;
		FUNC_EVENT_DATA "event",0,200,2,0,3,"x05i11",0,0,1;
		FUNC_POS 262.026,0,-1162.86, 0,1.13446,0, 20,20,20;
	FUNC_DATA_END;
	FUNC_DATA "event",1;
		FUNC_MDS 1;
		FUNC_NAME "3";
		FUNC_ID "";
		FUNC_FLAG 0, 0, 0,0;
		FUNC_EVENT_DATA "event",0,200,3,0,3,"x05i11",0,0,1;
		FUNC_POS -375.425,20,-1337.35, 0,-0.785398,0, 20,20,20;
	FUNC_DATA_END;
	FUNC_DATA "event",1;
		FUNC_MDS 1;
		FUNC_NAME "4";
		FUNC_ID "";
		FUNC_FLAG 0, 0, 0,0;
		FUNC_EVENT_DATA "event",0,200,5,0,3,"x05i12",0,0,1;
		FUNC_POS 508.026,0,-765.457, 0,0,0, 20,20,20;
	FUNC_DATA_END;
	FUNC_DATA "event",1;
		FUNC_MDS 0;
		FUNC_NAME "switch_func1";
		FUNC_ID "";
		FUNC_FLAG 0, 0, 0,0;
		FUNC_EVENT_DATA "event",0,1001,0,0,0,"",1,0,1;
		FUNC_POS 198.2,80,-499, 0,1.57,0, 30,30,30;
	FUNC_DATA_END;
	FUNC_DATA "event",1;
		FUNC_MDS 0;
		FUNC_NAME "switch_func2";
		FUNC_ID "";
		FUNC_FLAG 0, 0, 0,0;
		FUNC_EVENT_DATA "event",0,1002,0,0,0,"",1,0,1;
		FUNC_POS -267,240,-852, 0,-0.785,0, 30,30,30;
	FUNC_DATA_END;
FUNC_POINT_END;
