PARTS "p_book";
	LIGHT_FLAG 0,0;
	MOVE_FLAG 1,1,1,1;
	PIECE "books01-m.mds",1;
		PIECE_NAME "books01-m";
		PIECE_POS 0,0,0;
		PIECE_ROT 0,0,0;
		PIECE_SCALE 1,1,1;
		PIECE_COL_TYPE 0,0;
		PIECE_TIME 0,0;
	PIECE_END;
	PIECE "book-m.mds",1;
		PIECE_NAME "book-m";
		PIECE_POS -0.00031,0,0;
		PIECE_ROT 0,0,0;
		PIECE_SCALE 1,1,1;
		PIECE_COL_TYPE 0,0;
		PIECE_TIME 0,0;
	PIECE_END;
	FUNC_POINT 1;
		FUNC_DATA "event",1;
			FUNC_MDS 0;
			FUNC_NAME "book_func";
			FUNC_ID "";
			FUNC_FLAG 0, 0, 0,0;
			FUNC_EVENT_DATA "event",0,803,0,0,0,"",1,0,1;
			FUNC_POS 0,0,5.5, 0,0,0, 18,18,18;
		FUNC_DATA_END;
	FUNC_POINT_END;
PARTS_END;

MAP_PARTS "p_book-10",1;
	PARTS_NAME "p_book";
	PARTS_ID "c02i02-book-12";
	PARTS_GROUP "";
	PARTS_LIGHT_GROUP "";
	PARTS_POS -127.673,0,105.037;
	PARTS_ROT 0,1.5708,0;
	PARTS_SCALE 1,1,1;
MAP_PARTS_END;
MAP_PARTS "p_book-9",1;
	PARTS_NAME "p_book";
	PARTS_ID "c02i02-book-11";
	PARTS_GROUP "";
	PARTS_LIGHT_GROUP "";
	PARTS_POS -127.673,0,69.1207;
	PARTS_ROT 0,1.5708,0;
	PARTS_SCALE 1,1,1;
MAP_PARTS_END;
MAP_PARTS "p_book-4",1;
	PARTS_NAME "p_book";
	PARTS_ID "c02i02-book-10";
	PARTS_GROUP "";
	PARTS_LIGHT_GROUP "";
	PARTS_POS -127.673,0,33.7264;
	PARTS_ROT 0,1.5708,0;
	PARTS_SCALE 1,1,1;
MAP_PARTS_END;
MAP_PARTS "p_book",1;
	PARTS_NAME "p_book";
	PARTS_ID "c02i02-book-9";
	PARTS_GROUP "";
	PARTS_LIGHT_GROUP "";
	PARTS_POS -127.673,0,-35.0265;
	PARTS_ROT 0,1.5708,0;
	PARTS_SCALE 1,1,1;
MAP_PARTS_END;
MAP_PARTS "p_book-0",1;
	PARTS_NAME "p_book";
	PARTS_ID "c02i02-book-8";
	PARTS_GROUP "";
	PARTS_LIGHT_GROUP "";
	PARTS_POS -127.673,0,-70.0093;
	PARTS_ROT 0,1.5708,0;
	PARTS_SCALE 1,1,1;
MAP_PARTS_END;
MAP_PARTS "p_book-2",1;
	PARTS_NAME "p_book";
	PARTS_ID "c02i02-book-7";
	PARTS_GROUP "";
	PARTS_LIGHT_GROUP "";
	PARTS_POS -127.673,0,-105.386;
	PARTS_ROT 0,1.5708,0;
	PARTS_SCALE 1,1,1;
MAP_PARTS_END;
MAP_PARTS "p_book-8",1;
	PARTS_NAME "p_book";
	PARTS_ID "c02i02-book-6";
	PARTS_GROUP "";
	PARTS_LIGHT_GROUP "";
	PARTS_POS 127.46,0,104.892;
	PARTS_ROT 0,-1.5708,0;
	PARTS_SCALE 1,1,1;
MAP_PARTS_END;
MAP_PARTS "p_book-7",1;
	PARTS_NAME "p_book";
	PARTS_ID "c02i02-book-5";
	PARTS_GROUP "";
	PARTS_LIGHT_GROUP "";
	PARTS_POS 127.46,0,69.5266;
	PARTS_ROT 0,-1.5708,0;
	PARTS_SCALE 1,1,1;
MAP_PARTS_END;
MAP_PARTS "p_book-6",1;
	PARTS_NAME "p_book";
	PARTS_ID "c02i02-book-4";
	PARTS_GROUP "";
	PARTS_LIGHT_GROUP "";
	PARTS_POS 127.46,0,33.6123;
	PARTS_ROT 0,-1.5708,0;
	PARTS_SCALE 1,1,1;
MAP_PARTS_END;
MAP_PARTS "p_book-1",1;
	PARTS_NAME "p_book";
	PARTS_ID "c02i02-book-3";
	PARTS_GROUP "";
	PARTS_LIGHT_GROUP "";
	PARTS_POS 127.46,0,-34.3132;
	PARTS_ROT 0,-1.5708,0;
	PARTS_SCALE 1,1,1;
MAP_PARTS_END;
MAP_PARTS "p_book-5",1;
	PARTS_NAME "p_book";
	PARTS_ID "c02i02-book-2";
	PARTS_GROUP "";
	PARTS_LIGHT_GROUP "";
	PARTS_POS 127.46,0,-69.6735;
	PARTS_ROT 0,-1.5708,0;
	PARTS_SCALE 1,1,1;
MAP_PARTS_END;
MAP_PARTS "p_book-3",1;
	PARTS_NAME "p_book";
	PARTS_ID "c02i02-book-1";
	PARTS_GROUP "";
	PARTS_LIGHT_GROUP "";
	PARTS_POS 127.46,0,-105.58;
	PARTS_ROT 0,-1.5708,0;
	PARTS_SCALE 1,1,1;
MAP_PARTS_END;

FUNC_POINT 1;
	FUNC_DATA "event",1;
		FUNC_MDS 1;
		FUNC_NAME "door";
		FUNC_ID "";
		FUNC_FLAG 0, 0, 0,0;
		FUNC_EVENT_DATA "event",0,200,5,0,1,"c02",1,0,1;
		FUNC_POS -0.002888,10,119.019, 0,3.14159,0, 20,20,20;
	FUNC_DATA_END;
FUNC_POINT_END;
