PARTS "p_bookshelf";
	LIGHT_FLAG 0,0;
	MOVE_FLAG 1,1,1,1;
	PIECE "bookshelf-m.mds",1;
		PIECE_NAME "bookshelf-m";
		PIECE_POS 0,0,0;
		PIECE_ROT 0,0,0;
		PIECE_SCALE 1,1,1;
		PIECE_COL_TYPE 0,0;
		PIECE_TIME 0,0;
	PIECE_END;
	PIECE "book-m.mds",1;
		PIECE_NAME "book-m";
		PIECE_POS 0,0,0;
		PIECE_ROT 0,0,0;
		PIECE_SCALE 1,1,1;
		PIECE_COL_TYPE 0,0;
		PIECE_TIME 0,0;
	PIECE_END;
	FUNC_POINT 1;
		FUNC_DATA "event",1;
			FUNC_NAME "book_func";
			FUNC_ID "";
			FUNC_FLAG 0, 0, 0,0;
			FUNC_EVENT_DATA "event",1,803,0,0,0,"",1,0,1;
			FUNC_POS 0,0,5.5, 0,0,0, 20,20,20;
		FUNC_DATA_END;
	FUNC_POINT_END;
PARTS_END;
PARTS "p_kibako";
	LIGHT_FLAG 0,0;
	MOVE_FLAG 1,1,1,1;
	PIECE "kibako-m.mds",1;
		PIECE_NAME "kibako-m";
		PIECE_POS 0,0,0;
		PIECE_ROT 0,0,0;
		PIECE_SCALE 1,1,1;
		PIECE_COL_TYPE 0,0;
		PIECE_TIME 0,0;
	PIECE_END;
	PIECE "kibako-a.mds",1;
		PIECE_NAME "kibako-a";
		PIECE_POS 0,0,0;
		PIECE_ROT 0,0,0;
		PIECE_SCALE 1,1,1;
		PIECE_COL_TYPE 0,0;
		PIECE_TIME 0,0;
	PIECE_END;
PARTS_END;
PARTS "p_taru";
	LIGHT_FLAG 0,0;
	MOVE_FLAG 1,1,1,1;
	PIECE "taru-m.mds",1;
		PIECE_NAME "taru-m";
		PIECE_POS 0,0,0;
		PIECE_ROT 0,0,0;
		PIECE_SCALE 1,1,1;
		PIECE_COL_TYPE 0,0;
		PIECE_TIME 0,0;
	PIECE_END;
	PIECE "taru-a.mds",1;
		PIECE_NAME "taru-a";
		PIECE_POS 0,0,0;
		PIECE_ROT 0,0,0;
		PIECE_SCALE 1,1,1;
		PIECE_COL_TYPE 0,0;
		PIECE_TIME 0,0;
	PIECE_END;
PARTS_END;
PARTS "p_tsubo";
	LIGHT_FLAG 0,0;
	MOVE_FLAG 1,1,1,1;
	/* kw []
	PIECE "",1;
		PIECE_NAME "tsubo-c";
		PIECE_POS 0,0,0;
		PIECE_ROT 0,0,0;
		PIECE_SCALE 1,1,1;
		PIECE_COL_TYPE 0,0;
		PIECE_TIME 0,0;
	PIECE_END;
	*/
	PIECE "tsubo-m.mds",1;
		PIECE_NAME "tsubo-m";
		PIECE_POS 0,0,0;
		PIECE_ROT 0,0,0;
		PIECE_SCALE 1,1,1;
		PIECE_COL_TYPE 0,0;
		PIECE_TIME 0,0;
	PIECE_END;
	PIECE "tsubo-a.mds",1;
		PIECE_NAME "tsubo-a";
		PIECE_POS 0,0,0;
		PIECE_ROT 0,0,0;
		PIECE_SCALE 1,1,1;
		PIECE_COL_TYPE 0,0;
		PIECE_TIME 0,0;
	PIECE_END;
	PIECE "tsubo_futa-m.mds",1;
		PIECE_NAME "tsubo_futa-m";
		PIECE_POS 0,16.431,0;
		PIECE_ROT 0,0,0;
		PIECE_SCALE 1,1,1;
		PIECE_COL_TYPE 0,0;
		PIECE_TIME 0,0;
	PIECE_END;
PARTS_END;
PARTS "p_ibox";
	LIGHT_FLAG 0,0;
	MOVE_FLAG 1,1,1,1;
	PIECE "ibox_f-m.mds",1;
		PIECE_NAME "ibox_f-m";
		PIECE_POS -3.12586e-005,8.625,-5.39995;
		PIECE_ROT 0,0,0;
		PIECE_SCALE 1,1,1;
		PIECE_COL_TYPE 0,0;
		PIECE_TIME 0,0;
	PIECE_END;
	PIECE "ibox-m.mds",1;
		PIECE_NAME "ibox-m";
		PIECE_POS -9.77065e-007,0,-4.01727e-006;
		PIECE_ROT 0,0,0;
		PIECE_SCALE 1,1,1;
		PIECE_COL_TYPE 0,0;
		PIECE_TIME 0,0;
	PIECE_END;
	PIECE "ibox-a.mds",1;
		PIECE_NAME "ibox-a";
		PIECE_POS -9.77065e-007,0,-4.01727e-006;
		PIECE_ROT 0,0,0;
		PIECE_SCALE 1,1,1;
		PIECE_COL_TYPE 0,0;
		PIECE_TIME 0,0;
	PIECE_END;
	/* kw  []
	PIECE "",1;
		PIECE_NAME "ibox-c";
		PIECE_POS -9.77065e-007,0,-4.01727e-006;
		PIECE_ROT 0,0,0;
		PIECE_SCALE 1,1,1;
		PIECE_COL_TYPE 0,0;
		PIECE_TIME 0,0;
	PIECE_END;
	*/
	FUNC_POINT 1;
		FUNC_DATA "event",1;
			FUNC_NAME "ibox_func";
			FUNC_ID "";
			FUNC_FLAG 0, 0, 0,0;
			FUNC_EVENT_DATA "event",1,800,0,0,0,"",1,0,1;
			FUNC_POS 0,0,0, 0,0,0, 30,30,30;
		FUNC_DATA_END;
	FUNC_POINT_END;
PARTS_END;
PARTS "p_door_in";
	LIGHT_FLAG 0,0;
	MOVE_FLAG 1,1,1,1;
	PIECE "s11i01_06-m.mds",1;
		PIECE_NAME "s11i01_06-m";
		PIECE_POS 0.125961,23.4814,0.0138;
		PIECE_ROT 0,0,0;
		PIECE_SCALE 1,1,1;
		PIECE_COL_TYPE 0,0;
		PIECE_TIME 0,0;
	PIECE_END;
	PIECE "s11i01_03-c.mds",1;
		PIECE_NAME "s11i01_03-c";
		PIECE_POS 0.083351,23.4814,0.100498;
		PIECE_ROT 0,0,0;
		PIECE_SCALE 1,1,1;
		PIECE_COL_TYPE 0,0;
		PIECE_TIME 0,0;
	PIECE_END;
	PIECE "s11i01_03-a.mds",1;
		PIECE_NAME "s11i01_03-a";
		PIECE_POS 0.063744,23.4814,0.060606;
		PIECE_ROT 0,0,0;
		PIECE_SCALE 1,1,1;
		PIECE_COL_TYPE 0,0;
		PIECE_TIME 0,0;
	PIECE_END;
	FUNC_POINT 1;
		FUNC_DATA "event",1;
			FUNC_NAME "doorin_func";
			FUNC_ID "";
			FUNC_FLAG 0, 0, 0,0;
			FUNC_EVENT_DATA "event",1,250,100,0,0,"",1,0,1;
			FUNC_POS -15,0,0, 0,0,0, 20,20,20;
		FUNC_DATA_END;
	FUNC_POINT_END;
PARTS_END;

MAP_PARTS "p_bookshelf-0",1;
	PARTS_NAME "p_bookshelf";
	PARTS_ID "s11i01-book-1";
	PARTS_GROUP "";
	PARTS_LIGHT_GROUP "";
	PARTS_POS 344.668,-100.087,-131.704;
	PARTS_ROT 0,-0.152,0;
	PARTS_SCALE 1,1,1;
MAP_PARTS_END;
MAP_PARTS "p_bookshelf-1",1;
	PARTS_NAME "p_bookshelf";
	PARTS_ID "s11i01-book-2";
	PARTS_GROUP "";
	PARTS_LIGHT_GROUP "";
	PARTS_POS 379.852,-100.06,-126.689;
	PARTS_ROT 0,-0.154,0;
	PARTS_SCALE 1,1,1;
MAP_PARTS_END;
MAP_PARTS "p_ibox-0",1;
	PARTS_NAME "p_ibox";
	PARTS_ID "s11i01-tbox-1";
	PARTS_GROUP "";
	PARTS_LIGHT_GROUP "";
	PARTS_POS 518.561,-99.9241,-101.574;
	PARTS_ROT 0,-0.404,0;
	PARTS_SCALE 1,1,1;
MAP_PARTS_END;
MAP_PARTS "p_tsubo-8",1;
	PARTS_NAME "p_tsubo";
	PARTS_ID "s11i01-tubo-6";
	PARTS_GROUP "";
	PARTS_LIGHT_GROUP "";
	PARTS_POS 143.862,-0.063787,-187.694;
	PARTS_ROT 0,0,0;
	PARTS_SCALE 1,1,1;
MAP_PARTS_END;
MAP_PARTS "p_kibako-0",1;
	PARTS_NAME "p_kibako";
	PARTS_ID "s11i01-hako-2";
	PARTS_GROUP "";
	PARTS_LIGHT_GROUP "";
	PARTS_POS 167.919,-100.025,60.8932;
	PARTS_ROT 0,0,0;
	PARTS_SCALE 1,1,1;
MAP_PARTS_END;
MAP_PARTS "p_taru-5",1;
	PARTS_NAME "p_taru";
	PARTS_ID "s11i01-taru-11";
	PARTS_GROUP "";
	PARTS_LIGHT_GROUP "";
	PARTS_POS 208.716,0,-92.4728;
	PARTS_ROT 0,-0.094,0;
	PARTS_SCALE 1,1,1;
MAP_PARTS_END;
MAP_PARTS "p_taru-4",1;
	PARTS_NAME "p_taru";
	PARTS_ID "s11i01-taru-10";
	PARTS_GROUP "";
	PARTS_LIGHT_GROUP "";
	PARTS_POS 207.358,0,-114.002;
	PARTS_ROT 0,-0.094,0;
	PARTS_SCALE 1,1,1;
MAP_PARTS_END;
MAP_PARTS "p_taru-3",1;
	PARTS_NAME "p_taru";
	PARTS_ID "s11i01-taru-9";
	PARTS_GROUP "";
	PARTS_LIGHT_GROUP "";
	PARTS_POS 207.358,0,-130.876;
	PARTS_ROT 0,-0.094,0;
	PARTS_SCALE 1,1,1;
MAP_PARTS_END;
MAP_PARTS "p_taru-0",1;
	PARTS_NAME "p_taru";
	PARTS_ID "s11i01-taru-5";
	PARTS_GROUP "";
	PARTS_LIGHT_GROUP "";
	PARTS_POS 206.156,0,-163.851;
	PARTS_ROT 0,0,0;
	PARTS_SCALE 1,1,1;
MAP_PARTS_END;
MAP_PARTS "p_taru-9",1;
	PARTS_NAME "p_taru";
	PARTS_ID "s11i01-taru-2";
	PARTS_GROUP "";
	PARTS_LIGHT_GROUP "";
	PARTS_POS -58.0585,-0.159029,-159.901;
	PARTS_ROT 0,-0.094,0;
	PARTS_SCALE 1,1,1;
MAP_PARTS_END;
MAP_PARTS "p_taru-8",1;
	PARTS_NAME "p_taru";
	PARTS_ID "s11i01-taru-4";
	PARTS_GROUP "";
	PARTS_LIGHT_GROUP "";
	PARTS_POS 209,0,170.552;
	PARTS_ROT 0,-0.094,0;
	PARTS_SCALE 1,1,1;
MAP_PARTS_END;
MAP_PARTS "p_taru-7",1;
	PARTS_NAME "p_taru";
	PARTS_ID "s11i01-taru-12";
	PARTS_GROUP "";
	PARTS_LIGHT_GROUP "";
	PARTS_POS 169.313,-100.021,-39.2086;
	PARTS_ROT 0,-0.094,0;
	PARTS_SCALE 1,1,1;
MAP_PARTS_END;
MAP_PARTS "p_taru-6",1;
	PARTS_NAME "p_taru";
	PARTS_ID "s11i01-taru-7";
	PARTS_GROUP "";
	PARTS_LIGHT_GROUP "";
	PARTS_POS 187.438,0,-135.143;
	PARTS_ROT 0,-0.094,0;
	PARTS_SCALE 1,1,1;
MAP_PARTS_END;
MAP_PARTS "p_taru-1",1;
	PARTS_NAME "p_taru";
	PARTS_ID "s11i01-taru-8";
	PARTS_GROUP "";
	PARTS_LIGHT_GROUP "";
	PARTS_POS 206.662,0,-147.169;
	PARTS_ROT 0,-0.094,0;
	PARTS_SCALE 1,1,1;
MAP_PARTS_END;
MAP_PARTS "p_taru-10",1;
	PARTS_NAME "p_taru";
	PARTS_ID "s11i01-taru-1";
	PARTS_GROUP "";
	PARTS_LIGHT_GROUP "";
	PARTS_POS -59.2621,-0.159029,-179.158;
	PARTS_ROT 0,-0.094,0;
	PARTS_SCALE 1,1,1;
MAP_PARTS_END;
MAP_PARTS "p_kibako-1",1;
	PARTS_NAME "p_kibako";
	PARTS_ID "s11i01-hako-1";
	PARTS_GROUP "";
	PARTS_LIGHT_GROUP "";
	PARTS_POS 167.919,-100.025,43.3007;
	PARTS_ROT 0,0,0;
	PARTS_SCALE 1,1,1;
MAP_PARTS_END;
MAP_PARTS "p_kibako-6",1;
	PARTS_NAME "p_kibako";
	PARTS_ID "s11i01-hako-4";
	PARTS_GROUP "";
	PARTS_LIGHT_GROUP "";
	PARTS_POS 207.086,-0.147636,195.724;
	PARTS_ROT 0,-0.088,0;
	PARTS_SCALE 1,1,1;
MAP_PARTS_END;
MAP_PARTS "p_kibako-7",1;
	PARTS_NAME "p_kibako";
	PARTS_ID "s11i01-hako-3";
	PARTS_GROUP "";
	PARTS_LIGHT_GROUP "";
	PARTS_POS 182.218,-0.187276,193.838;
	PARTS_ROT 0,-0.088,0;
	PARTS_SCALE 1,1,1;
MAP_PARTS_END;
MAP_PARTS "p_kibako-8",1;
	PARTS_NAME "p_kibako";
	PARTS_ID "s11i01-hako-5";
	PARTS_GROUP "";
	PARTS_LIGHT_GROUP "";
	PARTS_POS -45.5722,-0.147979,165.088;
	PARTS_ROT 0,-0.088,0;
	PARTS_SCALE 1,1,1;
MAP_PARTS_END;
MAP_PARTS "p_tsubo-5",1;
	PARTS_NAME "p_tsubo";
	PARTS_ID "s11i01-tubo-7";
	PARTS_GROUP "";
	PARTS_LIGHT_GROUP "";
	PARTS_POS 170.088,0,-167.444;
	PARTS_ROT 0,-0.074,0;
	PARTS_SCALE 1,1,1;
MAP_PARTS_END;
MAP_PARTS "p_tsubo-2",1;
	PARTS_NAME "p_tsubo";
	PARTS_ID "s11i01-tubo-4";
	PARTS_GROUP "";
	PARTS_LIGHT_GROUP "";
	PARTS_POS -44.8209,-0.13531,182.934;
	PARTS_ROT 0,0,0;
	PARTS_SCALE 1,1,1;
MAP_PARTS_END;
MAP_PARTS "p_tsubo-3",1;
	PARTS_NAME "p_tsubo";
	PARTS_ID "s11i01-tubo-5";
	PARTS_GROUP "";
	PARTS_LIGHT_GROUP "";
	PARTS_POS -25.7167,0,165.195;
	PARTS_ROT 0,-0.074,0;
	PARTS_SCALE 1,1,1;
MAP_PARTS_END;
MAP_PARTS "p_taru-16",1;
	PARTS_NAME "p_taru";
	PARTS_ID "s11i01-taru-6";
	PARTS_GROUP "";
	PARTS_LIGHT_GROUP "";
	PARTS_POS 168.966,-0.170961,-151.244;
	PARTS_ROT 0,-0.094,0;
	PARTS_SCALE 1,1,1;
MAP_PARTS_END;
MAP_PARTS "p_tsubo-4",1;
	PARTS_NAME "p_tsubo";
	PARTS_ID "s11i01-tubo-8";
	PARTS_GROUP "";
	PARTS_LIGHT_GROUP "";
	PARTS_POS 187.673,0,-167.779;
	PARTS_ROT 0,-0.074,0;
	PARTS_SCALE 1,1,1;
MAP_PARTS_END;
MAP_PARTS "p_tsubo-6",1;
	PARTS_NAME "p_tsubo";
	PARTS_ID "s11i01-tubo-9";
	PARTS_GROUP "";
	PARTS_LIGHT_GROUP "";
	PARTS_POS 187.689,0,-151.524;
	PARTS_ROT 0,-0.074,0;
	PARTS_SCALE 1,1,1;
MAP_PARTS_END;
MAP_PARTS "p_tsubo-1",1;
	PARTS_NAME "p_tsubo";
	PARTS_ID "s11i01-tubo-3";
	PARTS_GROUP "";
	PARTS_LIGHT_GROUP "";
	PARTS_POS -40.1606,0,-160.679;
	PARTS_ROT 0,0,0;
	PARTS_SCALE 1,1,1;
MAP_PARTS_END;
MAP_PARTS "p_tsubo-0",1;
	PARTS_NAME "p_tsubo";
	PARTS_ID "s11i01-tubo-2";
	PARTS_GROUP "";
	PARTS_LIGHT_GROUP "";
	PARTS_POS -40.1606,0,-179.452;
	PARTS_ROT 0,0,0;
	PARTS_SCALE 1,1,1;
MAP_PARTS_END;
MAP_PARTS "p_tsubo-7",1;
	PARTS_NAME "p_tsubo";
	PARTS_ID "s11i01-tubo-1";
	PARTS_GROUP "";
	PARTS_LIGHT_GROUP "";
	PARTS_POS 168.191,-100.064,-57.0449;
	PARTS_ROT 0,0.074,0;
	PARTS_SCALE 1,1,1;
MAP_PARTS_END;
MAP_PARTS "p_door_in",1;
	PARTS_NAME "p_door_in";
	PARTS_GROUP "";
	PARTS_LIGHT_GROUP "";
	PARTS_POS 323.394,-99.7393,58.8689;
	PARTS_ROT 0,-1.5708,0;
	PARTS_SCALE 1,1,1;
MAP_PARTS_END;

FUNC_POINT 1;
	FUNC_DATA "event",1;
		FUNC_NAME "door";
		FUNC_ID "";
		FUNC_FLAG 0, 0, 0,0;
		FUNC_EVENT_DATA "event",0,200,1,0,0,"m03",1,0,1;
		FUNC_POS 219.902,0,8.72984, 0,-1.5708,0, 20,20,20;
	FUNC_DATA_END;
FUNC_POINT_END;
