

FUNC_POINT 33;
	FUNC_DATA "event",1;
		FUNC_MDS 1;
		FUNC_NAME "bingo-1";
		FUNC_ID "";
		FUNC_FLAG 0, 0, 0,0;
		FUNC_EVENT_DATA "event",0,900,2,0,0,"",1,0,1;
		FUNC_POS -105.662,0,75.9407, 0,1.57995,0, 1.312,1.312,1.312;
	FUNC_DATA_END;
	FUNC_DATA "event",1;
		FUNC_MDS 1;
		FUNC_NAME "bingo-2";
		FUNC_ID "";
		FUNC_FLAG 0, 0, 0,0;
		FUNC_EVENT_DATA "event",0,900,2,0,0,"",1,0,1;
		FUNC_POS -140.238,0,41.0692, 0,3.13995,0, 1.312,1.312,1.312;
	FUNC_DATA_END;
	FUNC_DATA "event",1;
		FUNC_MDS 1;
		FUNC_NAME "bingo-3";
		FUNC_ID "";
		FUNC_FLAG 0, 0, 0,0;
		FUNC_EVENT_DATA "event",0,900,2,0,0,"",1,0,1;
		FUNC_POS -140.238,0,110.517, 0,-4.93579e-005,0, 1.312,1.312,1.312;
	FUNC_DATA_END;
	FUNC_DATA "event",1;
		FUNC_MDS 1;
		FUNC_NAME "bingo-4";
		FUNC_ID "";
		FUNC_FLAG 0, 0, 0,0;
		FUNC_EVENT_DATA "event",0,900,2,0,0,"",1,0,1;
		FUNC_POS -175.109,0,75.9406, 0,-1.57002,0, 1.312,1.312,1.312;
	FUNC_DATA_END;
	FUNC_DATA "event",1;
		FUNC_MDS 1;
		FUNC_NAME "bingo-5";
		FUNC_ID "";
		FUNC_FLAG 0, 0, 0,0;
		FUNC_EVENT_DATA "event",0,900,2,0,0,"",1,0,1;
		FUNC_POS 104.916,0,75.9406, 0,-1.57002,0, 1.312,1.312,1.312;
	FUNC_DATA_END;
	FUNC_DATA "event",1;
		FUNC_MDS 1;
		FUNC_NAME "bingo-6";
		FUNC_ID "";
		FUNC_FLAG 0, 0, 0,0;
		FUNC_EVENT_DATA "event",0,900,2,0,0,"",1,0,1;
		FUNC_POS 174.659,0,75.9406, 0,1.56316,0, 1.312,1.312,1.312;
	FUNC_DATA_END;
	FUNC_DATA "event",1;
		FUNC_MDS 1;
		FUNC_NAME "bingo-7";
		FUNC_ID "";
		FUNC_FLAG 0, 0, 0,0;
		FUNC_EVENT_DATA "event",0,900,2,0,0,"",1,0,1;
		FUNC_POS 140.083,0,110.221, 0,-0.00683563,0, 1.312,1.312,1.312;
	FUNC_DATA_END;
	FUNC_DATA "event",1;
		FUNC_MDS 1;
		FUNC_NAME "bingo-8";
		FUNC_ID "";
		FUNC_FLAG 0, 0, 0,0;
		FUNC_EVENT_DATA "event",0,900,2,0,0,"",1,0,1;
		FUNC_POS 140.083,0,41.0691, 0,3.13635,0, 1.312,1.312,1.312;
	FUNC_DATA_END;
	FUNC_DATA "event",1;
		FUNC_MDS 1;
		FUNC_NAME "slot-4";
		FUNC_ID "";
		FUNC_FLAG 0, 0, 0,0;
		FUNC_EVENT_DATA "event",0,900,0,11,0,"",1,0,1;
		FUNC_POS -136.085,0,-245.805, 0,0.469951,0, 1.372,1.372,1.372;
	FUNC_DATA_END;
	FUNC_DATA "event",1;
		FUNC_MDS 1;
		FUNC_NAME "slot-1";
		FUNC_ID "";
		FUNC_FLAG 0, 0, 0,0;
		FUNC_EVENT_DATA "event",0,900,0,8,0,"",1,0,1;
		FUNC_POS -208.564,0,-76.0825, 0,1.56995,0, 1.372,1.372,1.372;
	FUNC_DATA_END;
	FUNC_DATA "event",1;
		FUNC_MDS 1;
		FUNC_NAME "slot-2";
		FUNC_ID "";
		FUNC_FLAG 0, 0, 0,0;
		FUNC_EVENT_DATA "event",0,900,0,9,0,"",1,0,1;
		FUNC_POS -208.564,0,-146.363, 0,1.56995,0, 1.372,1.372,1.372;
	FUNC_DATA_END;
	FUNC_DATA "event",1;
		FUNC_MDS 1;
		FUNC_NAME "slot-3";
		FUNC_ID "";
		FUNC_FLAG 0, 0, 0,0;
		FUNC_EVENT_DATA "event",0,900,0,10,0,"",1,0,1;
		FUNC_POS -187.249,0,-205.978, 0,0.899951,0, 1.372,1.372,1.372;
	FUNC_DATA_END;
	FUNC_DATA "event",1;
		FUNC_MDS 1;
		FUNC_NAME "slot-5";
		FUNC_ID "";
		FUNC_FLAG 0, 0, 0,0;
		FUNC_EVENT_DATA "event",0,900,0,12,0,"",1,0,1;
		FUNC_POS 136.085,0,-245.805, 0,-0.470049,0, 1.372,1.372,1.372;
	FUNC_DATA_END;
	FUNC_DATA "event",1;
		FUNC_MDS 1;
		FUNC_NAME "slot-6";
		FUNC_ID "";
		FUNC_FLAG 0, 0, 0,0;
		FUNC_EVENT_DATA "event",0,900,0,13,0,"",1,0,1;
		FUNC_POS 186.664,0,-205.373, 0,-0.920049,0, 1.372,1.372,1.372;
	FUNC_DATA_END;
	FUNC_DATA "event",1;
		FUNC_MDS 1;
		FUNC_NAME "slot-7";
		FUNC_ID "";
		FUNC_FLAG 0, 0, 0,0;
		FUNC_EVENT_DATA "event",0,900,0,14,0,"",1,0,1;
		FUNC_POS 207.532,0,-146.189, 0,-1.5708,0, 1.372,1.372,1.372;
	FUNC_DATA_END;
	FUNC_DATA "event",1;
		FUNC_MDS 1;
		FUNC_NAME "slot-8";
		FUNC_ID "";
		FUNC_FLAG 0, 0, 0,0;
		FUNC_EVENT_DATA "event",0,900,0,15,0,"",1,0,1;
		FUNC_POS 207.532,0,-75.9259, 0,-1.5708,0, 1.372,1.372,1.372;
	FUNC_DATA_END;
	FUNC_DATA "event",1;
		FUNC_MDS 1;
		FUNC_NAME "lu-1";
		FUNC_ID "";
		FUNC_FLAG 0, 0, 0,0;
		FUNC_EVENT_DATA "event",0,900,1,0,0,"",1,0,1;
		FUNC_POS 62.2416,5.25348,-66.2591, 0,2.36324,0, 1.476,1.476,1.476;
	FUNC_DATA_END;
	FUNC_DATA "event",1;
		FUNC_MDS 1;
		FUNC_NAME "lu-2";
		FUNC_ID "";
		FUNC_FLAG 0, 0, 0,0;
		FUNC_EVENT_DATA "event",0,900,1,0,0,"",1,0,1;
		FUNC_POS 32.8841,5.25348,-37.9228, 0,-0.819951,0, 1.476,1.476,1.476;
	FUNC_DATA_END;
	FUNC_DATA "event",1;
		FUNC_MDS 1;
		FUNC_NAME "lu-3";
		FUNC_ID "";
		FUNC_FLAG 0, 0, 0,0;
		FUNC_EVENT_DATA "event",0,900,1,0,0,"",1,0,1;
		FUNC_POS 64.0286,5.25348,-36.3911, 0,0.800049,0, 1.476,1.476,1.476;
	FUNC_DATA_END;
	FUNC_DATA "event",1;
		FUNC_MDS 1;
		FUNC_NAME "lu-7";
		FUNC_ID "";
		FUNC_FLAG 0, 0, 0,0;
		FUNC_EVENT_DATA "event",0,900,1,0,0,"",1,0,1;
		FUNC_POS -32.9882,5.25348,-49.8253, 0,2.36324,0, 1.476,1.476,1.476;
	FUNC_DATA_END;
	FUNC_DATA "event",1;
		FUNC_MDS 1;
		FUNC_NAME "lu-8";
		FUNC_ID "";
		FUNC_FLAG 0, 0, 0,0;
		FUNC_EVENT_DATA "event",0,900,1,0,0,"",1,0,1;
		FUNC_POS -64.5985,5.25348,-49.8253, 0,-2.35995,0, 1.476,1.476,1.476;
	FUNC_DATA_END;
	FUNC_DATA "event",1;
		FUNC_MDS 1;
		FUNC_NAME "lu-9";
		FUNC_ID "";
		FUNC_FLAG 0, 0, 0,0;
		FUNC_EVENT_DATA "event",0,900,1,0,0,"",1,0,1;
		FUNC_POS -63.88,5.25348,-20.3703, 0,-0.799949,0, 1.476,1.476,1.476;
	FUNC_DATA_END;
	FUNC_DATA "event",1;
		FUNC_MDS 1;
		FUNC_NAME "door-1";
		FUNC_ID "";
		FUNC_FLAG 0, 0, 0,0;
		FUNC_EVENT_DATA "event",0,200,8,0,1,"m05",1,0,1;
		FUNC_POS 0.037136,1.42473,193.687, 0,3.14159,0, 15,15,15;
	FUNC_DATA_END;
	FUNC_DATA "event",1;
		FUNC_MDS 1;
		FUNC_NAME "door-2";
		FUNC_ID "";
		FUNC_FLAG 0, 0, 0,0;
		FUNC_EVENT_DATA "event",0,200,2,0,1,"m05i01",1,0,1;
		FUNC_POS 225.474,1.42473,155.667, 0,-1.5708,0, 15,15,15;
	FUNC_DATA_END;
	FUNC_DATA "event",1;
		FUNC_MDS 1;
		FUNC_NAME "lu-10";
		FUNC_ID "";
		FUNC_FLAG 0, 0, 0,0;
		FUNC_EVENT_DATA "event",0,900,1,0,0,"",1,0,1;
		FUNC_POS -0.371419,5.25348,-103.991, 0,-2.35619,0, 1.476,1.476,1.476;
	FUNC_DATA_END;
	FUNC_DATA "event",1;
		FUNC_MDS 1;
		FUNC_NAME "lu-11";
		FUNC_ID "";
		FUNC_FLAG 0, 0, 0,0;
		FUNC_EVENT_DATA "event",0,900,1,0,0,"",1,0,1;
		FUNC_POS -1.79848,5.25348,14.1747, 0,0.785398,0, 1.476,1.476,1.476;
	FUNC_DATA_END;
FUNC_POINT_END;
