PARTS "p_ibox";
	LIGHT_FLAG 0,0;
	MOVE_FLAG 1,1,1,1;
	PIECE "ibox_f-m.mds",1;
		PIECE_NAME "ibox_f-m";
		PIECE_POS -3.1e-005,8.625,-5.39995;
		PIECE_ROT 0,0,0;
		PIECE_SCALE 1,1,1;
		PIECE_COL_TYPE 0,0;
		PIECE_TIME 0,0;
	PIECE_END;
	PIECE "ibox-m.mds",1;
		PIECE_NAME "ibox-m";
		PIECE_POS -1e-006,0,-4e-006;
		PIECE_ROT 0,0,0;
		PIECE_SCALE 1,1,1;
		PIECE_COL_TYPE 0,0;
		PIECE_TIME 0,0;
	PIECE_END;
	PIECE "ibox-a.mds",1;
		PIECE_NAME "ibox-a";
		PIECE_POS -1e-006,0,-4e-006;
		PIECE_ROT 0,0,0;
		PIECE_SCALE 1,1,1;
		PIECE_COL_TYPE 0,0;
		PIECE_TIME 0,0;
	PIECE_END;
	/* kw []
	PIECE "",1;
		PIECE_NAME "ibox-c";
		PIECE_POS -1e-006,0,-4e-006;
		PIECE_ROT 0,0,0;
		PIECE_SCALE 1,1,1;
		PIECE_COL_TYPE 0,0;
		PIECE_TIME 0,0;
	PIECE_END;
	*/
	PIECE "ibox_futa-a.mds",0;
		PIECE_NAME "ibox_futa-a";
		PIECE_POS -1e-006,0,-4e-006;
		PIECE_ROT 0,0,0;
		PIECE_SCALE 1,1,1;
		PIECE_COL_TYPE 0,0;
		PIECE_TIME 0,0;
	PIECE_END;
	FUNC_POINT 1;
		FUNC_DATA "event",1;
			FUNC_NAME "ibox_func";
			FUNC_ID "";
			FUNC_FLAG 0, 0, 0,0;
			FUNC_EVENT_DATA "event",1,800,0,0,0,"",1,0,0;
			FUNC_POS 0,0,0, 0,0,0, 20,30,30;
		FUNC_DATA_END;
	FUNC_POINT_END;
PARTS_END;

MAP_PARTS "p_ibox-0",1;
	PARTS_NAME "p_ibox";
	PARTS_ID "d01-tbox-3";
	PARTS_GROUP "";
	PARTS_LIGHT_GROUP "";
	PARTS_POS -1024.65,-9.92,653.745;
	PARTS_ROT 0,1.11199,0;
	PARTS_SCALE 1,1,1;
MAP_PARTS_END;
MAP_PARTS "p_ibox-2",1;
	PARTS_NAME "p_ibox";
	PARTS_ID "d01-tbox-1";
	PARTS_GROUP "";
	PARTS_LIGHT_GROUP "";
	PARTS_POS -764.882,-9.92,1104.84;
	PARTS_ROT 0,3.10599,0;
	PARTS_SCALE 1,1,1;
MAP_PARTS_END;
MAP_PARTS "p_ibox-3",1;
	PARTS_NAME "p_ibox";
	PARTS_ID "d01-tbox-5";
	PARTS_GROUP "";
	PARTS_LIGHT_GROUP "";
	PARTS_POS 112.986,2.26139,-397.479;
	PARTS_ROT 0,-2.85321,0;
	PARTS_SCALE 1,1,1;
MAP_PARTS_END;
MAP_PARTS "p_ibox-4",1;
	PARTS_NAME "p_ibox";
	PARTS_ID "d01-tbox-4";
	PARTS_GROUP "";
	PARTS_LIGHT_GROUP "";
	PARTS_POS 35.2988,-453.74,-2592.26;
	PARTS_ROT 0,-2.868,0;
	PARTS_SCALE 1,1,1;
MAP_PARTS_END;
MAP_PARTS "p_ibox-1",1;
	PARTS_NAME "p_ibox";
	PARTS_ID "d01-tbox-2";
	PARTS_GROUP "";
	PARTS_LIGHT_GROUP "";
	PARTS_POS -786.677,-9.92,1103.51;
	PARTS_ROT 0,3.06999,0;
	PARTS_SCALE 1,1,1;
MAP_PARTS_END;

FUNC_POINT 17;
	FUNC_DATA "event",1;
		FUNC_NAME "event-4";
		FUNC_ID "";
		FUNC_FLAG 0, 0, 0,0;
		FUNC_EVENT_DATA "event",0,200,1,2,0,"d01i05",0,0,0;
		FUNC_POS 1244.03,-126.452,2925.8, 0,0.126,0, 40,30,30;
	FUNC_DATA_END;
	FUNC_DATA "event",1;
		FUNC_NAME "event-0";
		FUNC_ID "";
		FUNC_FLAG 0, 0, 0,0;
		FUNC_EVENT_DATA "event",0,200,1,2,0,"w01a01",0,0,0;
		FUNC_POS -1657.6,-146.61,-1054.46, 0,-1.78601,0, 90,30,30;
	FUNC_DATA_END;
	FUNC_DATA "event",1;
		FUNC_NAME "event-3";
		FUNC_ID "";
		FUNC_FLAG 0, 0, 0,0;
		FUNC_EVENT_DATA "event",0,200,1,2,0,"d01i05",0,0,0;
		FUNC_POS 1308.8,-126.452,2910.29, 0,0.130001,0, 30,30,30;
	FUNC_DATA_END;
	FUNC_DATA "event",1;
		FUNC_NAME "event-5";
		FUNC_ID "";
		FUNC_FLAG 0, 0, 0,0;
		FUNC_EVENT_DATA "event",0,200,1,2,0,"d01i05",0,0,0;
		FUNC_POS 1178.99,-126.452,2929.35, 0,0.118,0, 30,30,30;
	FUNC_DATA_END;
	FUNC_DATA "event",1;
		FUNC_NAME "event-7";
		FUNC_ID "";
		FUNC_FLAG 0, 0, 0,0;
		FUNC_EVENT_DATA "event",0,200,3,2,0,"d01i05",0,0,0;
		FUNC_POS 2.91165,-453.74,-2704.07, 0,-2.924,0, 30,30,30;
	FUNC_DATA_END;
	FUNC_DATA "event",1;
		FUNC_NAME "event-8";
		FUNC_ID "";
		FUNC_FLAG 0, 0, 0,0;
		FUNC_EVENT_DATA "event",0,200,3,2,0,"d01i05",0,0,0;
		FUNC_POS 45.4207,-453.74,-2714.7, 0,-2.626,0, 30,30,30;
	FUNC_DATA_END;
	FUNC_DATA "event",1;
		FUNC_NAME "event-6";
		FUNC_ID "";
		FUNC_FLAG 0, 0, 0,0;
		FUNC_EVENT_DATA "event",0,200,3,2,0,"d01i05",0,0,0;
		FUNC_POS -41.4728,-453.74,-2693.44, 0,3.07795,0, 30,30,30;
	FUNC_DATA_END;
	FUNC_DATA "pos",1;
		FUNC_NAME "stand_run0";
		FUNC_ID "";
		FUNC_FLAG 0, 0, 0,0;
		FUNC_POS -1591.24,-146.61,-1040.79, 0,1.39799,0, 1,1,1;
	FUNC_DATA_END;
	FUNC_DATA "pos",1;
		FUNC_NAME "stand_run1";
		FUNC_ID "";
		FUNC_FLAG 0, 0, 0,0;
		FUNC_POS 1228.09,-126.453,2831.31, 0,-2.9976,0, 1,1,1;
	FUNC_DATA_END;
	FUNC_DATA "pos",1;
		FUNC_NAME "stand_run3";
		FUNC_ID "";
		FUNC_FLAG 0, 0, 0,0;
		FUNC_POS 14.585,-453.739,-2650.01, 0,0.214,0, 1,1,1;
	FUNC_DATA_END;
FUNC_POINT_END;
