

FUNC_POINT 7;
	FUNC_DATA "event",1;
		FUNC_MDS 1;
		FUNC_NAME "door1";
		FUNC_ID "";
		FUNC_FLAG 0, 0, 0,0;
		FUNC_EVENT_DATA "event",0,200,10,0,1,"x02i05",1,0,1;
		FUNC_POS 0,0,-1216.88, 0,0,0, 30,20,20;
	FUNC_DATA_END;
	FUNC_DATA "event",1;
		FUNC_MDS 1;
		FUNC_NAME "door2";
		FUNC_ID "";
		FUNC_FLAG 0, 0, 0,0;
		FUNC_EVENT_DATA "event",0,200,4,0,0,"x02",1,0,1;
		FUNC_POS -242.148,-10,-709.04, 0,1.5708,0, 25,20,20;
	FUNC_DATA_END;
	FUNC_DATA "event",1;
		FUNC_MDS 1;
		FUNC_NAME "door3";
		FUNC_ID "";
		FUNC_FLAG 0, 0, 0,0;
		FUNC_EVENT_DATA "event",0,200,13,0,0,"x02i01",1,0,1;
		FUNC_POS -191.181,-10,-622.796, 0,-3.14159,0, 23,20,20;
	FUNC_DATA_END;
	FUNC_DATA "event",1;
		FUNC_MDS 1;
		FUNC_NAME "door4";
		FUNC_ID "";
		FUNC_FLAG 0, 0, 0,0;
		FUNC_EVENT_DATA "event",0,200,12,0,0,"x02i01",1,0,1;
		FUNC_POS 189.622,-10,-622.796, 0,-3.14159,0, 23,20,20;
	FUNC_DATA_END;
	FUNC_DATA "event",1;
		FUNC_MDS 1;
		FUNC_NAME "door5";
		FUNC_ID "";
		FUNC_FLAG 0, 0, 0,0;
		FUNC_EVENT_DATA "event",0,200,5,0,0,"x02",1,0,1;
		FUNC_POS 242.148,-10,-709.04, 0,-1.5708,0, 25,20,20;
	FUNC_DATA_END;
FUNC_POINT_END;
