PARTS "p_sack";
	LIGHT_FLAG 0,0;
	MOVE_FLAG 1,1,1,1;
	PIECE "sack-m.mds",1;
		PIECE_NAME "sack-m";
		PIECE_POS 0,0,0;
		PIECE_ROT 0,0,0;
		PIECE_SCALE 1,1,1;
		PIECE_COL_TYPE 0,0;
		PIECE_TIME 0,0;
	PIECE_END;
	FUNC_POINT 1;
		FUNC_DATA "event",1;
			FUNC_NAME "func";
			FUNC_ID "";
			FUNC_FLAG 0, 0, 0,0;
			FUNC_EVENT_DATA "event",0,804,0,0,0,"",1,0,1;
			FUNC_POS 0,0,0, 0,0,0, 20,20,20;
		FUNC_DATA_END;
	FUNC_POINT_END;
PARTS_END;

MAP_PARTS "p_sack",1;
	PARTS_NAME "p_sack";
	PARTS_ID "m04i05-sack-1";
	PARTS_GROUP "";
	PARTS_LIGHT_GROUP "";
	PARTS_POS 90.1,0,24.5;
	PARTS_ROT 0,-1.5708,0;
	PARTS_SCALE 1,1,1;
MAP_PARTS_END;
MAP_PARTS "p_sack-1",1;
	PARTS_NAME "p_sack";
	PARTS_ID "m04i05-sack-2";
	PARTS_GROUP "";
	PARTS_LIGHT_GROUP "";
	PARTS_POS 90.1,0,41.7;
	PARTS_ROT 0,-1.5708,0;
	PARTS_SCALE 1,1,1;
MAP_PARTS_END;
MAP_PARTS "p_sack-2",1;
	PARTS_NAME "p_sack";
	PARTS_ID "m04i05-sack-3";
	PARTS_GROUP "";
	PARTS_LIGHT_GROUP "";
	PARTS_POS 90.1,0,58.5;
	PARTS_ROT 0,-1.5708,0;
	PARTS_SCALE 1,1,1;
MAP_PARTS_END;

FUNC_POINT 1;
	FUNC_DATA "event",1;
		FUNC_NAME "doa1";
		FUNC_ID "";
		FUNC_FLAG 0, 0, 0,0;
		FUNC_EVENT_DATA "event",0,200,1,0,0,"exit",1,0,1;
		FUNC_POS -10.1305,0,97.7988, 0,3.14159,0, 15,15,15;
	FUNC_DATA_END;
FUNC_POINT_END;
