PARTS "p04_c02i11";
	LIGHT_FLAG 0,0;
	MOVE_FLAG 1,1,1,1;
	PIECE "c02i11_04-m.mds",1;
		PIECE_NAME "c02i11_04-m0";
		PIECE_POS 1e-006,0,-1e-006;
		PIECE_ROT 0,0,0;
		PIECE_SCALE 1,1,1;
		PIECE_COL_TYPE 0,0;
		PIECE_TIME 0,0;
	PIECE_END;
	PIECE "c02i11_04-c.mds",1;
		PIECE_NAME "c02i11_04-c0";
		PIECE_POS 1e-006,0,-1e-006;
		PIECE_ROT 0,0,0;
		PIECE_SCALE 1,1,1;
		PIECE_COL_TYPE 0,0;
		PIECE_TIME 0,0;
	PIECE_END;
	PIECE "c02i11_04-a.mds",1;
		PIECE_NAME "c02i11_04-a0";
		PIECE_POS 1e-006,0,-1e-006;
		PIECE_ROT 0,0,0;
		PIECE_SCALE 1,1,1;
		PIECE_COL_TYPE 0,0;
		PIECE_TIME 0,0;
	PIECE_END;
	FUNC_POINT 1;
		FUNC_DATA "event",1;
			FUNC_MDS 0;
			FUNC_NAME "doorin_func";
			FUNC_ID "";
			FUNC_FLAG 0, 0, 0,0;
			FUNC_EVENT_DATA "event",0,250,100,0,0,"",1,0,1;
			FUNC_POS -15.0802,0,0.639954, 0,0,0, 30,30,30;
		FUNC_DATA_END;
	FUNC_POINT_END;
PARTS_END;

MAP_PARTS "p04_c02i11",1;
	PARTS_NAME "p04_c02i11";
	PARTS_GROUP "";
	PARTS_LIGHT_GROUP "";
	PARTS_POS -261.483,0,-15.1598;
	PARTS_ROT 0,1.5708,0;
	PARTS_SCALE 1,1,1;
MAP_PARTS_END;

FUNC_POINT 2;
	FUNC_DATA "event",1;
		FUNC_MDS 1;
		FUNC_NAME "door01";
		FUNC_ID "";
		FUNC_FLAG 0, 0, 0,0;
		FUNC_EVENT_DATA "event",0,200,10,0,0,"c02i05",1,0,1;
		FUNC_POS 8.24,0,-0.159989, 0,-1.5708,0, 15,15,15;
	FUNC_DATA_END;
	FUNC_DATA "event",1;
		FUNC_MDS 1;
		FUNC_NAME "door02";
		FUNC_ID "";
		FUNC_FLAG 0, 0, 0,0;
		FUNC_EVENT_DATA "event",0,200,14,0,0,"c02i12",0,0,0;
		FUNC_POS -840.001,12.24,3.68, 0,1.5708,0, 40,20,20;
	FUNC_DATA_END;
FUNC_POINT_END;
