PARTS "p03_c03i09";
	LIGHT_FLAG 0,0;
	MOVE_FLAG 1,1,1,1;
	PIECE "c03i09_16-m.mds",1;
		PIECE_NAME "c03i09_16-m";
		PIECE_POS 0,0,0;
		PIECE_ROT 0,0,0;
		PIECE_SCALE 1,1,1;
		PIECE_COL_TYPE 0,0;
		PIECE_TIME 0,0;
	PIECE_END;
	PIECE "c03i09_16-c.mds",1;
		PIECE_NAME "c03i09_16-c";
		PIECE_POS 0,0,0;
		PIECE_ROT 0,0,0;
		PIECE_SCALE 1,1,1;
		PIECE_COL_TYPE 0,0;
		PIECE_TIME 0,0;
	PIECE_END;
	PIECE "c03i09_16-a.mds",1;
		PIECE_NAME "c03i09_16-a";
		PIECE_POS 0,0,0;
		PIECE_ROT 0,0,0;
		PIECE_SCALE 1,1,1;
		PIECE_COL_TYPE 0,0;
		PIECE_TIME 0,0;
	PIECE_END;
	FUNC_POINT 1;
		FUNC_DATA "event",1;
			FUNC_NAME "doorin_func";
			FUNC_ID "5";
			FUNC_FLAG 0, 0, 0,0;
			FUNC_EVENT_DATA "event",0,250,100,0,1,"",1,0,1;
			FUNC_POS -15,0,0, 0,0,0, 30,30,30;
		FUNC_DATA_END;
	FUNC_POINT_END;
PARTS_END;
PARTS "p_ibox";
	LIGHT_FLAG 0,0;
	MOVE_FLAG 1,1,1,1;
	PIECE "ibox_f-m.mds",1;
		PIECE_NAME "ibox_f-m";
		PIECE_POS -3.1e-005,8.625,-5.39995;
		PIECE_ROT 0,0,0;
		PIECE_SCALE 1,1,1;
		PIECE_COL_TYPE 0,0;
		PIECE_TIME 0,0;
	PIECE_END;
	PIECE "ibox-m.mds",1;
		PIECE_NAME "ibox-m";
		PIECE_POS -1e-006,0,-4e-006;
		PIECE_ROT 0,0,0;
		PIECE_SCALE 1,1,1;
		PIECE_COL_TYPE 0,0;
		PIECE_TIME 0,0;
	PIECE_END;
	PIECE "ibox-a.mds",1;
		PIECE_NAME "ibox-a";
		PIECE_POS -1e-006,0,-4e-006;
		PIECE_ROT 0,0,0;
		PIECE_SCALE 1,1,1;
		PIECE_COL_TYPE 0,0;
		PIECE_TIME 0,0;
	PIECE_END;
	PIECE "ibox-c.mds",1;
		PIECE_NAME "ibox-c";
		PIECE_POS -1e-006,0,-4e-006;
		PIECE_ROT 0,0,0;
		PIECE_SCALE 1,1,1;
		PIECE_COL_TYPE 0,0;
		PIECE_TIME 0,0;
	PIECE_END;
	PIECE "ibox_futa-a.mds",0;
		PIECE_NAME "ibox_futa-a";
		PIECE_POS -1e-006,0,-4e-006;
		PIECE_ROT 0,0,0;
		PIECE_SCALE 1,1,1;
		PIECE_COL_TYPE 0,0;
		PIECE_TIME 0,0;
	PIECE_END;
	FUNC_POINT 1;
		FUNC_DATA "event",1;
			FUNC_NAME "ibox_func";
			FUNC_ID "";
			FUNC_FLAG 0, 0, 0,0;
			FUNC_EVENT_DATA "event",0,800,0,0,0,"",1,0,1;
			FUNC_POS 0,0,0, 0,0,0, 30,30,30;
		FUNC_DATA_END;
	FUNC_POINT_END;
PARTS_END;

MAP_PARTS "p_ibox-2",1;
	PARTS_NAME "p_ibox";
	PARTS_ID "c03i10-tbox-3";
	PARTS_GROUP "";
	PARTS_LIGHT_GROUP "";
	PARTS_POS 70.3908,10.786,-244.938;
	PARTS_ROT 0,-2.35619,0;
	PARTS_SCALE 1,1,1;
MAP_PARTS_END;
MAP_PARTS "p_ibox",1;
	PARTS_NAME "p_ibox";
	PARTS_ID "c03i10-tbox-1";
	PARTS_GROUP "";
	PARTS_LIGHT_GROUP "";
	PARTS_POS 70.3908,10.786,-364.938;
	PARTS_ROT 0,-0.785398,0;
	PARTS_SCALE 1,1,1;
MAP_PARTS_END;
MAP_PARTS "p_ibox-1",1;
	PARTS_NAME "p_ibox";
	PARTS_ID "c03i10-tbox-2";
	PARTS_GROUP "";
	PARTS_LIGHT_GROUP "";
	PARTS_POS 130.661,10.7469,-304.938;
	PARTS_ROT 0,-1.5708,0;
	PARTS_SCALE 1,1,1;
MAP_PARTS_END;
MAP_PARTS "p03_c03i09-1",1;
	PARTS_NAME "p03_c03i09";
	PARTS_GROUP "";
	PARTS_LIGHT_GROUP "";
	PARTS_POS -114.517,0,-326.784;
	PARTS_ROT 0,-1.5708,0;
	PARTS_SCALE 1,1,1;
MAP_PARTS_END;

FUNC_POINT 3;
	FUNC_DATA "event",1;
		FUNC_NAME "door-2";
		FUNC_ID "";
		FUNC_FLAG 0, 0, 0,0;
		FUNC_EVENT_DATA "event",0,200,15,0,3,"exit",0,0,1;
		FUNC_POS -216.005,247.819,-242.334, 0,-1.5708,0, 40,15,15;
	FUNC_DATA_END;
FUNC_POINT_END;
