PARTS "p_tsubo";
	LIGHT_FLAG 0,0;
	MOVE_FLAG 1,1,1,1;
	PIECE "tsubo-m.mds",1;
		PIECE_NAME "tsubo-m";
		PIECE_POS 0,0,0;
		PIECE_ROT 0,0,0;
		PIECE_SCALE 1,1,1;
		PIECE_COL_TYPE 0,0;
		PIECE_TIME 0,0;
	PIECE_END;
	PIECE "tsubo-a.mds",1;
		PIECE_NAME "tsubo-a";
		PIECE_POS 0,0,0;
		PIECE_ROT 0,0,0;
		PIECE_SCALE 1,1,1;
		PIECE_COL_TYPE 0,0;
		PIECE_TIME 0,0;
	PIECE_END;
PARTS_END;
PARTS "p_taru";
	LIGHT_FLAG 0,0;
	MOVE_FLAG 1,1,1,1;
	PIECE "taru-m.mds",1;
		PIECE_NAME "taru-m";
		PIECE_POS 0,0,0;
		PIECE_ROT 0,0,0;
		PIECE_SCALE 1,1,1;
		PIECE_COL_TYPE 0,0;
		PIECE_TIME 0,0;
	PIECE_END;
	PIECE "taru-a.mds",1;
		PIECE_NAME "taru-a";
		PIECE_POS 0,0,0;
		PIECE_ROT 0,0,0;
		PIECE_SCALE 1,1,1;
		PIECE_COL_TYPE 0,0;
		PIECE_TIME 0,0;
	PIECE_END;
PARTS_END;
PARTS "p_tsubo";
	LIGHT_FLAG 0,0;
	MOVE_FLAG 1,1,1,1;
	PIECE "tsubo-m.mds",1;
		PIECE_NAME "tsubo-m";
		PIECE_POS 0,0,0;
		PIECE_ROT 0,0,0;
		PIECE_SCALE 1,1,1;
		PIECE_COL_TYPE 0,0;
		PIECE_TIME 0,0;
	PIECE_END;
	PIECE "tsubo-a.mds",1;
		PIECE_NAME "tsubo-a";
		PIECE_POS 0,0,0;
		PIECE_ROT 0,0,0;
		PIECE_SCALE 1,1,1;
		PIECE_COL_TYPE 0,0;
		PIECE_TIME 0,0;
	PIECE_END;
PARTS_END;
PARTS "p_ibox";
	LIGHT_FLAG 0,0;
	MOVE_FLAG 1,1,1,1;
	PIECE "ibox_f-m.mds",1;
		PIECE_NAME "ibox_f-m";
		PIECE_POS -3.1e-005,8.625,-5.39995;
		PIECE_ROT 0,0,0;
		PIECE_SCALE 1,1,1;
		PIECE_COL_TYPE 0,0;
		PIECE_TIME 0,0;
	PIECE_END;
	PIECE "ibox-m.mds",1;
		PIECE_NAME "ibox-m";
		PIECE_POS -1e-006,0,-4e-006;
		PIECE_ROT 0,0,0;
		PIECE_SCALE 1,1,1;
		PIECE_COL_TYPE 0,0;
		PIECE_TIME 0,0;
	PIECE_END;
	PIECE "ibox-a.mds",1;
		PIECE_NAME "ibox-a";
		PIECE_POS -1e-006,0,-4e-006;
		PIECE_ROT 0,0,0;
		PIECE_SCALE 1,1,1;
		PIECE_COL_TYPE 0,0;
		PIECE_TIME 0,0;
	PIECE_END;
	PIECE "ibox-c.mds",1;
		PIECE_NAME "ibox-c";
		PIECE_POS -1e-006,0,-4e-006;
		PIECE_ROT 0,0,0;
		PIECE_SCALE 1,1,1;
		PIECE_COL_TYPE 0,0;
		PIECE_TIME 0,0;
	PIECE_END;
	PIECE "ibox_futa-a.mds",0;
		PIECE_NAME "ibox_futa-a";
		PIECE_POS -1e-006,0,-4e-006;
		PIECE_ROT 0,0,0;
		PIECE_SCALE 1,1,1;
		PIECE_COL_TYPE 0,0;
		PIECE_TIME 0,0;
	PIECE_END;
	FUNC_POINT 1;
		FUNC_DATA "event",1;
			FUNC_MDS 0;
			FUNC_NAME "ibox_func";
			FUNC_ID "";
			FUNC_FLAG 0, 0, 0,0;
			FUNC_EVENT_DATA "event",0,800,0,0,0,"",1,0,1;
			FUNC_POS 0,0,0, 0,0,0, 30,30,30;
		FUNC_DATA_END;
	FUNC_POINT_END;
PARTS_END;
PARTS "p_door_in2";
	LIGHT_FLAG 0,0;
	MOVE_FLAG 1,1,1,1;
	PIECE "c01i0504-m.mds",1;
		PIECE_NAME "c01i0504-m0";
		PIECE_POS 0,0,0;
		PIECE_ROT 0,0,0;
		PIECE_SCALE 1,1,1;
		PIECE_COL_TYPE 0,0;
		PIECE_TIME 0,0;
	PIECE_END;
	PIECE "c01i0504-a.mds",1;
		PIECE_NAME "c01i0504-a0";
		PIECE_POS 0,0,0;
		PIECE_ROT 0,0,0;
		PIECE_SCALE 1,1,1;
		PIECE_COL_TYPE 0,0;
		PIECE_TIME 0,0;
	PIECE_END;
	PIECE "c01i0504-c.mds",1;
		PIECE_NAME "c01i0504-c0";
		PIECE_POS 0,0,0;
		PIECE_ROT 0,0,0;
		PIECE_SCALE 1,1,1;
		PIECE_COL_TYPE 0,0;
		PIECE_TIME 0,0;
	PIECE_END;
	FUNC_POINT 1;
		FUNC_DATA "event",1;
			FUNC_MDS 0;
			FUNC_NAME "doorin_func";
			FUNC_ID "";
			FUNC_FLAG 0, 0, 0,0;
			FUNC_EVENT_DATA "event",0,250,89,0,1,"",1,0,1;
			FUNC_POS -17,0,0, 0,0,0, 20,20,20;
		FUNC_DATA_END;
	FUNC_POINT_END;
PARTS_END;
PARTS "p_door_in1";
	LIGHT_FLAG 0,0;
	MOVE_FLAG 1,1,1,1;
	PIECE "c01i0503-m.mds",1;
		PIECE_NAME "c01i0503-m0";
		PIECE_POS 0,0,0;
		PIECE_ROT 0,0,0;
		PIECE_SCALE 1,1,1;
		PIECE_COL_TYPE 0,0;
		PIECE_TIME 0,0;
	PIECE_END;
	PIECE "c01i0503-a.mds",1;
		PIECE_NAME "c01i0503-a0";
		PIECE_POS 0,0,0;
		PIECE_ROT 0,0,0;
		PIECE_SCALE 1,1,1;
		PIECE_COL_TYPE 0,0;
		PIECE_TIME 0,0;
	PIECE_END;
	PIECE "c01i0503-c.mds",1;
		PIECE_NAME "c01i0503-c0";
		PIECE_POS 0,0,0;
		PIECE_ROT 0,0,0;
		PIECE_SCALE 1,1,1;
		PIECE_COL_TYPE 0,0;
		PIECE_TIME 0,0;
	PIECE_END;
	FUNC_POINT 1;
		FUNC_DATA "event",1;
			FUNC_MDS 0;
			FUNC_NAME "doorin_func";
			FUNC_ID "";
			FUNC_FLAG 0, 0, 0,0;
			FUNC_EVENT_DATA "event",0,250,89,0,0,"",1,0,1;
			FUNC_POS -15,0,0, 0,0,0, 25,25,25;
		FUNC_DATA_END;
	FUNC_POINT_END;
PARTS_END;

MAP_PARTS "p_door_in1-0",1;
	PARTS_NAME "p_door_in1";
	PARTS_GROUP "";
	PARTS_LIGHT_GROUP "";
	PARTS_POS 760.138,44.9952,549.445;
	PARTS_ROT 0,-1.5708,0;
	PARTS_SCALE 1,1,1;
MAP_PARTS_END;
MAP_PARTS "p_door_in2-0",1;
	PARTS_NAME "p_door_in2";
	PARTS_GROUP "";
	PARTS_LIGHT_GROUP "";
	PARTS_POS 737.383,159.061,77.0259;
	PARTS_ROT 0,0,0;
	PARTS_SCALE 1,1,1;
MAP_PARTS_END;
MAP_PARTS "p_tsubo-0",1;
	PARTS_NAME "p_tsubo";
	PARTS_ID "c01i05-tubo-2";
	PARTS_GROUP "";
	PARTS_LIGHT_GROUP "";
	PARTS_POS 832.889,45.0433,148.671;
	PARTS_ROT 0,0,0;
	PARTS_SCALE 1,1,1;
MAP_PARTS_END;
MAP_PARTS "p_tsubo-1",1;
	PARTS_NAME "p_tsubo";
	PARTS_ID "c01i05-tubo-3";
	PARTS_GROUP "";
	PARTS_LIGHT_GROUP "";
	PARTS_POS 832.886,45.0433,169.125;
	PARTS_ROT 0,0,0;
	PARTS_SCALE 1,1,1;
MAP_PARTS_END;
MAP_PARTS "p_tsubo-2",1;
	PARTS_NAME "p_tsubo";
	PARTS_ID "c01i05-tubo-1";
	PARTS_GROUP "";
	PARTS_LIGHT_GROUP "";
	PARTS_POS 831.469,45.0433,94.5124;
	PARTS_ROT 0,0,0;
	PARTS_SCALE 1,1,1;
MAP_PARTS_END;
MAP_PARTS "p_taru-0",1;
	PARTS_NAME "p_taru";
	PARTS_ID "c01i05-taru-1";
	PARTS_GROUP "";
	PARTS_LIGHT_GROUP "";
	PARTS_POS 619.935,15.2356,-142.87;
	PARTS_ROT 0,0,0;
	PARTS_SCALE 1,1,1;
MAP_PARTS_END;
MAP_PARTS "p_taru-1",1;
	PARTS_NAME "p_taru";
	PARTS_ID "c01i05-taru-2";
	PARTS_GROUP "";
	PARTS_LIGHT_GROUP "";
	PARTS_POS 641.986,14.9867,-147.497;
	PARTS_ROT 0,0,0;
	PARTS_SCALE 1,1,1;
MAP_PARTS_END;
MAP_PARTS "p_ibox-0",1;
	PARTS_NAME "p_ibox";
	PARTS_ID "c01i05-tbox-1";
	PARTS_GROUP "";
	PARTS_LIGHT_GROUP "";
	PARTS_POS 637.346,159.005,198.338;
	PARTS_ROT 0,-3.14159,0;
	PARTS_SCALE 1,1,1;
MAP_PARTS_END;
MAP_PARTS "p_ibox-3",1;
	PARTS_NAME "p_ibox";
	PARTS_ID "c01i05-tbox-4";
	PARTS_GROUP "";
	PARTS_LIGHT_GROUP "";
	PARTS_POS 702.364,159.005,246.28;
	PARTS_ROT 0,-3.14159,0;
	PARTS_SCALE 1,1,1;
MAP_PARTS_END;
MAP_PARTS "p_ibox-2",1;
	PARTS_NAME "p_ibox";
	PARTS_ID "c01i05-tbox-3";
	PARTS_GROUP "";
	PARTS_LIGHT_GROUP "";
	PARTS_POS 653.988,159.005,246.28;
	PARTS_ROT 0,-3.14159,0;
	PARTS_SCALE 1,1,1;
MAP_PARTS_END;
MAP_PARTS "p_ibox-1",1;
	PARTS_NAME "p_ibox";
	PARTS_ID "c01i05-tbox-2";
	PARTS_GROUP "";
	PARTS_LIGHT_GROUP "";
	PARTS_POS 682.099,159.005,198.338;
	PARTS_ROT 0,-3.14159,0;
	PARTS_SCALE 1,1,1;
MAP_PARTS_END;

FUNC_POINT 4;
	FUNC_DATA "event",1;
		FUNC_MDS 0;
		FUNC_NAME "1fde";
		FUNC_ID "";
		FUNC_FLAG 0, 0, 0,0;
		FUNC_EVENT_DATA "event",0,200,6,0,0,"c01",1,0,1;
		FUNC_POS 602.279,15,-48, 0,1.5708,0, 20,20,20;
	FUNC_DATA_END;
	FUNC_DATA "event",1;
		FUNC_MDS 0;
		FUNC_NAME "1fdrh";
		FUNC_ID "";
		FUNC_FLAG 0, 0, 0,0;
		FUNC_EVENT_DATA "event",0,200,9,0,1,"c01i01",1,0,1;
		FUNC_POS 725.372,15,-165.928, 0,0,0, 20,20,20;
	FUNC_DATA_END;
	FUNC_DATA "event",1;
		FUNC_MDS 0;
		FUNC_NAME "2frdl";
		FUNC_ID "";
		FUNC_FLAG 0, 0, 0,0;
		FUNC_EVENT_DATA "event",0,200,13,0,1,"c01i02",1,0,1;
		FUNC_POS 725.372,159,-161.232, 0,0,0, 20,20,20;
	FUNC_DATA_END;
	FUNC_DATA "event",1;
		FUNC_MDS 0;
		FUNC_NAME "2frdf";
		FUNC_ID "";
		FUNC_FLAG 0, 0, 0,0;
		FUNC_EVENT_DATA "event",0,200,7,0,1,"c01",1,0,1;
		FUNC_POS 725.372,159,396, 0,-3.14159,0, 20,20,20;
	FUNC_DATA_END;
FUNC_POINT_END;
