

FUNC_POINT 8;
	FUNC_DATA "event",1;
		FUNC_NAME "tobira-18";
		FUNC_ID "";
		FUNC_FLAG 0, 0, 0,0;
		FUNC_EVENT_DATA "event",0,200,18,0,1,"c03i13",1,0,1;
		FUNC_POS 268.292,519.284,-1198.37, 0,-0.628791,0, 20,20,20;
	FUNC_DATA_END;
	FUNC_DATA "event",1;
		FUNC_NAME "tobira-17";
		FUNC_ID "";
		FUNC_FLAG 0, 0, 0,0;
		FUNC_EVENT_DATA "event",0,200,15,0,1,"c03i13",1,0,1;
		FUNC_POS 265.816,401.376,-1327.62, 0,-2.21879,0, 20,20,20;
	FUNC_DATA_END;
	FUNC_DATA "event",1;
		FUNC_NAME "tobira-16";
		FUNC_ID "";
		FUNC_FLAG 0, 0, 0,0;
		FUNC_EVENT_DATA "event",0,200,16,0,1,"c03i11",1,0,1;
		FUNC_POS -37.6519,519.986,-1434.12, 0,-0.636793,0, 20,20,20;
	FUNC_DATA_END;
	FUNC_DATA "event",1;
		FUNC_NAME "tobira-14";
		FUNC_ID "";
		FUNC_FLAG 0, 0, 0,0;
		FUNC_EVENT_DATA "event",0,200,14,0,1,"c03i13",1,0,1;
		FUNC_POS 126.208,300.09,-1026.83, 0,-0.636793,0, 20,20,20;
	FUNC_DATA_END;
	FUNC_DATA "event",1;
		FUNC_NAME "tobira-13";
		FUNC_ID "";
		FUNC_FLAG 0, 0, 0,0;
		FUNC_EVENT_DATA "event",0,200,13,0,1,"c03i11",1,0,1;
		FUNC_POS -319.287,300.09,-1163.25, 0,-0.636793,0, 20,20,20;
	FUNC_DATA_END;
	FUNC_DATA "event",1;
		FUNC_NAME "tobira-15";
		FUNC_ID "";
		FUNC_FLAG 0, 0, 0,0;
		FUNC_EVENT_DATA "event",0,200,15,0,3,"c03i10",0,0,1;
		FUNC_POS 67.3587,279.023,-1509.76, 0,0.916378,0, 40,20,20;
	FUNC_DATA_END;
	FUNC_DATA "event",1;
		FUNC_NAME "tobira-19";
		FUNC_ID "";
		FUNC_FLAG 0, 0, 0,0;
		FUNC_EVENT_DATA "event",0,200,19,0,3,"c03i11",0,0,1;
		FUNC_POS 52.2683,890.542,-1518.42, 0,1.0064,0, 40,20,20;
	FUNC_DATA_END;
FUNC_POINT_END;
