PARTS "p_door_in";
	LIGHT_FLAG 0,0;
	MOVE_FLAG 1,1,1,1;
	PIECE "doorin-a.mds",1;
		PIECE_NAME "doorin-a";
		PIECE_POS 0,0,0;
		PIECE_ROT 0,0,0;
		PIECE_SCALE 1,1,1;
		PIECE_COL_TYPE 0,0;
		PIECE_TIME 0,0;
	PIECE_END;
	PIECE "doorin-m.mds",1;
		PIECE_NAME "doorin-m";
		PIECE_POS 0,0,0;
		PIECE_ROT 0,0,0;
		PIECE_SCALE 1,1,1;
		PIECE_COL_TYPE 0,0;
		PIECE_TIME 0,0;
	PIECE_END;
	PIECE "doorin-c.mds",1;
		PIECE_NAME "doorin-c";
		PIECE_POS 0,0,0;
		PIECE_ROT 0,0,0;
		PIECE_SCALE 1,1,1;
		PIECE_COL_TYPE 0,0;
		PIECE_TIME 0,0;
	PIECE_END;
	FUNC_POINT 1;
		FUNC_DATA "event",1;
			FUNC_MDS 0;
			FUNC_NAME "doorin_func";
			FUNC_ID "";
			FUNC_FLAG 0, 0, 0,0;
			FUNC_EVENT_DATA "event",0,250,100,0,5,"",1,0,1;
			FUNC_POS -10,0,0, 0,0,0, 30,30,30;
		FUNC_DATA_END;
	FUNC_POINT_END;
PARTS_END;

MAP_PARTS "p_door_in-1",1;	//扉
	PARTS_NAME "p_door_in";
	PARTS_GROUP "";
	PARTS_LIGHT_GROUP "";
	PARTS_POS 623.988,0.134,-493.552;
	PARTS_ROT 0,-1.5708,0;
	PARTS_SCALE 1,1,1;
MAP_PARTS_END;
MAP_PARTS "p_door_in-2",1;	//扉
	PARTS_NAME "p_door_in";
	PARTS_GROUP "";
	PARTS_LIGHT_GROUP "";
	PARTS_POS 623.988,0.134,-266.776;
	PARTS_ROT 0,-1.5708,0;
	PARTS_SCALE 1,1,1;
MAP_PARTS_END;
MAP_PARTS "p_door_in-3",1;	//扉
	PARTS_NAME "p_door_in";
	PARTS_GROUP "";
	PARTS_LIGHT_GROUP "";
	PARTS_POS 623.988,0.134,-40.34;
	PARTS_ROT 0,-1.5708,0;
	PARTS_SCALE 1,1,1;
MAP_PARTS_END;
MAP_PARTS "p_door_in-4",1;	//扉
	PARTS_NAME "p_door_in";
	PARTS_GROUP "";
	PARTS_LIGHT_GROUP "";
	PARTS_POS 623.988,0.134,186.897;
	PARTS_ROT 0,-1.5708,0;
	PARTS_SCALE 1,1,1;
MAP_PARTS_END;
MAP_PARTS "p_door_in-5",1;	//扉
	PARTS_NAME "p_door_in";
	PARTS_GROUP "";
	PARTS_LIGHT_GROUP "";
	PARTS_POS 623.988,0.134,413.441;
	PARTS_ROT 0,-1.5708,0;
	PARTS_SCALE 1,1,1;
MAP_PARTS_END;
MAP_PARTS "p_door_in-6",1;	//扉
	PARTS_NAME "p_door_in";
	PARTS_GROUP "";
	PARTS_LIGHT_GROUP "";
	PARTS_POS 623.988,0.134,640.065;
	PARTS_ROT 0,-1.5708,0;
	PARTS_SCALE 1,1,1;
MAP_PARTS_END;

FUNC_POINT 1;
	FUNC_DATA "event",1;	//B2→B1へのジャンプ機能点(door_no = 2)
		FUNC_NAME "event-1";
		FUNC_ID "";
		FUNC_FLAG 0, 0, 0,0;
		FUNC_EVENT_DATA "event",0,200,2,2,0,"d13i01",0,0,0;
		FUNC_POS -2.0, 0.04, -690.0, 0,0,0, 40,30,30;
	FUNC_DATA_END;
	FUNC_DATA "event",1;	//B2→B3へのジャンプ機能点(door_no = 3)
		FUNC_NAME "event-2";
		FUNC_ID "";
		FUNC_FLAG 0, 0, 0,0;
		FUNC_EVENT_DATA "event",0,200,3,2,0,"d13i03",0,0,0;
		FUNC_POS 0.0, 0.0, 1500.0, 0,0,0, 100,30,30;
	FUNC_DATA_END;
FUNC_POINT_END;
