PARTS "p_tansu1";
	LIGHT_FLAG 0,0;
	MOVE_FLAG 1,1,1,1;
	/* kw []
	PIECE "",1;
		PIECE_NAME "tansu1-a";
		PIECE_POS 0,0,0;
		PIECE_ROT 0,0,0;
		PIECE_SCALE 1,1,1;
		PIECE_COL_TYPE 0,0;
		PIECE_TIME 0,0;
	PIECE_END;
	*/
	PIECE "tansu1-m.mds",1;
		PIECE_NAME "tansu1-m";
		PIECE_POS 0,0,0;
		PIECE_ROT 0,0,0;
		PIECE_SCALE 1,1,1;
		PIECE_COL_TYPE 0,0;
		PIECE_TIME 0,0;
	PIECE_END;
	PIECE "tobira1-m.mds",1;
		PIECE_NAME "tobira1-m-0";
		PIECE_POS 9.7896,12.15,7.9593;
		PIECE_ROT 0,0,0;
		PIECE_SCALE 1,1,1;
		PIECE_COL_TYPE 0,0;
		PIECE_TIME 0,0;
	PIECE_END;
	PIECE "tobira1-m.mds",1;
		PIECE_NAME "tobira1-m-1";
		PIECE_POS -9.78963,12.15,7.95925;
		PIECE_ROT 0,0,0;
		PIECE_SCALE -1,1,1;
		PIECE_COL_TYPE 0,0;
		PIECE_TIME 0,0;
	PIECE_END;
	PIECE "hikidasi-m.mds",1;
		PIECE_NAME "hikidasi-m";
		PIECE_POS 0,6.5,0;
		PIECE_ROT 0,0,0;
		PIECE_SCALE 1,1,1;
		PIECE_COL_TYPE 0,0;
		PIECE_TIME 0,0;
	PIECE_END;
	FUNC_POINT 1;
		FUNC_DATA "event",1;
			FUNC_NAME "tansu1_func";
			FUNC_ID "";
			FUNC_FLAG 0, 0, 0,0;
			FUNC_EVENT_DATA "event",0,801,0,0,0,"",1,0,1;
			FUNC_POS 0,0,5.5, 0,0,0, 20,20,20;
		FUNC_DATA_END;
	FUNC_POINT_END;
PARTS_END;
PARTS "p_tsubo";
	LIGHT_FLAG 0,0;
	MOVE_FLAG 1,1,1,1;
	/* kw []
	PIECE "",1;
		PIECE_NAME "tsubo-c";
		PIECE_POS 0,0,0;
		PIECE_ROT 0,0,0;
		PIECE_SCALE 1,1,1;
		PIECE_COL_TYPE 0,0;
		PIECE_TIME 0,0;
	PIECE_END;
	*/
	PIECE "tsubo-m.mds",1;
		PIECE_NAME "tsubo-m";
		PIECE_POS 0,0,0;
		PIECE_ROT 0,0,0;
		PIECE_SCALE 1,1,1;
		PIECE_COL_TYPE 0,0;
		PIECE_TIME 0,0;
	PIECE_END;
	PIECE "tsubo-a.mds",1;
		PIECE_NAME "tsubo-a";
		PIECE_POS 0,0,0;
		PIECE_ROT 0,0,0;
		PIECE_SCALE 1,1,1;
		PIECE_COL_TYPE 0,0;
		PIECE_TIME 0,0;
	PIECE_END;
	PIECE "tsubo_futa-m.mds",1;
		PIECE_NAME "tsubo_futa-m";
		PIECE_POS 0,16.431,0;
		PIECE_ROT 0,0,0;
		PIECE_SCALE 1,1,1;
		PIECE_COL_TYPE 0,0;
		PIECE_TIME 0,0;
	PIECE_END;
PARTS_END;

MAP_PARTS "p_tansu1",1;
	PARTS_NAME "p_tansu1";
	PARTS_ID "m12i03-tans1-1";
	PARTS_GROUP "";
	PARTS_LIGHT_GROUP "";
	PARTS_POS -168.2,0,78.5;
	PARTS_ROT 0,1.5708,0;
	PARTS_SCALE 1,1,1;
MAP_PARTS_END;
MAP_PARTS "p_tsubo",1;
	PARTS_NAME "p_tsubo";
	PARTS_ID "m12i03-tubo-2";
	PARTS_GROUP "";
	PARTS_LIGHT_GROUP "";
	PARTS_POS -85.4,0,86.3;
	PARTS_ROT 0,0,0;
	PARTS_SCALE 1,1,1;
MAP_PARTS_END;
MAP_PARTS "p_tsubo-1",1;
	PARTS_NAME "p_tsubo";
	PARTS_ID "m12i03-tubo-4";
	PARTS_GROUP "";
	PARTS_LIGHT_GROUP "";
	PARTS_POS 165.5,0,25;
	PARTS_ROT 0,0,0;
	PARTS_SCALE 1,1,1;
MAP_PARTS_END;
MAP_PARTS "p_tsubo-2",1;
	PARTS_NAME "p_tsubo";
	PARTS_ID "m12i03-tubo-1";
	PARTS_GROUP "";
	PARTS_LIGHT_GROUP "";
	PARTS_POS -111,0,86;
	PARTS_ROT 0,0,0;
	PARTS_SCALE 1,1,1;
MAP_PARTS_END;
MAP_PARTS "p_tsubo-3",1;
	PARTS_NAME "p_tsubo";
	PARTS_ID "m12i03-tubo-3";
	PARTS_GROUP "";
	PARTS_LIGHT_GROUP "";
	PARTS_POS -82.3,0,-41.3;
	PARTS_ROT 0,0,0;
	PARTS_SCALE 1,1,1;
MAP_PARTS_END;

FUNC_POINT 1;
	FUNC_DATA "event",1;
		FUNC_NAME "door-0";
		FUNC_ID "";
		FUNC_FLAG 0, 0, 0,0;
		FUNC_EVENT_DATA "event",0,200,5,0,4,"m12",1,0,1;
		FUNC_POS 0,0,181.208, 0,3.14159,0, 30,30,30;
	FUNC_DATA_END;
FUNC_POINT_END;
