PARTS "p_tansu2";
	LIGHT_FLAG 0,0;
	MOVE_FLAG 1,1,1,1;
	PIECE "tansu2-m.mds",1;
		PIECE_NAME "tansu2-m";
		PIECE_POS 0,0,0;
		PIECE_ROT 0,0,0;
		PIECE_SCALE 1,1,1;
		PIECE_COL_TYPE 0,0;
		PIECE_TIME 0,0;
	PIECE_END;
	/* kw [ptl‚ÌmdsƒpƒX‚ª‹ó]
	PIECE "",1;
		PIECE_NAME "tansu2-a";
		PIECE_POS 0,0,0;
		PIECE_ROT 0,0,0;
		PIECE_SCALE 1,1,1;
		PIECE_COL_TYPE 0,0;
		PIECE_TIME 0,0;
	PIECE_END;
	*/
	PIECE "tobira2-m.mds",1;
		PIECE_NAME "tobira2-m-1";
		PIECE_POS -9.9327,20.5093,7.9301;
		PIECE_ROT 0,0,0;
		PIECE_SCALE -1,1,1;
		PIECE_COL_TYPE 0,0;
		PIECE_TIME 0,0;
	PIECE_END;
	PIECE "tobira2-m.mds",1;
		PIECE_NAME "tobira2-m-0";
		PIECE_POS 9.9327,20.5093,7.9301;
		PIECE_ROT 0,0,0;
		PIECE_SCALE 1,1,1;
		PIECE_COL_TYPE 0,0;
		PIECE_TIME 0,0;
	PIECE_END;
	PIECE "hikidasi-m.mds",1;
		PIECE_NAME "hikidasi-m-1";
		PIECE_POS 0,6.50953,0;
		PIECE_ROT 0,0,0;
		PIECE_SCALE 1,1,1;
		PIECE_COL_TYPE 0,0;
		PIECE_TIME 0,0;
	PIECE_END;
	PIECE "hikidasi-m.mds",1;
		PIECE_NAME "hikidasi-m-2";
		PIECE_POS 0,15.7108,0;
		PIECE_ROT 0,0,0;
		PIECE_SCALE 1,1,1;
		PIECE_COL_TYPE 0,0;
		PIECE_TIME 0,0;
	PIECE_END;
	FUNC_POINT 1;
		FUNC_DATA "event",1;
			FUNC_MDS 0;
			FUNC_NAME "tansu2_func";
			FUNC_ID "";
			FUNC_FLAG 0, 0, 0,0;
			FUNC_EVENT_DATA "event",1,802,0,0,0,"",1,0,1;
			FUNC_POS 0,0,5.5, 0,0,0, 20,20,20;
		FUNC_DATA_END;
	FUNC_POINT_END;
PARTS_END;
PARTS "p06_door";
	LIGHT_FLAG 0,0;
	MOVE_FLAG 1,1,1,1;
	PIECE "c02i06_06-m.mds",1;
		PIECE_NAME "c02i06_06-m";
		PIECE_POS 0,0,0;
		PIECE_ROT 0,0,0;
		PIECE_SCALE 1,1,1;
		PIECE_COL_TYPE 0,0;
		PIECE_TIME 0,0;
	PIECE_END;
	PIECE "c02i06_d-a.mds",1;
		PIECE_NAME "c02i06_d-a";
		PIECE_POS 0,0,0;
		PIECE_ROT 0,0,0;
		PIECE_SCALE 1,1,1;
		PIECE_COL_TYPE 0,0;
		PIECE_TIME 0,0;
	PIECE_END;
	PIECE "c02i06_d-c.mds",1;
		PIECE_NAME "c02i06_d-c";
		PIECE_POS 0,0,0;
		PIECE_ROT 0,0,0;
		PIECE_SCALE 1,1,1;
		PIECE_COL_TYPE 0,0;
		PIECE_TIME 0,0;
	PIECE_END;
	FUNC_POINT 1;
		FUNC_DATA "event",1;
			FUNC_MDS 0;
			FUNC_NAME "doorin_func";
			FUNC_ID "";
			FUNC_FLAG 0, 0, 0,0;
			FUNC_EVENT_DATA "event",1,250,140,0,0,"",1,0,1;
			FUNC_POS -15,0,0, 0,0,0, 30,30,30;
		FUNC_DATA_END;
	FUNC_POINT_END;
PARTS_END;

MAP_PARTS "p_tansu2-1",1;
	PARTS_NAME "p_tansu2";
	PARTS_ID "c02i06-tans2-2";
	PARTS_GROUP "";
	PARTS_LIGHT_GROUP "";
	PARTS_POS -226.854,-0.041208,-16.28;
	PARTS_ROT 0,1.5708,0;
	PARTS_SCALE 1,1,1;
MAP_PARTS_END;
MAP_PARTS "p_tansu2-0",1;
	PARTS_NAME "p_tansu2";
	PARTS_ID "c02i06-tans2-1";
	PARTS_GROUP "";
	PARTS_LIGHT_GROUP "";
	PARTS_POS -226.785,-0.041208,15.6709;
	PARTS_ROT 0,1.5708,0;
	PARTS_SCALE 1,1,1;
MAP_PARTS_END;
MAP_PARTS "p06_door-0",1;
	PARTS_NAME "p06_door";
	PARTS_GROUP "";
	PARTS_LIGHT_GROUP "";
	PARTS_POS 155.033,0,33.8586;
	PARTS_ROT 0,-0.253999,0;
	PARTS_SCALE 1,1,1;
MAP_PARTS_END;
MAP_PARTS "p06_door-1",1;
	PARTS_NAME "p06_door";
	PARTS_GROUP "";
	PARTS_LIGHT_GROUP "";
	PARTS_POS -128.517,0,25.3047;
	PARTS_ROT 0,0.244,0;
	PARTS_SCALE 1,1,1;
MAP_PARTS_END;

FUNC_POINT 3;
	FUNC_DATA "event",1;
		FUNC_MDS 1;
		FUNC_NAME "2F";
		FUNC_ID "";
		FUNC_FLAG 0, 0, 0,0;
		FUNC_EVENT_DATA "event",0,200,5,0,0,"c02i08",0,0,1;
		FUNC_POS 0,-21.1112,3.89707, 0,0,0, 30,30,30;
	FUNC_DATA_END;
	FUNC_DATA "event",1;
		FUNC_MDS 1;
		FUNC_NAME "4FR";
		FUNC_ID "";
		FUNC_FLAG 0, 0, 0,0;
		FUNC_EVENT_DATA "event",0,200,6,0,0,"c02i07",0,0,1;
		FUNC_POS 92.4672,24.9831,190.213, 0,-1.21,0, 20,20,20;
	FUNC_DATA_END;
	FUNC_DATA "event",1;
		FUNC_MDS 1;
		FUNC_NAME "4FL";
		FUNC_ID "";
		FUNC_FLAG 0, 0, 0,0;
		FUNC_EVENT_DATA "event",0,200,7,0,0,"c02i07",0,0,1;
		FUNC_POS -93.0778,25.0414,190.335, 0,1.22357,0, 20,20,20;
	FUNC_DATA_END;
FUNC_POINT_END;
