PARTS "p_door_in";
	LIGHT_FLAG 0,0;
	MOVE_FLAG 1,1,1,1;
	PIECE "door_in-m.mds",1;
		PIECE_NAME "door_in-m";
		PIECE_POS 0,0,0;
		PIECE_ROT 0,0,0;
		PIECE_SCALE 1,1,1;
		PIECE_COL_TYPE 0,0;
		PIECE_TIME 0,0;
	PIECE_END;
	PIECE "door_in-c.mds",1;
		PIECE_NAME "door_in-c";
		PIECE_POS 0,0,0;
		PIECE_ROT 0,0,0;
		PIECE_SCALE 1,1,1;
		PIECE_COL_TYPE 0,0;
		PIECE_TIME 0,0;
	PIECE_END;
	PIECE "door_in-a.mds",1;
		PIECE_NAME "door_in-a";
		PIECE_POS 0,0,0;
		PIECE_ROT 0,0,0;
		PIECE_SCALE 1,1,1;
		PIECE_COL_TYPE 0,0;
		PIECE_TIME 0,0;
	PIECE_END;
	FUNC_POINT 1;
		FUNC_DATA "event",1;
			FUNC_NAME "doorin_func";
			FUNC_ID "";
			FUNC_FLAG 0, 0, 0,0;
			FUNC_EVENT_DATA "event",0,250,120,0,1,"",1,0,1;
			FUNC_POS -34.8,-24.8,0, 0,0,0, 30,30,30;
		FUNC_DATA_END;
	FUNC_POINT_END;
PARTS_END;

MAP_PARTS "p_door_in-1",1;
	PARTS_NAME "p_door_in";
	PARTS_GROUP "";
	PARTS_LIGHT_GROUP "";
	PARTS_POS -24.9442,-992.677,17.9639;
	PARTS_ROT 0,-3.141592,0;
	PARTS_SCALE 1,1,1;
MAP_PARTS_END;
MAP_PARTS "p_door_in-0",1;
	PARTS_NAME "p_door_in";
	PARTS_GROUP "";
	PARTS_LIGHT_GROUP "";
	PARTS_POS 25,27.8,-12;
	PARTS_ROT 0,0,0;
	PARTS_SCALE 1,1,1;
MAP_PARTS_END;

FUNC_POINT 3;
	FUNC_DATA "event",1;
		FUNC_NAME "door01";
		FUNC_ID "";
		FUNC_FLAG 0, 0, 0,0;
		FUNC_EVENT_DATA "event",0,200,0,0,6,"s19",1,0,1;
		FUNC_POS 0,0,146, 0,-3.14,0, 30,30,30;
	FUNC_DATA_END;
FUNC_POINT_END;
