PARTS "p51_mamono_yari";
	LIGHT_FLAG 0,0;
	MOVE_FLAG 1,1,1,1;
	PIECE "x03i03_50-a.mds",1;
		PIECE_NAME "x03i03_50-a";
		PIECE_POS 0,0,0;
		PIECE_ROT 0,0,0;
		PIECE_SCALE 1,1,1;
		PIECE_COL_TYPE 0,0;
		PIECE_TIME 0,0;
	PIECE_END;
	PIECE "x03i03_50-c.mds",1;
		PIECE_NAME "x03i03_50-c";
		PIECE_POS 0,0,0;
		PIECE_ROT 0,0,0;
		PIECE_SCALE 1,1,1;
		PIECE_COL_TYPE 0,0;
		PIECE_TIME 0,0;
	PIECE_END;
	PIECE "x03i03_50_r-m.mds",1;
		PIECE_NAME "x03i03_50_r-m";
		PIECE_POS 0,0,0;
		PIECE_ROT 0,0,0;
		PIECE_SCALE 1,1,1;
		PIECE_COL_TYPE 0,0;
		PIECE_TIME 0,0;
	PIECE_END;
	PIECE "x03i03_50_b-m.mds",1;
		PIECE_NAME "x03i03_50_b-m";
		PIECE_POS 0,0,0;
		PIECE_ROT 0,0,0;
		PIECE_SCALE 1,1,1;
		PIECE_COL_TYPE 0,0;
		PIECE_TIME 0,0;
	PIECE_END;
	PIECE "x03i03_50_d-m.mds",1;
		PIECE_NAME "x03i03_50_d-m";
		PIECE_POS 0,0,0;
		PIECE_ROT 0,0,0;
		PIECE_SCALE 1,1,1;
		PIECE_COL_TYPE 0,0;
		PIECE_TIME 0,0;
	PIECE_END;
	PIECE "x03i03_50_r-a.mds",1;
		PIECE_NAME "x03i03_50_r-a";
		PIECE_POS 0,0,0;
		PIECE_ROT 0,0,0;
		PIECE_SCALE 1,1,1;
		PIECE_COL_TYPE 0,0;
		PIECE_TIME 0,0;
	PIECE_END;
	PIECE "x03i03_50_b-a.mds",1;
		PIECE_NAME "x03i03_50_b-a";
		PIECE_POS 0,0,0;
		PIECE_ROT 0,0,0;
		PIECE_SCALE 1,1,1;
		PIECE_COL_TYPE 0,0;
		PIECE_TIME 0,0;
	PIECE_END;
	PIECE "e1101-sekizou_01.chr",1;
		PIECE_NAME "e1101-sekizou_01";
		PIECE_POS 0,92.5,0;
		PIECE_ROT 0,3.14159,0;
		PIECE_SCALE 1,1,1;
		PIECE_COL_TYPE 0,0;
		PIECE_TIME 0,0;
	PIECE_END;
	FUNC_POINT 2;
		FUNC_DATA "event",1;
			FUNC_MDS 0;
			FUNC_NAME "yari_aka";
			FUNC_ID "";
			FUNC_FLAG 0, 0, 0,0;
			FUNC_EVENT_DATA "event",0,1003,0,0,0,"",0,0,1;
			FUNC_POS -27,63,-47, 0,0,0, 9,9,9;
		FUNC_DATA_END;
		FUNC_DATA "event",1;
			FUNC_MDS 0;
			FUNC_NAME "yari_ao";
			FUNC_ID "";
			FUNC_FLAG 0, 0, 0,0;
			FUNC_EVENT_DATA "event",0,1004,0,0,0,"",0,0,1;
			FUNC_POS 27,63,-47, 0,0,0, 9,9,9;
		FUNC_DATA_END;
	FUNC_POINT_END;
PARTS_END;
PARTS "p50_mamono_ken";
	LIGHT_FLAG 0,0;
	MOVE_FLAG 1,1,1,1;
	PIECE "x03i03_50-a.mds",1;
		PIECE_NAME "x03i03_50-a";
		PIECE_POS 0,0,0;
		PIECE_ROT 0,0,0;
		PIECE_SCALE 1,1,1;
		PIECE_COL_TYPE 0,0;
		PIECE_TIME 0,0;
	PIECE_END;
	PIECE "x03i03_50-c.mds",1;
		PIECE_NAME "x03i03_50-c";
		PIECE_POS 0,0,0;
		PIECE_ROT 0,0,0;
		PIECE_SCALE 1,1,1;
		PIECE_COL_TYPE 0,0;
		PIECE_TIME 0,0;
	PIECE_END;
	PIECE "x03i03_50_r-m.mds",1;
		PIECE_NAME "x03i03_50_r-m";
		PIECE_POS 0,0,0;
		PIECE_ROT 0,0,0;
		PIECE_SCALE 1,1,1;
		PIECE_COL_TYPE 0,0;
		PIECE_TIME 0,0;
	PIECE_END;
	PIECE "x03i03_50_b-m.mds",1;
		PIECE_NAME "x03i03_50_b-m";
		PIECE_POS 0,0,0;
		PIECE_ROT 0,0,0;
		PIECE_SCALE 1,1,1;
		PIECE_COL_TYPE 0,0;
		PIECE_TIME 0,0;
	PIECE_END;
	PIECE "x03i03_50_d-m.mds",1;
		PIECE_NAME "x03i03_50_d-m";
		PIECE_POS 0,0,0;
		PIECE_ROT 0,0,0;
		PIECE_SCALE 1,1,1;
		PIECE_COL_TYPE 0,0;
		PIECE_TIME 0,0;
	PIECE_END;
	PIECE "x03i03_50_r-a.mds",1;
		PIECE_NAME "x03i03_50_r-a";
		PIECE_POS 0,0,0;
		PIECE_ROT 0,0,0;
		PIECE_SCALE 1,1,1;
		PIECE_COL_TYPE 0,0;
		PIECE_TIME 0,0;
	PIECE_END;
	PIECE "x03i03_50_b-a.mds",1;
		PIECE_NAME "x03i03_50_b-a";
		PIECE_POS 0,0,0;
		PIECE_ROT 0,0,0;
		PIECE_SCALE 1,1,1;
		PIECE_COL_TYPE 0,0;
		PIECE_TIME 0,0;
	PIECE_END;
	PIECE "e1101-sekizou_02.chr",1;
		PIECE_NAME "e1101-sekizou_02";
		PIECE_POS 0,92.5,0;
		PIECE_ROT 0,3.14159,0;
		PIECE_SCALE 1,1,1;
		PIECE_COL_TYPE 0,0;
		PIECE_TIME 0,0;
	PIECE_END;
	FUNC_POINT 2;
		FUNC_DATA "event",1;
			FUNC_MDS 0;
			FUNC_NAME "ken_aka";
			FUNC_ID "";
			FUNC_FLAG 0, 0, 0,0;
			FUNC_EVENT_DATA "event",0,1001,0,0,0,"",0,0,1;
			FUNC_POS -27,63,-47, 0,0,0, 9,9,9;
		FUNC_DATA_END;
		FUNC_DATA "event",1;
			FUNC_MDS 0;
			FUNC_NAME "ken_ao";
			FUNC_ID "";
			FUNC_FLAG 0, 0, 0,0;
			FUNC_EVENT_DATA "event",0,1002,0,0,0,"",0,0,1;
			FUNC_POS 27,63,-47, 0,0,0, 9,9,9;
		FUNC_DATA_END;
	FUNC_POINT_END;
PARTS_END;

MAP_PARTS "p50_mamono_ken",1;
	PARTS_NAME "p50_mamono_ken";
	PARTS_GROUP "";
	PARTS_LIGHT_GROUP "";
	PARTS_POS -160,0,0;
	PARTS_ROT 0,3.14159,0;
	PARTS_SCALE 1,1,1;
MAP_PARTS_END;
MAP_PARTS "p51_mamono_yari",1;
	PARTS_NAME "p51_mamono_yari";
	PARTS_GROUP "";
	PARTS_LIGHT_GROUP "";
	PARTS_POS 160,0,0;
	PARTS_ROT 0,3.14159,0;
	PARTS_SCALE 1,1,1;
MAP_PARTS_END;

FUNC_POINT 2;
	FUNC_DATA "event",1;
		FUNC_MDS 1;
		FUNC_NAME "B2";
		FUNC_ID "";
		FUNC_FLAG 0, 0, 0,0;
		FUNC_EVENT_DATA "event",0,200,3,0,0,"x03i02",0,0,1;
		FUNC_POS -1,22.7618,560.5, 0,-3.14159,0, 70,30,30;
	FUNC_DATA_END;
	FUNC_DATA "event",1;
		FUNC_MDS 1;
		FUNC_NAME "B4";
		FUNC_ID "";
		FUNC_FLAG 0, 0, 0,0;
		FUNC_EVENT_DATA "event",0,200,4,0,1,"x03i04",1,0,1;
		FUNC_POS 640,-160,-1040, 0,-1.5708,0, 30,30,30;
	FUNC_DATA_END;
FUNC_POINT_END;
