PARTS "p_door_in";
	LIGHT_FLAG 0,0;
	MOVE_FLAG 1,1,1,1;
	PIECE "door_in-m.mds",1;
		PIECE_NAME "door_in-m";
		PIECE_POS 0,0,0;
		PIECE_ROT 0,0,0;
		PIECE_SCALE 1,1,1;
		PIECE_COL_TYPE 0,0;
		PIECE_TIME 0,0;
	PIECE_END;
	PIECE "door_in-a.mds",1;
		PIECE_NAME "door_in-a";
		PIECE_POS 0,0,0;
		PIECE_ROT 0,0,0;
		PIECE_SCALE 1,1,1;
		PIECE_COL_TYPE 0,0;
		PIECE_TIME 0,0;
	PIECE_END;
	PIECE "door_in-c.mds",1;
		PIECE_NAME "door_in-c";
		PIECE_POS 0,0,0;
		PIECE_ROT 0,0,0;
		PIECE_SCALE 1,1,1;
		PIECE_COL_TYPE 0,0;
		PIECE_TIME 0,0;
	PIECE_END;
	FUNC_POINT 1;
		FUNC_DATA "event",1;
			FUNC_MDS 0;
			FUNC_NAME "doorin_func";
			FUNC_ID "";
			FUNC_FLAG 0, 0, 0,0;
			FUNC_EVENT_DATA "event",0,250,150,0,0,"",1,0,1;
			FUNC_POS -15,0,0, 0,0,0, 30,30,30;
		FUNC_DATA_END;
	FUNC_POINT_END;
PARTS_END;
PARTS "p_tsubo";
	LIGHT_FLAG 0,0;
	MOVE_FLAG 1,1,1,1;
	/* kw []
	PIECE "",1;
		PIECE_NAME "tsubo-c";
		PIECE_POS 0,0,0;
		PIECE_ROT 0,0,0;
		PIECE_SCALE 1,1,1;
		PIECE_COL_TYPE 0,0;
		PIECE_TIME 0,0;
	PIECE_END;
	*/
	PIECE "tsubo-m.mds",1;
		PIECE_NAME "tsubo-m";
		PIECE_POS 0,0,0;
		PIECE_ROT 0,0,0;
		PIECE_SCALE 1,1,1;
		PIECE_COL_TYPE 0,0;
		PIECE_TIME 0,0;
	PIECE_END;
	PIECE "tsubo-a.mds",1;
		PIECE_NAME "tsubo-a";
		PIECE_POS 0,0,0;
		PIECE_ROT 0,0,0;
		PIECE_SCALE 1,1,1;
		PIECE_COL_TYPE 0,0;
		PIECE_TIME 0,0;
	PIECE_END;
	PIECE "tsubo_futa-m.mds",1;
		PIECE_NAME "tsubo_futa-m";
		PIECE_POS 0,16.431,0;
		PIECE_ROT 0,0,0;
		PIECE_SCALE 1,1,1;
		PIECE_COL_TYPE 0,0;
		PIECE_TIME 0,0;
	PIECE_END;
PARTS_END;
PARTS "p_taru";
	LIGHT_FLAG 0,0;
	MOVE_FLAG 1,1,1,1;
	PIECE "taru-m.mds",1;
		PIECE_NAME "taru-m";
		PIECE_POS 0,0,0;
		PIECE_ROT 0,0,0;
		PIECE_SCALE 1,1,1;
		PIECE_COL_TYPE 0,0;
		PIECE_TIME 0,0;
	PIECE_END;
	PIECE "taru-a.mds",1;
		PIECE_NAME "taru-a";
		PIECE_POS 0,0,0;
		PIECE_ROT 0,0,0;
		PIECE_SCALE 1,1,1;
		PIECE_COL_TYPE 0,0;
		PIECE_TIME 0,0;
	PIECE_END;
PARTS_END;
PARTS "p_bookshelf";
	LIGHT_FLAG 0,0;
	MOVE_FLAG 1,1,1,1;
	PIECE "book-m.mds",1;
		PIECE_NAME "book-m";
		PIECE_POS 0,0,0;
		PIECE_ROT 0,0,0;
		PIECE_SCALE 1,1,1;
		PIECE_COL_TYPE 0,0;
		PIECE_TIME 0,0;
	PIECE_END;
	FUNC_POINT 1;
		FUNC_DATA "event",1;
			FUNC_MDS 0;
			FUNC_NAME "book_func";
			FUNC_ID "";
			FUNC_FLAG 0, 0, 0,0;
			FUNC_EVENT_DATA "event",0,803,0,0,0,"",1,0,1;
			FUNC_POS 0,0,0, 0,0,0, 25,25,25;
		FUNC_DATA_END;
	FUNC_POINT_END;
PARTS_END;
PARTS "p_tansu1";
	LIGHT_FLAG 0,0;
	MOVE_FLAG 1,1,1,1;
	/* kw []
	PIECE "",1;
		PIECE_NAME "tansu1-a";
		PIECE_POS 0,0,0;
		PIECE_ROT 0,0,0;
		PIECE_SCALE 1,1,1;
		PIECE_COL_TYPE 0,0;
		PIECE_TIME 0,0;
	PIECE_END;
	*/
	PIECE "tansu1-m.mds",1;
		PIECE_NAME "tansu1-m";
		PIECE_POS 0,0,0;
		PIECE_ROT 0,0,0;
		PIECE_SCALE 1,1,1;
		PIECE_COL_TYPE 0,0;
		PIECE_TIME 0,0;
	PIECE_END;
	PIECE "tobira1-m.mds",1;
		PIECE_NAME "tobira1-m-0";
		PIECE_POS 9.7896,12.15,7.9593;
		PIECE_ROT 0,0,0;
		PIECE_SCALE 1,1,1;
		PIECE_COL_TYPE 0,0;
		PIECE_TIME 0,0;
	PIECE_END;
	PIECE "tobira1-m.mds",1;
		PIECE_NAME "tobira1-m-1";
		PIECE_POS -9.78963,12.15,7.95925;
		PIECE_ROT 0,0,0;
		PIECE_SCALE -1,1,1;
		PIECE_COL_TYPE 0,0;
		PIECE_TIME 0,0;
	PIECE_END;
	PIECE "hikidasi-m.mds",1;
		PIECE_NAME "hikidasi-m";
		PIECE_POS 0,6.5,0;
		PIECE_ROT 0,0,0;
		PIECE_SCALE 1,1,1;
		PIECE_COL_TYPE 0,0;
		PIECE_TIME 0,0;
	PIECE_END;
	FUNC_POINT 1;
		FUNC_DATA "event",1;
			FUNC_MDS 0;
			FUNC_NAME "tansu1_func";
			FUNC_ID "";
			FUNC_FLAG 0, 0, 0,0;
			FUNC_EVENT_DATA "event",0,801,0,0,0,"",1,0,1;
			FUNC_POS 0,0,5.5, 0,0,0, 20,20,20;
		FUNC_DATA_END;
	FUNC_POINT_END;
PARTS_END;

MAP_PARTS "p_door_in",1;
	PARTS_NAME "p_door_in";
	PARTS_GROUP "";
	PARTS_LIGHT_GROUP "";
	PARTS_POS -29.5141,0,41.4004;
	PARTS_ROT 0,1.5708,0;
	PARTS_SCALE 1,1,1;
MAP_PARTS_END;
MAP_PARTS "p_taru",1;
	PARTS_NAME "p_taru";
	PARTS_ID "m08i01-taru-1";
	PARTS_GROUP "";
	PARTS_LIGHT_GROUP "";
	PARTS_POS 19.5,0,-154.8;
	PARTS_ROT 0,0,0;
	PARTS_SCALE 1,1,1;
MAP_PARTS_END;
MAP_PARTS "p_tsubo",1;
	PARTS_NAME "p_tsubo";
	PARTS_ID "m08i01-tubo-2";
	PARTS_GROUP "";
	PARTS_LIGHT_GROUP "";
	PARTS_POS -110.8,0,23.2;
	PARTS_ROT 0,0,0;
	PARTS_SCALE 1,1,1;
MAP_PARTS_END;
MAP_PARTS "p_tsubo-1",1;
	PARTS_NAME "p_tsubo";
	PARTS_ID "m08i01-tubo-1";
	PARTS_GROUP "";
	PARTS_LIGHT_GROUP "";
	PARTS_POS -110.6,0,3.4;
	PARTS_ROT 0,0,0;
	PARTS_SCALE 1,1,1;
MAP_PARTS_END;
MAP_PARTS "p_taru-1",1;
	PARTS_NAME "p_taru";
	PARTS_ID "m08i01-taru-2";
	PARTS_GROUP "";
	PARTS_LIGHT_GROUP "";
	PARTS_POS -109.8,0,-16.5;
	PARTS_ROT 0,0,0;
	PARTS_SCALE 1,1,1;
MAP_PARTS_END;
MAP_PARTS "p_bookshelf",1;
	PARTS_NAME "p_bookshelf";
	PARTS_ID "m08i01-book-1";
	PARTS_GROUP "";
	PARTS_LIGHT_GROUP "";
	PARTS_POS 19.7,0,-2.1;
	PARTS_ROT 0,0,0;
	PARTS_SCALE 1,1,1;
MAP_PARTS_END;
MAP_PARTS "p_bookshelf-1",1;
	PARTS_NAME "p_bookshelf";
	PARTS_ID "m08i01-book-2";
	PARTS_GROUP "";
	PARTS_LIGHT_GROUP "";
	PARTS_POS 89.3,0,-28;
	PARTS_ROT 0,3.14159,0;
	PARTS_SCALE 1,1,1;
MAP_PARTS_END;
MAP_PARTS "p_tansu1",1;
	PARTS_NAME "p_tansu1";
	PARTS_ID "m08i01-tans1-2";
	PARTS_GROUP "";
	PARTS_LIGHT_GROUP "";
	PARTS_POS 53.8,0,-30.5;
	PARTS_ROT 0,-3.14159,0;
	PARTS_SCALE 1,1,1;
MAP_PARTS_END;
MAP_PARTS "p_tansu1-1",1;
	PARTS_NAME "p_tansu1";
	PARTS_ID "m08i01-tans1-3";
	PARTS_GROUP "";
	PARTS_LIGHT_GROUP "";
	PARTS_POS -20.6,0,172.4;
	PARTS_ROT 0,-3.14159,0;
	PARTS_SCALE 1,1,1;
MAP_PARTS_END;
MAP_PARTS "p_tansu1-2",1;
	PARTS_NAME "p_tansu1";
	PARTS_ID "m08i01-tans1-1";
	PARTS_GROUP "";
	PARTS_LIGHT_GROUP "";
	PARTS_POS 19.4,0,-30.5;
	PARTS_ROT 0,-3.14159,0;
	PARTS_SCALE 1,1,1;
MAP_PARTS_END;

FUNC_POINT 1;
	FUNC_DATA "event",1;
		FUNC_MDS 1;
		FUNC_NAME "door-0";
		FUNC_ID "";
		FUNC_FLAG 0, 0, 0,0;
		FUNC_EVENT_DATA "event",0,200,14,0,0,"exit",1,0,1;
		FUNC_POS -116.78,0,119.282, 0,1.5708,0, 15,15,15;
	FUNC_DATA_END;
FUNC_POINT_END;
