PARTS "p_tsubo";
	LIGHT_FLAG 0,0;
	MOVE_FLAG 1,1,1,1;
	PIECE "tsubo-m.mds",1;
		PIECE_NAME "tsubo-m";
		PIECE_POS 0,0,0;
		PIECE_ROT 0,0,0;
		PIECE_SCALE 1,1,1;
		PIECE_COL_TYPE 0,0;
		PIECE_TIME 0,0;
	PIECE_END;
	PIECE "tsubo-a.mds",1;
		PIECE_NAME "tsubo-a";
		PIECE_POS 0,0,0;
		PIECE_ROT 0,0,0;
		PIECE_SCALE 1,1,1;
		PIECE_COL_TYPE 0,0;
		PIECE_TIME 0,0;
	PIECE_END;
PARTS_END;
PARTS "p_kibako";
	LIGHT_FLAG 0,0;
	MOVE_FLAG 1,1,1,1;
	PIECE "kibako-m.mds",1;
		PIECE_NAME "kibako-m";
		PIECE_POS 0,0,0;
		PIECE_ROT 0,0,0;
		PIECE_SCALE 1,1,1;
		PIECE_COL_TYPE 0,0;
		PIECE_TIME 0,0;
	PIECE_END;
	PIECE "kibako-a.mds",1;
		PIECE_NAME "kibako-a";
		PIECE_POS 0,0,0;
		PIECE_ROT 0,0,0;
		PIECE_SCALE 1,1,1;
		PIECE_COL_TYPE 0,0;
		PIECE_TIME 0,0;
	PIECE_END;
PARTS_END;

MAP_PARTS "p_kibako-2",1;
	PARTS_NAME "p_kibako";
	PARTS_ID "m02-hako-3";
	PARTS_GROUP "";
	PARTS_LIGHT_GROUP "";
	PARTS_POS 11.4446,20,-66.3789;
	PARTS_ROT 0,0,0;
	PARTS_SCALE 1,1,1;
MAP_PARTS_END;
MAP_PARTS "p_kibako-1",1;
	PARTS_NAME "p_kibako";
	PARTS_ID "m02-hako-2";
	PARTS_GROUP "";
	PARTS_LIGHT_GROUP "";
	PARTS_POS 11.4446,20,-81.028;
	PARTS_ROT 0,0,0;
	PARTS_SCALE 1,1,1;
MAP_PARTS_END;
MAP_PARTS "p_kibako-0",1;
	PARTS_NAME "p_kibako";
	PARTS_ID "m02-hako-1";
	PARTS_GROUP "";
	PARTS_LIGHT_GROUP "";
	PARTS_POS 11.4446,20,-95.2194;
	PARTS_ROT 0,0,0;
	PARTS_SCALE 1,1,1;
MAP_PARTS_END;
MAP_PARTS "p_tsubo-1",1;
	PARTS_NAME "p_tsubo";
	PARTS_ID "m02-tubo-2";
	PARTS_GROUP "";
	PARTS_LIGHT_GROUP "";
	PARTS_POS 695.535,-20,76.3807;
	PARTS_ROT 0,1.5708,0;
	PARTS_SCALE 1,1,1;
MAP_PARTS_END;
MAP_PARTS "p_tsubo-0",1;
	PARTS_NAME "p_tsubo";
	PARTS_ID "m02-tubo-1";
	PARTS_GROUP "";
	PARTS_LIGHT_GROUP "";
	PARTS_POS 695.535,-20,60.0227;
	PARTS_ROT 0,1.5708,0;
	PARTS_SCALE 1,1,1;
MAP_PARTS_END;
MAP_PARTS "p_kibako-4",1;
	PARTS_NAME "p_kibako";
	PARTS_ID "m02-hako-5";
	PARTS_GROUP "";
	PARTS_LIGHT_GROUP "";
	PARTS_POS -308.591,0,230.006;
	PARTS_ROT 0,0,0;
	PARTS_SCALE 1,1,1;
MAP_PARTS_END;
MAP_PARTS "p_kibako-3",1;
	PARTS_NAME "p_kibako";
	PARTS_ID "m02-hako-4";
	PARTS_GROUP "";
	PARTS_LIGHT_GROUP "";
	PARTS_POS -323.451,0,230.006;
	PARTS_ROT 0,0,0;
	PARTS_SCALE 1,1,1;
MAP_PARTS_END;
//	PARTS_NAME "p01_m02a02";
//	PARTS_GROUP "";
//	PARTS_LIGHT_GROUP "";
//	PARTS_POS 0,0,0;
//	PARTS_ROT 0,0,0;
//	PARTS_SCALE 1,1,1;

//	PARTS_NAME "p01_m02a02";
//	PARTS_GROUP "";
//	PARTS_LIGHT_GROUP "";
//	PARTS_POS 0,0,0;
//	PARTS_ROT 0,0,0;
//	PARTS_SCALE 1,1,1;
FUNC_POINT 14;
	FUNC_DATA "event",1;
		FUNC_MDS 1;
		FUNC_NAME "door1";
		FUNC_ID "";
		FUNC_FLAG 0, 0, 0,0;
		FUNC_EVENT_DATA "event",0,200,1,0,0,"m02i02",1,0,1;
		FUNC_POS -117.872,3,631.635, 0,3.14159,0, 20,20,20;
	FUNC_DATA_END;
	FUNC_DATA "event",1;
		FUNC_MDS 1;
		FUNC_NAME "door2";
		FUNC_ID "";
		FUNC_FLAG 0, 0, 0,0;
		FUNC_EVENT_DATA "event",0,200,1,0,1,"m02i03",1,0,1;
		FUNC_POS 122.992,20,15.0266, 0,0,0, 20,20,20;
	FUNC_DATA_END;
	FUNC_DATA "event",1;
		FUNC_MDS 1;
		FUNC_NAME "door3";
		FUNC_ID "";
		FUNC_FLAG 0, 0, 0,0;
		FUNC_EVENT_DATA "event",0,200,1,7,0,"m02i01",1,0,1;
		FUNC_POS 715.275,-5,287.4, 0,-1.5708,0, 20,20,20;
	FUNC_DATA_END;
	FUNC_DATA "event",1;
		FUNC_MDS 1;
		FUNC_NAME "door4";
		FUNC_ID "";
		FUNC_FLAG 0, 0, 0,0;
		FUNC_EVENT_DATA "event",0,200,1,0,0,"m02i04",1,0,1;
		FUNC_POS 822.541,-5,-44.604, 0,3.14159,0, 20,20,20;
	FUNC_DATA_END;
	FUNC_DATA "event",1;
		FUNC_MDS 1;
		FUNC_NAME "door5";
		FUNC_ID "";
		FUNC_FLAG 0, 0, 0,0;
		FUNC_EVENT_DATA "event",0,200,1,4,0,"m02i05",1,0,1;
		FUNC_POS 600.961,155,-1139.13, 0,0,0, 20,20,20;
	FUNC_DATA_END;
	FUNC_DATA "event",1;
		FUNC_MDS 1;
		FUNC_NAME "door6";
		FUNC_ID "";
		FUNC_FLAG 0, 0, 0,0;
		FUNC_EVENT_DATA "event",0,200,1,0,3,"w01a01",0,0,1;
		FUNC_POS -402.148,0,730, 0,3.14159,0, 60,60,30;
	FUNC_DATA_END;
	FUNC_DATA "event",1;
		FUNC_MDS 1;
		FUNC_NAME "door8-rng";
		FUNC_ID "";
		FUNC_FLAG 0, 0, 0,0;
		FUNC_EVENT_DATA "event",0,200,1,2,0,"m02i06",1,0,1;
		FUNC_POS -146.156,0,20.0316, 0,0,0, 20,20,20;
	FUNC_DATA_END;
	FUNC_DATA "event",1;
		FUNC_MDS 1;
		FUNC_NAME "door7-rng";
		FUNC_ID "";
		FUNC_FLAG 0, 0, 0,0;
		FUNC_EVENT_DATA "event",0,200,1,2,0,"m02i06",1,0,1;
		FUNC_POS -151.68,0,54.469, 0,0,0, 20,20,20;
	FUNC_DATA_END;
	FUNC_DATA "pos",1;
		FUNC_MDS 0;
		FUNC_NAME "tree001";
		FUNC_ID "";
		FUNC_FLAG 0, 0, 0,0;
		FUNC_POS -458,0,252, 0,0,0, 0,0,0;
	FUNC_DATA_END;
FUNC_POINT_END;
